16:24:43 **** Build of configuration Debug for project code ****
make -j4 all 
arm-none-eabi-gcc "../Drivers/STM32L4xx_HAL_Driver/Src/stm32l4xx_hal.c" -mcpu=cortex-m4 -std=gnu11 -g3 -DUSE_HAL_DRIVER -DSTM32L476xx -DDEBUG -c -I../Core/Inc -I../Drivers/STM32L4xx_HAL_Driver/Inc -I../Drivers/STM32L4xx_HAL_Driver/Inc/Legacy -I../Drivers/CMSIS/Device/ST/STM32L4xx/Include -I../Drivers/CMSIS/Include -I../fonts -O0 -ffunction-sections -fdata-sections -Wall -fstack-usage -MMD -MP -MF"Drivers/STM32L4xx_HAL_Driver/Src/stm32l4xx_hal.d" -MT"Drivers/STM32L4xx_HAL_Driver/Src/stm32l4xx_hal.o" --specs=nano.specs -mfpu=fpv4-sp-d16 -mfloat-abi=hard -mthumb -o "Drivers/STM32L4xx_HAL_Driver/Src/stm32l4xx_hal.o"
arm-none-eabi-gcc "../Drivers/STM32L4xx_HAL_Driver/Src/stm32l4xx_hal_adc.c" -mcpu=cortex-m4 -std=gnu11 -g3 -DUSE_HAL_DRIVER -DSTM32L476xx -DDEBUG -c -I../Core/Inc -I../Drivers/STM32L4xx_HAL_Driver/Inc -I../Drivers/STM32L4xx_HAL_Driver/Inc/Legacy -I../Drivers/CMSIS/Device/ST/STM32L4xx/Include -I../Drivers/CMSIS/Include -I../fonts -O0 -ffunction-sections -fdata-sections -Wall -fstack-usage -MMD -MP -MF"Drivers/STM32L4xx_HAL_Driver/Src/stm32l4xx_hal_adc.d" -MT"Drivers/STM32L4xx_HAL_Driver/Src/stm32l4xx_hal_adc.o" --specs=nano.specs -mfpu=fpv4-sp-d16 -mfloat-abi=hard -mthumb -o "Drivers/STM32L4xx_HAL_Driver/Src/stm32l4xx_hal_adc.o"
arm-none-eabi-gcc "../Drivers/STM32L4xx_HAL_Driver/Src/stm32l4xx_hal_adc_ex.c" -mcpu=cortex-m4 -std=gnu11 -g3 -DUSE_HAL_DRIVER -DSTM32L476xx -DDEBUG -c -I../Core/Inc -I../Drivers/STM32L4xx_HAL_Driver/Inc -I../Drivers/STM32L4xx_HAL_Driver/Inc/Legacy -I../Drivers/CMSIS/Device/ST/STM32L4xx/Include -I../Drivers/CMSIS/Include -I../fonts -O0 -ffunction-sections -fdata-sections -Wall -fstack-usage -MMD -MP -MF"Drivers/STM32L4xx_HAL_Driver/Src/stm32l4xx_hal_adc_ex.d" -MT"Drivers/STM32L4xx_HAL_Driver/Src/stm32l4xx_hal_adc_ex.o" --specs=nano.specs -mfpu=fpv4-sp-d16 -mfloat-abi=hard -mthumb -o "Drivers/STM32L4xx_HAL_Driver/Src/stm32l4xx_hal_adc_ex.o"
arm-none-eabi-gcc "../Drivers/STM32L4xx_HAL_Driver/Src/stm32l4xx_hal_comp.c" -mcpu=cortex-m4 -std=gnu11 -g3 -DUSE_HAL_DRIVER -DSTM32L476xx -DDEBUG -c -I../Core/Inc -I../Drivers/STM32L4xx_HAL_Driver/Inc -I../Drivers/STM32L4xx_HAL_Driver/Inc/Legacy -I../Drivers/CMSIS/Device/ST/STM32L4xx/Include -I../Drivers/CMSIS/Include -I../fonts -O0 -ffunction-sections -fdata-sections -Wall -fstack-usage -MMD -MP -MF"Drivers/STM32L4xx_HAL_Driver/Src/stm32l4xx_hal_comp.d" -MT"Drivers/STM32L4xx_HAL_Driver/Src/stm32l4xx_hal_comp.o" --specs=nano.specs -mfpu=fpv4-sp-d16 -mfloat-abi=hard -mthumb -o "Drivers/STM32L4xx_HAL_Driver/Src/stm32l4xx_hal_comp.o"
arm-none-eabi-gcc "../Drivers/STM32L4xx_HAL_Driver/Src/stm32l4xx_hal_cortex.c" -mcpu=cortex-m4 -std=gnu11 -g3 -DUSE_HAL_DRIVER -DSTM32L476xx -DDEBUG -c -I../Core/Inc -I../Drivers/STM32L4xx_HAL_Driver/Inc -I../Drivers/STM32L4xx_HAL_Driver/Inc/Legacy -I../Drivers/CMSIS/Device/ST/STM32L4xx/Include -I../Drivers/CMSIS/Include -I../fonts -O0 -ffunction-sections -fdata-sections -Wall -fstack-usage -MMD -MP -MF"Drivers/STM32L4xx_HAL_Driver/Src/stm32l4xx_hal_cortex.d" -MT"Drivers/STM32L4xx_HAL_Driver/Src/stm32l4xx_hal_cortex.o" --specs=nano.specs -mfpu=fpv4-sp-d16 -mfloat-abi=hard -mthumb -o "Drivers/STM32L4xx_HAL_Driver/Src/stm32l4xx_hal_cortex.o"
arm-none-eabi-gcc "../Drivers/STM32L4xx_HAL_Driver/Src/stm32l4xx_hal_dac.c" -mcpu=cortex-m4 -std=gnu11 -g3 -DUSE_HAL_DRIVER -DSTM32L476xx -DDEBUG -c -I../Core/Inc -I../Drivers/STM32L4xx_HAL_Driver/Inc -I../Drivers/STM32L4xx_HAL_Driver/Inc/Legacy -I../Drivers/CMSIS/Device/ST/STM32L4xx/Include -I../Drivers/CMSIS/Include -I../fonts -O0 -ffunction-sections -fdata-sections -Wall -fstack-usage -MMD -MP -MF"Drivers/STM32L4xx_HAL_Driver/Src/stm32l4xx_hal_dac.d" -MT"Drivers/STM32L4xx_HAL_Driver/Src/stm32l4xx_hal_dac.o" --specs=nano.specs -mfpu=fpv4-sp-d16 -mfloat-abi=hard -mthumb -o "Drivers/STM32L4xx_HAL_Driver/Src/stm32l4xx_hal_dac.o"
arm-none-eabi-gcc "../Drivers/STM32L4xx_HAL_Driver/Src/stm32l4xx_hal_dac_ex.c" -mcpu=cortex-m4 -std=gnu11 -g3 -DUSE_HAL_DRIVER -DSTM32L476xx -DDEBUG -c -I../Core/Inc -I../Drivers/STM32L4xx_HAL_Driver/Inc -I../Drivers/STM32L4xx_HAL_Driver/Inc/Legacy -I../Drivers/CMSIS/Device/ST/STM32L4xx/Include -I../Drivers/CMSIS/Include -I../fonts -O0 -ffunction-sections -fdata-sections -Wall -fstack-usage -MMD -MP -MF"Drivers/STM32L4xx_HAL_Driver/Src/stm32l4xx_hal_dac_ex.d" -MT"Drivers/STM32L4xx_HAL_Driver/Src/stm32l4xx_hal_dac_ex.o" --specs=nano.specs -mfpu=fpv4-sp-d16 -mfloat-abi=hard -mthumb -o "Drivers/STM32L4xx_HAL_Driver/Src/stm32l4xx_hal_dac_ex.o"
arm-none-eabi-gcc "../Drivers/STM32L4xx_HAL_Driver/Src/stm32l4xx_hal_dma.c" -mcpu=cortex-m4 -std=gnu11 -g3 -DUSE_HAL_DRIVER -DSTM32L476xx -DDEBUG -c -I../Core/Inc -I../Drivers/STM32L4xx_HAL_Driver/Inc -I../Drivers/STM32L4xx_HAL_Driver/Inc/Legacy -I../Drivers/CMSIS/Device/ST/STM32L4xx/Include -I../Drivers/CMSIS/Include -I../fonts -O0 -ffunction-sections -fdata-sections -Wall -fstack-usage -MMD -MP -MF"Drivers/STM32L4xx_HAL_Driver/Src/stm32l4xx_hal_dma.d" -MT"Drivers/STM32L4xx_HAL_Driver/Src/stm32l4xx_hal_dma.o" --specs=nano.specs -mfpu=fpv4-sp-d16 -mfloat-abi=hard -mthumb -o "Drivers/STM32L4xx_HAL_Driver/Src/stm32l4xx_hal_dma.o"
arm-none-eabi-gcc "../Drivers/STM32L4xx_HAL_Driver/Src/stm32l4xx_hal_dma_ex.c" -mcpu=cortex-m4 -std=gnu11 -g3 -DUSE_HAL_DRIVER -DSTM32L476xx -DDEBUG -c -I../Core/Inc -I../Drivers/STM32L4xx_HAL_Driver/Inc -I../Drivers/STM32L4xx_HAL_Driver/Inc/Legacy -I../Drivers/CMSIS/Device/ST/STM32L4xx/Include -I../Drivers/CMSIS/Include -I../fonts -O0 -ffunction-sections -fdata-sections -Wall -fstack-usage -MMD -MP -MF"Drivers/STM32L4xx_HAL_Driver/Src/stm32l4xx_hal_dma_ex.d" -MT"Drivers/STM32L4xx_HAL_Driver/Src/stm32l4xx_hal_dma_ex.o" --specs=nano.specs -mfpu=fpv4-sp-d16 -mfloat-abi=hard -mthumb -o "Drivers/STM32L4xx_HAL_Driver/Src/stm32l4xx_hal_dma_ex.o"
arm-none-eabi-gcc "../Drivers/STM32L4xx_HAL_Driver/Src/stm32l4xx_hal_exti.c" -mcpu=cortex-m4 -std=gnu11 -g3 -DUSE_HAL_DRIVER -DSTM32L476xx -DDEBUG -c -I../Core/Inc -I../Drivers/STM32L4xx_HAL_Driver/Inc -I../Drivers/STM32L4xx_HAL_Driver/Inc/Legacy -I../Drivers/CMSIS/Device/ST/STM32L4xx/Include -I../Drivers/CMSIS/Include -I../fonts -O0 -ffunction-sections -fdata-sections -Wall -fstack-usage -MMD -MP -MF"Drivers/STM32L4xx_HAL_Driver/Src/stm32l4xx_hal_exti.d" -MT"Drivers/STM32L4xx_HAL_Driver/Src/stm32l4xx_hal_exti.o" --specs=nano.specs -mfpu=fpv4-sp-d16 -mfloat-abi=hard -mthumb -o "Drivers/STM32L4xx_HAL_Driver/Src/stm32l4xx_hal_exti.o"
arm-none-eabi-gcc "../Drivers/STM32L4xx_HAL_Driver/Src/stm32l4xx_hal_flash.c" -mcpu=cortex-m4 -std=gnu11 -g3 -DUSE_HAL_DRIVER -DSTM32L476xx -DDEBUG -c -I../Core/Inc -I../Drivers/STM32L4xx_HAL_Driver/Inc -I../Drivers/STM32L4xx_HAL_Driver/Inc/Legacy -I../Drivers/CMSIS/Device/ST/STM32L4xx/Include -I../Drivers/CMSIS/Include -I../fonts -O0 -ffunction-sections -fdata-sections -Wall -fstack-usage -MMD -MP -MF"Drivers/STM32L4xx_HAL_Driver/Src/stm32l4xx_hal_flash.d" -MT"Drivers/STM32L4xx_HAL_Driver/Src/stm32l4xx_hal_flash.o" --specs=nano.specs -mfpu=fpv4-sp-d16 -mfloat-abi=hard -mthumb -o "Drivers/STM32L4xx_HAL_Driver/Src/stm32l4xx_hal_flash.o"
arm-none-eabi-gcc "../Drivers/STM32L4xx_HAL_Driver/Src/stm32l4xx_hal_flash_ex.c" -mcpu=cortex-m4 -std=gnu11 -g3 -DUSE_HAL_DRIVER -DSTM32L476xx -DDEBUG -c -I../Core/Inc -I../Drivers/STM32L4xx_HAL_Driver/Inc -I../Drivers/STM32L4xx_HAL_Driver/Inc/Legacy -I../Drivers/CMSIS/Device/ST/STM32L4xx/Include -I../Drivers/CMSIS/Include -I../fonts -O0 -ffunction-sections -fdata-sections -Wall -fstack-usage -MMD -MP -MF"Drivers/STM32L4xx_HAL_Driver/Src/stm32l4xx_hal_flash_ex.d" -MT"Drivers/STM32L4xx_HAL_Driver/Src/stm32l4xx_hal_flash_ex.o" --specs=nano.specs -mfpu=fpv4-sp-d16 -mfloat-abi=hard -mthumb -o "Drivers/STM32L4xx_HAL_Driver/Src/stm32l4xx_hal_flash_ex.o"
arm-none-eabi-gcc "../Drivers/STM32L4xx_HAL_Driver/Src/stm32l4xx_hal_flash_ramfunc.c" -mcpu=cortex-m4 -std=gnu11 -g3 -DUSE_HAL_DRIVER -DSTM32L476xx -DDEBUG -c -I../Core/Inc -I../Drivers/STM32L4xx_HAL_Driver/Inc -I../Drivers/STM32L4xx_HAL_Driver/Inc/Legacy -I../Drivers/CMSIS/Device/ST/STM32L4xx/Include -I../Drivers/CMSIS/Include -I../fonts -O0 -ffunction-sections -fdata-sections -Wall -fstack-usage -MMD -MP -MF"Drivers/STM32L4xx_HAL_Driver/Src/stm32l4xx_hal_flash_ramfunc.d" -MT"Drivers/STM32L4xx_HAL_Driver/Src/stm32l4xx_hal_flash_ramfunc.o" --specs=nano.specs -mfpu=fpv4-sp-d16 -mfloat-abi=hard -mthumb -o "Drivers/STM32L4xx_HAL_Driver/Src/stm32l4xx_hal_flash_ramfunc.o"
arm-none-eabi-gcc "../Drivers/STM32L4xx_HAL_Driver/Src/stm32l4xx_hal_gpio.c" -mcpu=cortex-m4 -std=gnu11 -g3 -DUSE_HAL_DRIVER -DSTM32L476xx -DDEBUG -c -I../Core/Inc -I../Drivers/STM32L4xx_HAL_Driver/Inc -I../Drivers/STM32L4xx_HAL_Driver/Inc/Legacy -I../Drivers/CMSIS/Device/ST/STM32L4xx/Include -I../Drivers/CMSIS/Include -I../fonts -O0 -ffunction-sections -fdata-sections -Wall -fstack-usage -MMD -MP -MF"Drivers/STM32L4xx_HAL_Driver/Src/stm32l4xx_hal_gpio.d" -MT"Drivers/STM32L4xx_HAL_Driver/Src/stm32l4xx_hal_gpio.o" --specs=nano.specs -mfpu=fpv4-sp-d16 -mfloat-abi=hard -mthumb -o "Drivers/STM32L4xx_HAL_Driver/Src/stm32l4xx_hal_gpio.o"
arm-none-eabi-gcc "../Drivers/STM32L4xx_HAL_Driver/Src/stm32l4xx_hal_i2c.c" -mcpu=cortex-m4 -std=gnu11 -g3 -DUSE_HAL_DRIVER -DSTM32L476xx -DDEBUG -c -I../Core/Inc -I../Drivers/STM32L4xx_HAL_Driver/Inc -I../Drivers/STM32L4xx_HAL_Driver/Inc/Legacy -I../Drivers/CMSIS/Device/ST/STM32L4xx/Include -I../Drivers/CMSIS/Include -I../fonts -O0 -ffunction-sections -fdata-sections -Wall -fstack-usage -MMD -MP -MF"Drivers/STM32L4xx_HAL_Driver/Src/stm32l4xx_hal_i2c.d" -MT"Drivers/STM32L4xx_HAL_Driver/Src/stm32l4xx_hal_i2c.o" --specs=nano.specs -mfpu=fpv4-sp-d16 -mfloat-abi=hard -mthumb -o "Drivers/STM32L4xx_HAL_Driver/Src/stm32l4xx_hal_i2c.o"
arm-none-eabi-gcc "../Drivers/STM32L4xx_HAL_Driver/Src/stm32l4xx_hal_i2c_ex.c" -mcpu=cortex-m4 -std=gnu11 -g3 -DUSE_HAL_DRIVER -DSTM32L476xx -DDEBUG -c -I../Core/Inc -I../Drivers/STM32L4xx_HAL_Driver/Inc -I../Drivers/STM32L4xx_HAL_Driver/Inc/Legacy -I../Drivers/CMSIS/Device/ST/STM32L4xx/Include -I../Drivers/CMSIS/Include -I../fonts -O0 -ffunction-sections -fdata-sections -Wall -fstack-usage -MMD -MP -MF"Drivers/STM32L4xx_HAL_Driver/Src/stm32l4xx_hal_i2c_ex.d" -MT"Drivers/STM32L4xx_HAL_Driver/Src/stm32l4xx_hal_i2c_ex.o" --specs=nano.specs -mfpu=fpv4-sp-d16 -mfloat-abi=hard -mthumb -o "Drivers/STM32L4xx_HAL_Driver/Src/stm32l4xx_hal_i2c_ex.o"
arm-none-eabi-gcc "../Drivers/STM32L4xx_HAL_Driver/Src/stm32l4xx_hal_pwr.c" -mcpu=cortex-m4 -std=gnu11 -g3 -DUSE_HAL_DRIVER -DSTM32L476xx -DDEBUG -c -I../Core/Inc -I../Drivers/STM32L4xx_HAL_Driver/Inc -I../Drivers/STM32L4xx_HAL_Driver/Inc/Legacy -I../Drivers/CMSIS/Device/ST/STM32L4xx/Include -I../Drivers/CMSIS/Include -I../fonts -O0 -ffunction-sections -fdata-sections -Wall -fstack-usage -MMD -MP -MF"Drivers/STM32L4xx_HAL_Driver/Src/stm32l4xx_hal_pwr.d" -MT"Drivers/STM32L4xx_HAL_Driver/Src/stm32l4xx_hal_pwr.o" --specs=nano.specs -mfpu=fpv4-sp-d16 -mfloat-abi=hard -mthumb -o "Drivers/STM32L4xx_HAL_Driver/Src/stm32l4xx_hal_pwr.o"
arm-none-eabi-gcc "../Drivers/STM32L4xx_HAL_Driver/Src/stm32l4xx_hal_pwr_ex.c" -mcpu=cortex-m4 -std=gnu11 -g3 -DUSE_HAL_DRIVER -DSTM32L476xx -DDEBUG -c -I../Core/Inc -I../Drivers/STM32L4xx_HAL_Driver/Inc -I../Drivers/STM32L4xx_HAL_Driver/Inc/Legacy -I../Drivers/CMSIS/Device/ST/STM32L4xx/Include -I../Drivers/CMSIS/Include -I../fonts -O0 -ffunction-sections -fdata-sections -Wall -fstack-usage -MMD -MP -MF"Drivers/STM32L4xx_HAL_Driver/Src/stm32l4xx_hal_pwr_ex.d" -MT"Drivers/STM32L4xx_HAL_Driver/Src/stm32l4xx_hal_pwr_ex.o" --specs=nano.specs -mfpu=fpv4-sp-d16 -mfloat-abi=hard -mthumb -o "Drivers/STM32L4xx_HAL_Driver/Src/stm32l4xx_hal_pwr_ex.o"
arm-none-eabi-gcc "../Drivers/STM32L4xx_HAL_Driver/Src/stm32l4xx_hal_rcc.c" -mcpu=cortex-m4 -std=gnu11 -g3 -DUSE_HAL_DRIVER -DSTM32L476xx -DDEBUG -c -I../Core/Inc -I../Drivers/STM32L4xx_HAL_Driver/Inc -I../Drivers/STM32L4xx_HAL_Driver/Inc/Legacy -I../Drivers/CMSIS/Device/ST/STM32L4xx/Include -I../Drivers/CMSIS/Include -I../fonts -O0 -ffunction-sections -fdata-sections -Wall -fstack-usage -MMD -MP -MF"Drivers/STM32L4xx_HAL_Driver/Src/stm32l4xx_hal_rcc.d" -MT"Drivers/STM32L4xx_HAL_Driver/Src/stm32l4xx_hal_rcc.o" --specs=nano.specs -mfpu=fpv4-sp-d16 -mfloat-abi=hard -mthumb -o "Drivers/STM32L4xx_HAL_Driver/Src/stm32l4xx_hal_rcc.o"
arm-none-eabi-gcc "../Drivers/STM32L4xx_HAL_Driver/Src/stm32l4xx_hal_rcc_ex.c" -mcpu=cortex-m4 -std=gnu11 -g3 -DUSE_HAL_DRIVER -DSTM32L476xx -DDEBUG -c -I../Core/Inc -I../Drivers/STM32L4xx_HAL_Driver/Inc -I../Drivers/STM32L4xx_HAL_Driver/Inc/Legacy -I../Drivers/CMSIS/Device/ST/STM32L4xx/Include -I../Drivers/CMSIS/Include -I../fonts -O0 -ffunction-sections -fdata-sections -Wall -fstack-usage -MMD -MP -MF"Drivers/STM32L4xx_HAL_Driver/Src/stm32l4xx_hal_rcc_ex.d" -MT"Drivers/STM32L4xx_HAL_Driver/Src/stm32l4xx_hal_rcc_ex.o" --specs=nano.specs -mfpu=fpv4-sp-d16 -mfloat-abi=hard -mthumb -o "Drivers/STM32L4xx_HAL_Driver/Src/stm32l4xx_hal_rcc_ex.o"
arm-none-eabi-gcc "../Drivers/STM32L4xx_HAL_Driver/Src/stm32l4xx_hal_spi.c" -mcpu=cortex-m4 -std=gnu11 -g3 -DUSE_HAL_DRIVER -DSTM32L476xx -DDEBUG -c -I../Core/Inc -I../Drivers/STM32L4xx_HAL_Driver/Inc -I../Drivers/STM32L4xx_HAL_Driver/Inc/Legacy -I../Drivers/CMSIS/Device/ST/STM32L4xx/Include -I../Drivers/CMSIS/Include -I../fonts -O0 -ffunction-sections -fdata-sections -Wall -fstack-usage -MMD -MP -MF"Drivers/STM32L4xx_HAL_Driver/Src/stm32l4xx_hal_spi.d" -MT"Drivers/STM32L4xx_HAL_Driver/Src/stm32l4xx_hal_spi.o" --specs=nano.specs -mfpu=fpv4-sp-d16 -mfloat-abi=hard -mthumb -o "Drivers/STM32L4xx_HAL_Driver/Src/stm32l4xx_hal_spi.o"
arm-none-eabi-gcc "../Drivers/STM32L4xx_HAL_Driver/Src/stm32l4xx_hal_spi_ex.c" -mcpu=cortex-m4 -std=gnu11 -g3 -DUSE_HAL_DRIVER -DSTM32L476xx -DDEBUG -c -I../Core/Inc -I../Drivers/STM32L4xx_HAL_Driver/Inc -I../Drivers/STM32L4xx_HAL_Driver/Inc/Legacy -I../Drivers/CMSIS/Device/ST/STM32L4xx/Include -I../Drivers/CMSIS/Include -I../fonts -O0 -ffunction-sections -fdata-sections -Wall -fstack-usage -MMD -MP -MF"Drivers/STM32L4xx_HAL_Driver/Src/stm32l4xx_hal_spi_ex.d" -MT"Drivers/STM32L4xx_HAL_Driver/Src/stm32l4xx_hal_spi_ex.o" --specs=nano.specs -mfpu=fpv4-sp-d16 -mfloat-abi=hard -mthumb -o "Drivers/STM32L4xx_HAL_Driver/Src/stm32l4xx_hal_spi_ex.o"
arm-none-eabi-gcc "../Drivers/STM32L4xx_HAL_Driver/Src/stm32l4xx_hal_tim.c" -mcpu=cortex-m4 -std=gnu11 -g3 -DUSE_HAL_DRIVER -DSTM32L476xx -DDEBUG -c -I../Core/Inc -I../Drivers/STM32L4xx_HAL_Driver/Inc -I../Drivers/STM32L4xx_HAL_Driver/Inc/Legacy -I../Drivers/CMSIS/Device/ST/STM32L4xx/Include -I../Drivers/CMSIS/Include -I../fonts -O0 -ffunction-sections -fdata-sections -Wall -fstack-usage -MMD -MP -MF"Drivers/STM32L4xx_HAL_Driver/Src/stm32l4xx_hal_tim.d" -MT"Drivers/STM32L4xx_HAL_Driver/Src/stm32l4xx_hal_tim.o" --specs=nano.specs -mfpu=fpv4-sp-d16 -mfloat-abi=hard -mthumb -o "Drivers/STM32L4xx_HAL_Driver/Src/stm32l4xx_hal_tim.o"
arm-none-eabi-gcc "../Drivers/STM32L4xx_HAL_Driver/Src/stm32l4xx_hal_tim_ex.c" -mcpu=cortex-m4 -std=gnu11 -g3 -DUSE_HAL_DRIVER -DSTM32L476xx -DDEBUG -c -I../Core/Inc -I../Drivers/STM32L4xx_HAL_Driver/Inc -I../Drivers/STM32L4xx_HAL_Driver/Inc/Legacy -I../Drivers/CMSIS/Device/ST/STM32L4xx/Include -I../Drivers/CMSIS/Include -I../fonts -O0 -ffunction-sections -fdata-sections -Wall -fstack-usage -MMD -MP -MF"Drivers/STM32L4xx_HAL_Driver/Src/stm32l4xx_hal_tim_ex.d" -MT"Drivers/STM32L4xx_HAL_Driver/Src/stm32l4xx_hal_tim_ex.o" --specs=nano.specs -mfpu=fpv4-sp-d16 -mfloat-abi=hard -mthumb -o "Drivers/STM32L4xx_HAL_Driver/Src/stm32l4xx_hal_tim_ex.o"
arm-none-eabi-gcc "../Drivers/STM32L4xx_HAL_Driver/Src/stm32l4xx_hal_uart.c" -mcpu=cortex-m4 -std=gnu11 -g3 -DUSE_HAL_DRIVER -DSTM32L476xx -DDEBUG -c -I../Core/Inc -I../Drivers/STM32L4xx_HAL_Driver/Inc -I../Drivers/STM32L4xx_HAL_Driver/Inc/Legacy -I../Drivers/CMSIS/Device/ST/STM32L4xx/Include -I../Drivers/CMSIS/Include -I../fonts -O0 -ffunction-sections -fdata-sections -Wall -fstack-usage -MMD -MP -MF"Drivers/STM32L4xx_HAL_Driver/Src/stm32l4xx_hal_uart.d" -MT"Drivers/STM32L4xx_HAL_Driver/Src/stm32l4xx_hal_uart.o" --specs=nano.specs -mfpu=fpv4-sp-d16 -mfloat-abi=hard -mthumb -o "Drivers/STM32L4xx_HAL_Driver/Src/stm32l4xx_hal_uart.o"
arm-none-eabi-gcc "../Drivers/STM32L4xx_HAL_Driver/Src/stm32l4xx_hal_uart_ex.c" -mcpu=cortex-m4 -std=gnu11 -g3 -DUSE_HAL_DRIVER -DSTM32L476xx -DDEBUG -c -I../Core/Inc -I../Drivers/STM32L4xx_HAL_Driver/Inc -I../Drivers/STM32L4xx_HAL_Driver/Inc/Legacy -I../Drivers/CMSIS/Device/ST/STM32L4xx/Include -I../Drivers/CMSIS/Include -I../fonts -O0 -ffunction-sections -fdata-sections -Wall -fstack-usage -MMD -MP -MF"Drivers/STM32L4xx_HAL_Driver/Src/stm32l4xx_hal_uart_ex.d" -MT"Drivers/STM32L4xx_HAL_Driver/Src/stm32l4xx_hal_uart_ex.o" --specs=nano.specs -mfpu=fpv4-sp-d16 -mfloat-abi=hard -mthumb -o "Drivers/STM32L4xx_HAL_Driver/Src/stm32l4xx_hal_uart_ex.o"
arm-none-eabi-gcc -mcpu=cortex-m4 -g3 -c -x assembler-with-cpp -MMD -MP -MF"Core/Startup/startup_stm32l476rgtx.d" -MT"Core/Startup/startup_stm32l476rgtx.o" --specs=nano.specs -mfpu=fpv4-sp-d16 -mfloat-abi=hard -mthumb -o "Core/Startup/startup_stm32l476rgtx.o" "../Core/Startup/startup_stm32l476rgtx.s"
arm-none-eabi-gcc "../Core/Src/ILI9488.c" -mcpu=cortex-m4 -std=gnu11 -g3 -DUSE_HAL_DRIVER -DSTM32L476xx -DDEBUG -c -I../Core/Inc -I../Drivers/STM32L4xx_HAL_Driver/Inc -I../Drivers/STM32L4xx_HAL_Driver/Inc/Legacy -I../Drivers/CMSIS/Device/ST/STM32L4xx/Include -I../Drivers/CMSIS/Include -I../fonts -O0 -ffunction-sections -fdata-sections -Wall -fstack-usage -MMD -MP -MF"Core/Src/ILI9488.d" -MT"Core/Src/ILI9488.o" --specs=nano.specs -mfpu=fpv4-sp-d16 -mfloat-abi=hard -mthumb -o "Core/Src/ILI9488.o"
arm-none-eabi-gcc "../Core/Src/adc.c" -mcpu=cortex-m4 -std=gnu11 -g3 -DUSE_HAL_DRIVER -DSTM32L476xx -DDEBUG -c -I../Core/Inc -I../Drivers/STM32L4xx_HAL_Driver/Inc -I../Drivers/STM32L4xx_HAL_Driver/Inc/Legacy -I../Drivers/CMSIS/Device/ST/STM32L4xx/Include -I../Drivers/CMSIS/Include -I../fonts -O0 -ffunction-sections -fdata-sections -Wall -fstack-usage -MMD -MP -MF"Core/Src/adc.d" -MT"Core/Src/adc.o" --specs=nano.specs -mfpu=fpv4-sp-d16 -mfloat-abi=hard -mthumb -o "Core/Src/adc.o"
arm-none-eabi-gcc "../Core/Src/appTouchCalib.c" -mcpu=cortex-m4 -std=gnu11 -g3 -DUSE_HAL_DRIVER -DSTM32L476xx -DDEBUG -c -I../Core/Inc -I../Drivers/STM32L4xx_HAL_Driver/Inc -I../Drivers/STM32L4xx_HAL_Driver/Inc/Legacy -I../Drivers/CMSIS/Device/ST/STM32L4xx/Include -I../Drivers/CMSIS/Include -I../fonts -O0 -ffunction-sections -fdata-sections -Wall -fstack-usage -MMD -MP -MF"Core/Src/appTouchCalib.d" -MT"Core/Src/appTouchCalib.o" --specs=nano.specs -mfpu=fpv4-sp-d16 -mfloat-abi=hard -mthumb -o "Core/Src/appTouchCalib.o"
arm-none-eabi-gcc "../Core/Src/comp.c" -mcpu=cortex-m4 -std=gnu11 -g3 -DUSE_HAL_DRIVER -DSTM32L476xx -DDEBUG -c -I../Core/Inc -I../Drivers/STM32L4xx_HAL_Driver/Inc -I../Drivers/STM32L4xx_HAL_Driver/Inc/Legacy -I../Drivers/CMSIS/Device/ST/STM32L4xx/Include -I../Drivers/CMSIS/Include -I../fonts -O0 -ffunction-sections -fdata-sections -Wall -fstack-usage -MMD -MP -MF"Core/Src/comp.d" -MT"Core/Src/comp.o" --specs=nano.specs -mfpu=fpv4-sp-d16 -mfloat-abi=hard -mthumb -o "Core/Src/comp.o"
arm-none-eabi-gcc "../Core/Src/cursors.c" -mcpu=cortex-m4 -std=gnu11 -g3 -DUSE_HAL_DRIVER -DSTM32L476xx -DDEBUG -c -I../Core/Inc -I../Drivers/STM32L4xx_HAL_Driver/Inc -I../Drivers/STM32L4xx_HAL_Driver/Inc/Legacy -I../Drivers/CMSIS/Device/ST/STM32L4xx/Include -I../Drivers/CMSIS/Include -I../fonts -O0 -ffunction-sections -fdata-sections -Wall -fstack-usage -MMD -MP -MF"Core/Src/cursors.d" -MT"Core/Src/cursors.o" --specs=nano.specs -mfpu=fpv4-sp-d16 -mfloat-abi=hard -mthumb -o "Core/Src/cursors.o"
arm-none-eabi-gcc "../Core/Src/dac.c" -mcpu=cortex-m4 -std=gnu11 -g3 -DUSE_HAL_DRIVER -DSTM32L476xx -DDEBUG -c -I../Core/Inc -I../Drivers/STM32L4xx_HAL_Driver/Inc -I../Drivers/STM32L4xx_HAL_Driver/Inc/Legacy -I../Drivers/CMSIS/Device/ST/STM32L4xx/Include -I../Drivers/CMSIS/Include -I../fonts -O0 -ffunction-sections -fdata-sections -Wall -fstack-usage -MMD -MP -MF"Core/Src/dac.d" -MT"Core/Src/dac.o" --specs=nano.specs -mfpu=fpv4-sp-d16 -mfloat-abi=hard -mthumb -o "Core/Src/dac.o"
arm-none-eabi-gcc "../Core/Src/dma.c" -mcpu=cortex-m4 -std=gnu11 -g3 -DUSE_HAL_DRIVER -DSTM32L476xx -DDEBUG -c -I../Core/Inc -I../Drivers/STM32L4xx_HAL_Driver/Inc -I../Drivers/STM32L4xx_HAL_Driver/Inc/Legacy -I../Drivers/CMSIS/Device/ST/STM32L4xx/Include -I../Drivers/CMSIS/Include -I../fonts -O0 -ffunction-sections -fdata-sections -Wall -fstack-usage -MMD -MP -MF"Core/Src/dma.d" -MT"Core/Src/dma.o" --specs=nano.specs -mfpu=fpv4-sp-d16 -mfloat-abi=hard -mthumb -o "Core/Src/dma.o"
arm-none-eabi-gcc "../Core/Src/gpio.c" -mcpu=cortex-m4 -std=gnu11 -g3 -DUSE_HAL_DRIVER -DSTM32L476xx -DDEBUG -c -I../Core/Inc -I../Drivers/STM32L4xx_HAL_Driver/Inc -I../Drivers/STM32L4xx_HAL_Driver/Inc/Legacy -I../Drivers/CMSIS/Device/ST/STM32L4xx/Include -I../Drivers/CMSIS/Include -I../fonts -O0 -ffunction-sections -fdata-sections -Wall -fstack-usage -MMD -MP -MF"Core/Src/gpio.d" -MT"Core/Src/gpio.o" --specs=nano.specs -mfpu=fpv4-sp-d16 -mfloat-abi=hard -mthumb -o "Core/Src/gpio.o"
arm-none-eabi-gcc "../Core/Src/main.c" -mcpu=cortex-m4 -std=gnu11 -g3 -DUSE_HAL_DRIVER -DSTM32L476xx -DDEBUG -c -I../Core/Inc -I../Drivers/STM32L4xx_HAL_Driver/Inc -I../Drivers/STM32L4xx_HAL_Driver/Inc/Legacy -I../Drivers/CMSIS/Device/ST/STM32L4xx/Include -I../Drivers/CMSIS/Include -I../fonts -O0 -ffunction-sections -fdata-sections -Wall -fstack-usage -MMD -MP -MF"Core/Src/main.d" -MT"Core/Src/main.o" --specs=nano.specs -mfpu=fpv4-sp-d16 -mfloat-abi=hard -mthumb -o "Core/Src/main.o"
arm-none-eabi-gcc "../Core/Src/oscilloscope.c" -mcpu=cortex-m4 -std=gnu11 -g3 -DUSE_HAL_DRIVER -DSTM32L476xx -DDEBUG -c -I../Core/Inc -I../Drivers/STM32L4xx_HAL_Driver/Inc -I../Drivers/STM32L4xx_HAL_Driver/Inc/Legacy -I../Drivers/CMSIS/Device/ST/STM32L4xx/Include -I../Drivers/CMSIS/Include -I../fonts -O0 -ffunction-sections -fdata-sections -Wall -fstack-usage -MMD -MP -MF"Core/Src/oscilloscope.d" -MT"Core/Src/oscilloscope.o" --specs=nano.specs -mfpu=fpv4-sp-d16 -mfloat-abi=hard -mthumb -o "Core/Src/oscilloscope.o"
arm-none-eabi-gcc "../Core/Src/spi.c" -mcpu=cortex-m4 -std=gnu11 -g3 -DUSE_HAL_DRIVER -DSTM32L476xx -DDEBUG -c -I../Core/Inc -I../Drivers/STM32L4xx_HAL_Driver/Inc -I../Drivers/STM32L4xx_HAL_Driver/Inc/Legacy -I../Drivers/CMSIS/Device/ST/STM32L4xx/Include -I../Drivers/CMSIS/Include -I../fonts -O0 -ffunction-sections -fdata-sections -Wall -fstack-usage -MMD -MP -MF"Core/Src/spi.d" -MT"Core/Src/spi.o" --specs=nano.specs -mfpu=fpv4-sp-d16 -mfloat-abi=hard -mthumb -o "Core/Src/spi.o"
arm-none-eabi-gcc "../Core/Src/sprites.c" -mcpu=cortex-m4 -std=gnu11 -g3 -DUSE_HAL_DRIVER -DSTM32L476xx -DDEBUG -c -I../Core/Inc -I../Drivers/STM32L4xx_HAL_Driver/Inc -I../Drivers/STM32L4xx_HAL_Driver/Inc/Legacy -I../Drivers/CMSIS/Device/ST/STM32L4xx/Include -I../Drivers/CMSIS/Include -I../fonts -O0 -ffunction-sections -fdata-sections -Wall -fstack-usage -MMD -MP -MF"Core/Src/sprites.d" -MT"Core/Src/sprites.o" --specs=nano.specs -mfpu=fpv4-sp-d16 -mfloat-abi=hard -mthumb -o "Core/Src/sprites.o"
../Core/Src/oscilloscope.c: In function 'displayHorizontallOffset':
../Core/Src/oscilloscope.c:221:46: warning: passing argument 5 of 'drawImageTransparentColored' from incompatible pointer type [-Wincompatible-pointer-types]
  drawImageTransparentColored(358, 11, 15, 7, arrowLeftRight, WHITE);
                                              ^~~~~~~~~~~~~~
In file included from ../Core/Inc/oscilloscope.h:16:0,
                 from ../Core/Src/oscilloscope.c:9:
../Core/Inc/ili9488.h:165:6: note: expected 'const uint8_t * {aka const unsigned char *}' but argument is of type 'const uint8_t (*)[15] {aka const unsigned char (*)[15]}'
 void drawImageTransparentColored(uint16_t x, uint16_t y, uint16_t w, uint16_t h, const uint8_t* img, uint8_t color);
      ^~~~~~~~~~~~~~~~~~~~~~~~~~~
../Core/Src/oscilloscope.c: In function 'serveTouchScreen':
../Core/Src/oscilloscope.c:368:12: warning: suggest parentheses around assignment used as truth value [-Wparentheses]
   }else if(osc->fft_active_channel = FFT_Channel_2){
            ^~~
../Core/Src/oscilloscope.c:322:2: warning: enumeration value 'SelectionTIME_BASE' not handled in switch [-Wswitch]
  switch(osc->selection){
  ^~~~~~
../Core/Src/oscilloscope.c:322:2: warning: enumeration value 'SelectionMOVE_WAVEFORMS_HORIZONTALLY' not handled in switch [-Wswitch]
../Core/Src/oscilloscope.c:322:2: warning: enumeration value 'SelectedRUN_STOP' not handled in switch [-Wswitch]
../Core/Src/oscilloscope.c: In function 'serveEncoder':
../Core/Src/oscilloscope.c:464:2: warning: enumeration value 'SelectionMAIN_MENU' not handled in switch [-Wswitch]
  switch(osc->selection){
  ^~~~~~
../Core/Src/oscilloscope.c:464:2: warning: enumeration value 'SelectionCURSORS_CHANGE_CHANNEL' not handled in switch [-Wswitch]
../Core/Src/oscilloscope.c:464:2: warning: enumeration value 'SelectionFFT' not handled in switch [-Wswitch]
../Core/Src/oscilloscope.c:464:2: warning: enumeration value 'SelectionFFT_CHANGE_CHANNEL' not handled in switch [-Wswitch]
../Core/Src/oscilloscope.c:464:2: warning: enumeration value 'SelectedRUN_STOP' not handled in switch [-Wswitch]
../Core/Src/oscilloscope.c: In function 'drawMenu':
../Core/Src/oscilloscope.c:555:47: warning: passing argument 5 of 'drawImageTransparentColored' from incompatible pointer type [-Wincompatible-pointer-types]
  drawImageTransparentColored(447, 81,  8, 15, arrowUpDown, color1);
                                               ^~~~~~~~~~~
In file included from ../Core/Inc/oscilloscope.h:16:0,
                 from ../Core/Src/oscilloscope.c:9:
../Core/Inc/ili9488.h:165:6: note: expected 'const uint8_t * {aka const unsigned char *}' but argument is of type 'const uint8_t (*)[8] {aka const unsigned char (*)[8]}'
 void drawImageTransparentColored(uint16_t x, uint16_t y, uint16_t w, uint16_t h, const uint8_t* img, uint8_t color);
      ^~~~~~~~~~~~~~~~~~~~~~~~~~~
../Core/Src/oscilloscope.c:559:48: warning: passing argument 5 of 'drawImageTransparentColored' from incompatible pointer type [-Wincompatible-pointer-types]
  drawImageTransparentColored(447, 142,  8, 15, arrowUpDown, color2);
                                                ^~~~~~~~~~~
In file included from ../Core/Inc/oscilloscope.h:16:0,
                 from ../Core/Src/oscilloscope.c:9:
../Core/Inc/ili9488.h:165:6: note: expected 'const uint8_t * {aka const unsigned char *}' but argument is of type 'const uint8_t (*)[8] {aka const unsigned char (*)[8]}'
 void drawImageTransparentColored(uint16_t x, uint16_t y, uint16_t w, uint16_t h, const uint8_t* img, uint8_t color);
      ^~~~~~~~~~~~~~~~~~~~~~~~~~~
../Core/Src/oscilloscope.c: In function 'drawCursorsMenu':
../Core/Src/oscilloscope.c:625:49: warning: passing argument 5 of 'drawImageTransparentColored' from incompatible pointer type [-Wincompatible-pointer-types]
    drawImageTransparentColored(443, 127, 15, 7, arrowLeftRight, GREY);
                                                 ^~~~~~~~~~~~~~
In file included from ../Core/Inc/oscilloscope.h:16:0,
                 from ../Core/Src/oscilloscope.c:9:
../Core/Inc/ili9488.h:165:6: note: expected 'const uint8_t * {aka const unsigned char *}' but argument is of type 'const uint8_t (*)[15] {aka const unsigned char (*)[15]}'
 void drawImageTransparentColored(uint16_t x, uint16_t y, uint16_t w, uint16_t h, const uint8_t* img, uint8_t color);
      ^~~~~~~~~~~~~~~~~~~~~~~~~~~
../Core/Src/oscilloscope.c:626:49: warning: passing argument 5 of 'drawImageTransparentColored' from incompatible pointer type [-Wincompatible-pointer-types]
    drawImageTransparentColored(447, 166, 8, 15, arrowUpDown, GREY);
                                                 ^~~~~~~~~~~
In file included from ../Core/Inc/oscilloscope.h:16:0,
                 from ../Core/Src/oscilloscope.c:9:
../Core/Inc/ili9488.h:165:6: note: expected 'const uint8_t * {aka const unsigned char *}' but argument is of type 'const uint8_t (*)[8] {aka const unsigned char (*)[8]}'
 void drawImageTransparentColored(uint16_t x, uint16_t y, uint16_t w, uint16_t h, const uint8_t* img, uint8_t color);
      ^~~~~~~~~~~~~~~~~~~~~~~~~~~
../Core/Src/oscilloscope.c:629:49: warning: passing argument 5 of 'drawImageTransparentColored' from incompatible pointer type [-Wincompatible-pointer-types]
    drawImageTransparentColored(443, 127, 15, 7, arrowLeftRight, WHITE);
                                                 ^~~~~~~~~~~~~~
In file included from ../Core/Inc/oscilloscope.h:16:0,
                 from ../Core/Src/oscilloscope.c:9:
../Core/Inc/ili9488.h:165:6: note: expected 'const uint8_t * {aka const unsigned char *}' but argument is of type 'const uint8_t (*)[15] {aka const unsigned char (*)[15]}'
 void drawImageTransparentColored(uint16_t x, uint16_t y, uint16_t w, uint16_t h, const uint8_t* img, uint8_t color);
      ^~~~~~~~~~~~~~~~~~~~~~~~~~~
../Core/Src/oscilloscope.c:630:49: warning: passing argument 5 of 'drawImageTransparentColored' from incompatible pointer type [-Wincompatible-pointer-types]
    drawImageTransparentColored(447, 166, 8, 15, arrowUpDown, GREY);
                                                 ^~~~~~~~~~~
In file included from ../Core/Inc/oscilloscope.h:16:0,
                 from ../Core/Src/oscilloscope.c:9:
../Core/Inc/ili9488.h:165:6: note: expected 'const uint8_t * {aka const unsigned char *}' but argument is of type 'const uint8_t (*)[8] {aka const unsigned char (*)[8]}'
 void drawImageTransparentColored(uint16_t x, uint16_t y, uint16_t w, uint16_t h, const uint8_t* img, uint8_t color);
      ^~~~~~~~~~~~~~~~~~~~~~~~~~~
../Core/Src/oscilloscope.c:636:18: warning: format '%d' expects argument of type 'int', but argument 3 has type 'int32_t {aka long int}' [-Wformat=]
    sprintf(buf,"%dus", osc->ch1.cursors.calculated_time);
                 ~^     ~~~~~~~~~~~~~~~~~~~~~~~~~~~~~~~~
                 %ld
../Core/Src/oscilloscope.c:640:32: warning: implicit declaration of function 'abs' [-Wimplicit-function-declaration]
    sprintf(buf,"%dHz", 1000000/abs(osc->ch1.cursors.calculated_time));
                                ^~~
../Core/Src/oscilloscope.c:643:49: warning: passing argument 5 of 'drawImageTransparentColored' from incompatible pointer type [-Wincompatible-pointer-types]
    drawImageTransparentColored(443, 127, 15, 7, arrowLeftRight, GREY);
                                                 ^~~~~~~~~~~~~~
In file included from ../Core/Inc/oscilloscope.h:16:0,
                 from ../Core/Src/oscilloscope.c:9:
../Core/Inc/ili9488.h:165:6: note: expected 'const uint8_t * {aka const unsigned char *}' but argument is of type 'const uint8_t (*)[15] {aka const unsigned char (*)[15]}'
 void drawImageTransparentColored(uint16_t x, uint16_t y, uint16_t w, uint16_t h, const uint8_t* img, uint8_t color);
      ^~~~~~~~~~~~~~~~~~~~~~~~~~~
../Core/Src/oscilloscope.c:644:49: warning: passing argument 5 of 'drawImageTransparentColored' from incompatible pointer type [-Wincompatible-pointer-types]
    drawImageTransparentColored(447, 166, 8, 15, arrowUpDown, WHITE);
                                                 ^~~~~~~~~~~
In file included from ../Core/Inc/oscilloscope.h:16:0,
                 from ../Core/Src/oscilloscope.c:9:
../Core/Inc/ili9488.h:165:6: note: expected 'const uint8_t * {aka const unsigned char *}' but argument is of type 'const uint8_t (*)[8] {aka const unsigned char (*)[8]}'
 void drawImageTransparentColored(uint16_t x, uint16_t y, uint16_t w, uint16_t h, const uint8_t* img, uint8_t color);
      ^~~~~~~~~~~~~~~~~~~~~~~~~~~
../Core/Src/oscilloscope.c:650:18: warning: format '%d' expects argument of type 'int', but argument 3 has type 'int32_t {aka long int}' [-Wformat=]
    sprintf(buf,"%dmV", osc->ch1.cursors.calculated_voltage);
                 ~^     ~~~~~~~~~~~~~~~~~~~~~~~~~~~~~~~~~~~
                 %ld
../Core/Src/oscilloscope.c:672:49: warning: passing argument 5 of 'drawImageTransparentColored' from incompatible pointer type [-Wincompatible-pointer-types]
    drawImageTransparentColored(443, 127, 15, 7, arrowLeftRight, GREY);
                                                 ^~~~~~~~~~~~~~
In file included from ../Core/Inc/oscilloscope.h:16:0,
                 from ../Core/Src/oscilloscope.c:9:
../Core/Inc/ili9488.h:165:6: note: expected 'const uint8_t * {aka const unsigned char *}' but argument is of type 'const uint8_t (*)[15] {aka const unsigned char (*)[15]}'
 void drawImageTransparentColored(uint16_t x, uint16_t y, uint16_t w, uint16_t h, const uint8_t* img, uint8_t color);
      ^~~~~~~~~~~~~~~~~~~~~~~~~~~
../Core/Src/oscilloscope.c:673:49: warning: passing argument 5 of 'drawImageTransparentColored' from incompatible pointer type [-Wincompatible-pointer-types]
    drawImageTransparentColored(447, 166, 8, 15, arrowUpDown, GREY);
                                                 ^~~~~~~~~~~
In file included from ../Core/Inc/oscilloscope.h:16:0,
                 from ../Core/Src/oscilloscope.c:9:
../Core/Inc/ili9488.h:165:6: note: expected 'const uint8_t * {aka const unsigned char *}' but argument is of type 'const uint8_t (*)[8] {aka const unsigned char (*)[8]}'
 void drawImageTransparentColored(uint16_t x, uint16_t y, uint16_t w, uint16_t h, const uint8_t* img, uint8_t color);
      ^~~~~~~~~~~~~~~~~~~~~~~~~~~
../Core/Src/oscilloscope.c:675:49: warning: passing argument 5 of 'drawImageTransparentColored' from incompatible pointer type [-Wincompatible-pointer-types]
    drawImageTransparentColored(443, 127, 15, 7, arrowLeftRight, WHITE);
                                                 ^~~~~~~~~~~~~~
In file included from ../Core/Inc/oscilloscope.h:16:0,
                 from ../Core/Src/oscilloscope.c:9:
../Core/Inc/ili9488.h:165:6: note: expected 'const uint8_t * {aka const unsigned char *}' but argument is of type 'const uint8_t (*)[15] {aka const unsigned char (*)[15]}'
 void drawImageTransparentColored(uint16_t x, uint16_t y, uint16_t w, uint16_t h, const uint8_t* img, uint8_t color);
      ^~~~~~~~~~~~~~~~~~~~~~~~~~~
../Core/Src/oscilloscope.c:676:49: warning: passing argument 5 of 'drawImageTransparentColored' from incompatible pointer type [-Wincompatible-pointer-types]
    drawImageTransparentColored(447, 166, 8, 15, arrowUpDown, GREY);
                                                 ^~~~~~~~~~~
In file included from ../Core/Inc/oscilloscope.h:16:0,
                 from ../Core/Src/oscilloscope.c:9:
../Core/Inc/ili9488.h:165:6: note: expected 'const uint8_t * {aka const unsigned char *}' but argument is of type 'const uint8_t (*)[8] {aka const unsigned char (*)[8]}'
 void drawImageTransparentColored(uint16_t x, uint16_t y, uint16_t w, uint16_t h, const uint8_t* img, uint8_t color);
      ^~~~~~~~~~~~~~~~~~~~~~~~~~~
../Core/Src/oscilloscope.c:682:18: warning: format '%d' expects argument of type 'int', but argument 3 has type 'int32_t {aka long int}' [-Wformat=]
    sprintf(buf,"%dus", osc->ch2.cursors.calculated_time);
                 ~^     ~~~~~~~~~~~~~~~~~~~~~~~~~~~~~~~~
                 %ld
../Core/Src/oscilloscope.c:689:49: warning: passing argument 5 of 'drawImageTransparentColored' from incompatible pointer type [-Wincompatible-pointer-types]
    drawImageTransparentColored(443, 127, 15, 7, arrowLeftRight, GREY);
                                                 ^~~~~~~~~~~~~~
In file included from ../Core/Inc/oscilloscope.h:16:0,
                 from ../Core/Src/oscilloscope.c:9:
../Core/Inc/ili9488.h:165:6: note: expected 'const uint8_t * {aka const unsigned char *}' but argument is of type 'const uint8_t (*)[15] {aka const unsigned char (*)[15]}'
 void drawImageTransparentColored(uint16_t x, uint16_t y, uint16_t w, uint16_t h, const uint8_t* img, uint8_t color);
      ^~~~~~~~~~~~~~~~~~~~~~~~~~~
../Core/Src/oscilloscope.c:690:49: warning: passing argument 5 of 'drawImageTransparentColored' from incompatible pointer type [-Wincompatible-pointer-types]
    drawImageTransparentColored(447, 166, 8, 15, arrowUpDown, WHITE);
                                                 ^~~~~~~~~~~
In file included from ../Core/Inc/oscilloscope.h:16:0,
                 from ../Core/Src/oscilloscope.c:9:
../Core/Inc/ili9488.h:165:6: note: expected 'const uint8_t * {aka const unsigned char *}' but argument is of type 'const uint8_t (*)[8] {aka const unsigned char (*)[8]}'
 void drawImageTransparentColored(uint16_t x, uint16_t y, uint16_t w, uint16_t h, const uint8_t* img, uint8_t color);
      ^~~~~~~~~~~~~~~~~~~~~~~~~~~
../Core/Src/oscilloscope.c:696:18: warning: format '%d' expects argument of type 'int', but argument 3 has type 'int32_t {aka long int}' [-Wformat=]
    sprintf(buf,"%dmV", osc->ch2.cursors.calculated_voltage);
                 ~^     ~~~~~~~~~~~~~~~~~~~~~~~~~~~~~~~~~~~
                 %ld
../Core/Src/oscilloscope.c: In function 'drawFFTMenu':
../Core/Src/oscilloscope.c:722:34: warning: comparison between 'enum ActiveCursorChannel' and 'enum FFT_ActiveChannel' [-Wenum-compare]
  if(osc -> active_cursor_channel == FFT_Channel_1){
                                  ^~
../Core/Src/oscilloscope.c:724:40: warning: comparison between 'enum ActiveCursorChannel' and 'enum FFT_ActiveChannel' [-Wenum-compare]
  }else if(osc -> active_cursor_channel == FFT_Channel_2){
                                        ^~
../Core/Src/oscilloscope.c: In function 'calculateFFT':
../Core/Src/oscilloscope.c:801:23: warning: format '%d' expects argument of type 'int', but argument 2 has type 'double' [-Wformat=]
   printf("AMPLITUDA: %d\t:\t %d :freq\n\r", ch->fft_amplitude[i], ch->fft_frequency[i]);
                      ~^                     ~~~~~~~~~~~~~~~~~~~~
                      %f
../Core/Src/oscilloscope.c:801:31: warning: format '%d' expects argument of type 'int', but argument 3 has type 'double' [-Wformat=]
   printf("AMPLITUDA: %d\t:\t %d :freq\n\r", ch->fft_amplitude[i], ch->fft_frequency[i]);
                              ~^                                   ~~~~~~~~~~~~~~~~~~~~
                              %f
../Core/Src/oscilloscope.c:783:7: warning: unused variable 'buff' [-Wunused-variable]
  char buff[20];
       ^~~~
../Core/Src/oscilloscope.c: In function 'fft':
../Core/Src/oscilloscope.c:826:34: warning: implicit declaration of function 'malloc' [-Wimplicit-function-declaration]
     Complex *X_even = (Complex *)malloc(N / 2 * sizeof(Complex));
                                  ^~~~~~
../Core/Src/oscilloscope.c:826:34: warning: incompatible implicit declaration of built-in function 'malloc'
../Core/Src/oscilloscope.c:826:34: note: include '<stdlib.h>' or provide a declaration of 'malloc'
../Core/Src/oscilloscope.c:848:5: warning: implicit declaration of function 'free' [-Wimplicit-function-declaration]
     free(X_even);
     ^~~~
../Core/Src/oscilloscope.c:848:5: warning: incompatible implicit declaration of built-in function 'free'
../Core/Src/oscilloscope.c:848:5: note: include '<stdlib.h>' or provide a declaration of 'free'
../Core/Src/oscilloscope.c: In function 'drawMeasurements':
../Core/Src/oscilloscope.c:869:21: warning: format '%d' expects argument of type 'int', but argument 3 has type 'uint32_t {aka long unsigned int}' [-Wformat=]
   sprintf(buf,"Vpp=%dmV", calculate_peak_to_peak(osc->ch1.waveform_display));
                    ~^     ~~~~~~~~~~~~~~~~~~~~~~~~~~~~~~~~~~~~~~~~~~~~~~~~~
                    %ld
../Core/Src/oscilloscope.c:871:22: warning: format '%d' expects argument of type 'int', but argument 3 has type 'uint32_t {aka long unsigned int}' [-Wformat=]
   sprintf(buf,"Vrms=%dmV", calculate_RMS(osc->ch1.waveform_display));
                     ~^     ~~~~~~~~~~~~~~~~~~~~~~~~~~~~~~~~~~~~~~~~
                     %ld
../Core/Src/oscilloscope.c:873:24: warning: format '%d' expects argument of type 'int', but argument 3 has type 'uint32_t {aka long unsigned int}' [-Wformat=]
   sprintf(buf,"freq = %d Hz", osc->ch1.channel_frequency);
                       ~^      ~~~~~~~~~~~~~~~~~~~~~~~~~~
                       %ld
../Core/Src/oscilloscope.c:877:21: warning: format '%d' expects argument of type 'int', but argument 3 has type 'uint32_t {aka long unsigned int}' [-Wformat=]
   sprintf(buf,"Vpp=%dmV", calculate_peak_to_peak(osc->ch2.waveform_display));
                    ~^     ~~~~~~~~~~~~~~~~~~~~~~~~~~~~~~~~~~~~~~~~~~~~~~~~~
                    %ld
../Core/Src/oscilloscope.c:879:22: warning: format '%d' expects argument of type 'int', but argument 3 has type 'uint32_t {aka long unsigned int}' [-Wformat=]
   sprintf(buf,"Vrms=%dmV", calculate_RMS(osc->ch2.waveform_display));
                     ~^     ~~~~~~~~~~~~~~~~~~~~~~~~~~~~~~~~~~~~~~~~
                     %ld
../Core/Src/oscilloscope.c:881:24: warning: format '%d' expects argument of type 'int', but argument 3 has type 'uint32_t {aka long unsigned int}' [-Wformat=]
   sprintf(buf,"freq = %d Hz", osc->ch2.channel_frequency);
                       ~^      ~~~~~~~~~~~~~~~~~~~~~~~~~~
                       %ld
../Core/Src/oscilloscope.c: In function 'drawTriggerIcon':
../Core/Src/oscilloscope.c:898:38: warning: passing argument 5 of 'drawImageTransparent' from incompatible pointer type [-Wincompatible-pointer-types]
  drawImageTransparent(405, 7, 9, 15, trigRisingIcon);
                                      ^~~~~~~~~~~~~~
In file included from ../Core/Inc/oscilloscope.h:16:0,
                 from ../Core/Src/oscilloscope.c:9:
../Core/Inc/ili9488.h:164:6: note: expected 'const uint8_t * {aka const unsigned char *}' but argument is of type 'const uint8_t (*)[9] {aka const unsigned char (*)[9]}'
 void drawImageTransparent(uint16_t x, uint16_t y, uint16_t w, uint16_t h, const uint8_t* img);
      ^~~~~~~~~~~~~~~~~~~~
arm-none-eabi-gcc "../Core/Src/stm32_adafruit_ts.c" -mcpu=cortex-m4 -std=gnu11 -g3 -DUSE_HAL_DRIVER -DSTM32L476xx -DDEBUG -c -I../Core/Inc -I../Drivers/STM32L4xx_HAL_Driver/Inc -I../Drivers/STM32L4xx_HAL_Driver/Inc/Legacy -I../Drivers/CMSIS/Device/ST/STM32L4xx/Include -I../Drivers/CMSIS/Include -I../fonts -O0 -ffunction-sections -fdata-sections -Wall -fstack-usage -MMD -MP -MF"Core/Src/stm32_adafruit_ts.d" -MT"Core/Src/stm32_adafruit_ts.o" --specs=nano.specs -mfpu=fpv4-sp-d16 -mfloat-abi=hard -mthumb -o "Core/Src/stm32_adafruit_ts.o"
arm-none-eabi-gcc "../Core/Src/stm32l4xx_hal_msp.c" -mcpu=cortex-m4 -std=gnu11 -g3 -DUSE_HAL_DRIVER -DSTM32L476xx -DDEBUG -c -I../Core/Inc -I../Drivers/STM32L4xx_HAL_Driver/Inc -I../Drivers/STM32L4xx_HAL_Driver/Inc/Legacy -I../Drivers/CMSIS/Device/ST/STM32L4xx/Include -I../Drivers/CMSIS/Include -I../fonts -O0 -ffunction-sections -fdata-sections -Wall -fstack-usage -MMD -MP -MF"Core/Src/stm32l4xx_hal_msp.d" -MT"Core/Src/stm32l4xx_hal_msp.o" --specs=nano.specs -mfpu=fpv4-sp-d16 -mfloat-abi=hard -mthumb -o "Core/Src/stm32l4xx_hal_msp.o"
arm-none-eabi-gcc "../Core/Src/stm32l4xx_it.c" -mcpu=cortex-m4 -std=gnu11 -g3 -DUSE_HAL_DRIVER -DSTM32L476xx -DDEBUG -c -I../Core/Inc -I../Drivers/STM32L4xx_HAL_Driver/Inc -I../Drivers/STM32L4xx_HAL_Driver/Inc/Legacy -I../Drivers/CMSIS/Device/ST/STM32L4xx/Include -I../Drivers/CMSIS/Include -I../fonts -O0 -ffunction-sections -fdata-sections -Wall -fstack-usage -MMD -MP -MF"Core/Src/stm32l4xx_it.d" -MT"Core/Src/stm32l4xx_it.o" --specs=nano.specs -mfpu=fpv4-sp-d16 -mfloat-abi=hard -mthumb -o "Core/Src/stm32l4xx_it.o"
arm-none-eabi-gcc "../Core/Src/syscalls.c" -mcpu=cortex-m4 -std=gnu11 -g3 -DUSE_HAL_DRIVER -DSTM32L476xx -DDEBUG -c -I../Core/Inc -I../Drivers/STM32L4xx_HAL_Driver/Inc -I../Drivers/STM32L4xx_HAL_Driver/Inc/Legacy -I../Drivers/CMSIS/Device/ST/STM32L4xx/Include -I../Drivers/CMSIS/Include -I../fonts -O0 -ffunction-sections -fdata-sections -Wall -fstack-usage -MMD -MP -MF"Core/Src/syscalls.d" -MT"Core/Src/syscalls.o" --specs=nano.specs -mfpu=fpv4-sp-d16 -mfloat-abi=hard -mthumb -o "Core/Src/syscalls.o"
arm-none-eabi-gcc "../Core/Src/sysmem.c" -mcpu=cortex-m4 -std=gnu11 -g3 -DUSE_HAL_DRIVER -DSTM32L476xx -DDEBUG -c -I../Core/Inc -I../Drivers/STM32L4xx_HAL_Driver/Inc -I../Drivers/STM32L4xx_HAL_Driver/Inc/Legacy -I../Drivers/CMSIS/Device/ST/STM32L4xx/Include -I../Drivers/CMSIS/Include -I../fonts -O0 -ffunction-sections -fdata-sections -Wall -fstack-usage -MMD -MP -MF"Core/Src/sysmem.d" -MT"Core/Src/sysmem.o" --specs=nano.specs -mfpu=fpv4-sp-d16 -mfloat-abi=hard -mthumb -o "Core/Src/sysmem.o"
arm-none-eabi-gcc "../Core/Src/system_stm32l4xx.c" -mcpu=cortex-m4 -std=gnu11 -g3 -DUSE_HAL_DRIVER -DSTM32L476xx -DDEBUG -c -I../Core/Inc -I../Drivers/STM32L4xx_HAL_Driver/Inc -I../Drivers/STM32L4xx_HAL_Driver/Inc/Legacy -I../Drivers/CMSIS/Device/ST/STM32L4xx/Include -I../Drivers/CMSIS/Include -I../fonts -O0 -ffunction-sections -fdata-sections -Wall -fstack-usage -MMD -MP -MF"Core/Src/system_stm32l4xx.d" -MT"Core/Src/system_stm32l4xx.o" --specs=nano.specs -mfpu=fpv4-sp-d16 -mfloat-abi=hard -mthumb -o "Core/Src/system_stm32l4xx.o"
arm-none-eabi-gcc "../Core/Src/tim.c" -mcpu=cortex-m4 -std=gnu11 -g3 -DUSE_HAL_DRIVER -DSTM32L476xx -DDEBUG -c -I../Core/Inc -I../Drivers/STM32L4xx_HAL_Driver/Inc -I../Drivers/STM32L4xx_HAL_Driver/Inc/Legacy -I../Drivers/CMSIS/Device/ST/STM32L4xx/Include -I../Drivers/CMSIS/Include -I../fonts -O0 -ffunction-sections -fdata-sections -Wall -fstack-usage -MMD -MP -MF"Core/Src/tim.d" -MT"Core/Src/tim.o" --specs=nano.specs -mfpu=fpv4-sp-d16 -mfloat-abi=hard -mthumb -o "Core/Src/tim.o"
arm-none-eabi-gcc "../Core/Src/ts_xpt2046.c" -mcpu=cortex-m4 -std=gnu11 -g3 -DUSE_HAL_DRIVER -DSTM32L476xx -DDEBUG -c -I../Core/Inc -I../Drivers/STM32L4xx_HAL_Driver/Inc -I../Drivers/STM32L4xx_HAL_Driver/Inc/Legacy -I../Drivers/CMSIS/Device/ST/STM32L4xx/Include -I../Drivers/CMSIS/Include -I../fonts -O0 -ffunction-sections -fdata-sections -Wall -fstack-usage -MMD -MP -MF"Core/Src/ts_xpt2046.d" -MT"Core/Src/ts_xpt2046.o" --specs=nano.specs -mfpu=fpv4-sp-d16 -mfloat-abi=hard -mthumb -o "Core/Src/ts_xpt2046.o"
arm-none-eabi-gcc "../Core/Src/usart.c" -mcpu=cortex-m4 -std=gnu11 -g3 -DUSE_HAL_DRIVER -DSTM32L476xx -DDEBUG -c -I../Core/Inc -I../Drivers/STM32L4xx_HAL_Driver/Inc -I../Drivers/STM32L4xx_HAL_Driver/Inc/Legacy -I../Drivers/CMSIS/Device/ST/STM32L4xx/Include -I../Drivers/CMSIS/Include -I../fonts -O0 -ffunction-sections -fdata-sections -Wall -fstack-usage -MMD -MP -MF"Core/Src/usart.d" -MT"Core/Src/usart.o" --specs=nano.specs -mfpu=fpv4-sp-d16 -mfloat-abi=hard -mthumb -o "Core/Src/usart.o"
arm-none-eabi-gcc -o "code.elf" @"objects.list"   -mcpu=cortex-m4 -T"C:\Users\kamil\Documents\PROJECTS - repos\KD-23MTS\code\STM32L476RGTX_FLASH.ld" --specs=nosys.specs -Wl,-Map="code.map" -Wl,--gc-sections -static --specs=nano.specs -mfpu=fpv4-sp-d16 -mfloat-abi=hard -mthumb -u _printf_float -Wl,--start-group -lc -lm -Wl,--end-group
Finished building target: code.elf
 
arm-none-eabi-size   code.elf 
arm-none-eabi-objdump -h -S  code.elf  > "code.list"
arm-none-eabi-objcopy  -O binary  code.elf  "code.bin"
   text	   data	    bss	    dec	    hex	filename
  79996	    616	  90064	 170676	  29ab4	code.elf
Finished building: default.size.stdout
 
Finished building: code.bin
 
Finished building: code.list
 

16:24:57 Build Finished. 0 errors, 45 warnings. (took 14s.328ms)

