00:51:28 **** Incremental Build of configuration Debug for project code ****
make -j4 all 
arm-none-eabi-gcc "../Core/Src/cursors.c" -mcpu=cortex-m4 -std=gnu11 -g3 -DUSE_HAL_DRIVER -DSTM32L476xx -DDEBUG -c -I../Core/Inc -I../Drivers/STM32L4xx_HAL_Driver/Inc -I../Drivers/STM32L4xx_HAL_Driver/Inc/Legacy -I../Drivers/CMSIS/Device/ST/STM32L4xx/Include -I../Drivers/CMSIS/Include -I../fonts -O0 -ffunction-sections -fdata-sections -Wall -fstack-usage -MMD -MP -MF"Core/Src/cursors.d" -MT"Core/Src/cursors.o" --specs=nano.specs -mfpu=fpv4-sp-d16 -mfloat-abi=hard -mthumb -o "Core/Src/cursors.o"
In file included from ../Core/Src/cursors.c:1:0:
../Core/Inc/cursors.h:18:15: warning: 'encoder_button_state' defined but not used [-Wunused-variable]
 static int8_t encoder_button_state = 0;
               ^~~~~~~~~~~~~~~~~~~~
arm-none-eabi-gcc -o "code.elf" @"objects.list"   -mcpu=cortex-m4 -T"C:\Users\Kamil\Documents\STM32_oscilloscope\code\STM32L476RGTX_FLASH.ld" --specs=nosys.specs -Wl,-Map="code.map" -Wl,--gc-sections -static --specs=nano.specs -mfpu=fpv4-sp-d16 -mfloat-abi=hard -mthumb -Wl,--start-group -lc -lm -Wl,--end-group
Finished building target: code.elf
 
arm-none-eabi-objdump -h -S  code.elf  > "code.list"
arm-none-eabi-objcopy  -O binary  code.elf  "code.bin"
arm-none-eabi-size   code.elf 
   text	   data	    bss	    dec	    hex	filename
  48196	    612	  79036	 127844	  1f364	code.elf
Finished building: default.size.stdout
 
Finished building: code.bin
 
Finished building: code.list
 

00:51:30 Build Finished. 0 errors, 1 warnings. (took 1s.466ms)

