01:53:54 **** Incremental Build of configuration Debug for project code ****
make -j4 all 
arm-none-eabi-gcc "../Core/Src/cursors.c" -mcpu=cortex-m4 -std=gnu11 -g3 -DUSE_HAL_DRIVER -DSTM32L476xx -DDEBUG -c -I../Core/Inc -I../Drivers/STM32L4xx_HAL_Driver/Inc -I../Drivers/STM32L4xx_HAL_Driver/Inc/Legacy -I../Drivers/CMSIS/Device/ST/STM32L4xx/Include -I../Drivers/CMSIS/Include -I../fonts -O0 -ffunction-sections -fdata-sections -Wall -fstack-usage -MMD -MP -MF"Core/Src/cursors.d" -MT"Core/Src/cursors.o" --specs=nano.specs -mfpu=fpv4-sp-d16 -mfloat-abi=hard -mthumb -o "Core/Src/cursors.o"
In file included from ../Core/Src/cursors.c:1:0:
../Core/Inc/cursors.h:17:15: warning: 'encoder_button_state' defined but not used [-Wunused-variable]
 static int8_t encoder_button_state = 0;
               ^~~~~~~~~~~~~~~~~~~~
arm-none-eabi-gcc -o "code.elf" @"objects.list"   -mcpu=cortex-m4 -T"C:\Users\kamil\Documents\PROJECTS - repos\KD-23MTS\code\STM32L476RGTX_FLASH.ld" --specs=nosys.specs -Wl,-Map="code.map" -Wl,--gc-sections -static --specs=nano.specs -mfpu=fpv4-sp-d16 -mfloat-abi=hard -mthumb -u _printf_float -Wl,--start-group -lc -lm -Wl,--end-group
Finished building target: code.elf
 
arm-none-eabi-objdump -h -S  code.elf  > "code.list"
arm-none-eabi-objcopy  -O binary  code.elf  "code.bin"
arm-none-eabi-size   code.elf 
Finished building: code.bin
   text	   data	    bss	    dec	    hex	filename
  59420	    840	  79144	 139404	  2208c	code.elf
 
Finished building: default.size.stdout
 
Finished building: code.list
 
01:54:46 **** Incremental Build of configuration Debug for project code ****
make -j4 all 
arm-none-eabi-size   code.elf 
   text	   data	    bss	    dec	    hex	filename
  59420	    840	  79144	 139404	  2208c	code.elf
Finished building: default.size.stdout
 
01:59:23 **** Incremental Build of configuration Debug for project code ****
make -j4 all 
arm-none-eabi-gcc "../Core/Src/oscilloscope.c" -mcpu=cortex-m4 -std=gnu11 -g3 -DUSE_HAL_DRIVER -DSTM32L476xx -DDEBUG -c -I../Core/Inc -I../Drivers/STM32L4xx_HAL_Driver/Inc -I../Drivers/STM32L4xx_HAL_Driver/Inc/Legacy -I../Drivers/CMSIS/Device/ST/STM32L4xx/Include -I../Drivers/CMSIS/Include -I../fonts -O0 -ffunction-sections -fdata-sections -Wall -fstack-usage -MMD -MP -MF"Core/Src/oscilloscope.d" -MT"Core/Src/oscilloscope.o" --specs=nano.specs -mfpu=fpv4-sp-d16 -mfloat-abi=hard -mthumb -o "Core/Src/oscilloscope.o"
../Core/Src/oscilloscope.c: In function 'oscilloscopeInit':
../Core/Src/oscilloscope.c:31:2: warning: implicit declaration of function 'memcpy' [-Wimplicit-function-declaration]
  memcpy(osc->timeBaseArray, timeBaseArray, sizeof(timeBaseArray));
  ^~~~~~
../Core/Src/oscilloscope.c:31:2: warning: incompatible implicit declaration of built-in function 'memcpy'
../Core/Src/oscilloscope.c:31:2: note: include '<string.h>' or provide a declaration of 'memcpy'
../Core/Src/oscilloscope.c: In function 'displayTimeBase':
../Core/Src/oscilloscope.c:166:20: warning: format '%d' expects argument of type 'int', but argument 3 has type 'uint64_t {aka long long unsigned int}' [-Wformat=]
    sprintf(buf,"H %dus", osc->timeBase_us);
                   ~^     ~~~~~~~~~~~~~~~~
                   %lld
../Core/Src/oscilloscope.c:169:19: warning: format '%d' expects argument of type 'int', but argument 3 has type 'uint64_t {aka long long unsigned int}' [-Wformat=]
   sprintf(buf,"H %dms", osc->timeBase_us/1000);
                  ~^     ~~~~~~~~~~~~~~~~~~~~~
                  %lld
../Core/Src/oscilloscope.c:171:19: warning: format '%d' expects argument of type 'int', but argument 3 has type 'uint64_t {aka long long unsigned int}' [-Wformat=]
   sprintf(buf,"H %ds", osc->timeBase_us/1000000);
                  ~^    ~~~~~~~~~~~~~~~~~~~~~~~~
                  %lld
../Core/Src/oscilloscope.c: In function 'serveTouchScreen':
../Core/Src/oscilloscope.c:264:2: warning: enumeration value 'SelectionTIME_BASE' not handled in switch [-Wswitch]
  switch(osc->selection){
  ^~~~~~
../Core/Src/oscilloscope.c:264:2: warning: enumeration value 'SelectionTRIGGER' not handled in switch [-Wswitch]
../Core/Src/oscilloscope.c:264:2: warning: enumeration value 'SelectionMEASUREMENTS' not handled in switch [-Wswitch]
../Core/Src/oscilloscope.c: In function 'serveEncoder':
../Core/Src/oscilloscope.c:314:2: warning: enumeration value 'SelectionTRIGGER' not handled in switch [-Wswitch]
  switch(osc->selection){
  ^~~~~~
../Core/Src/oscilloscope.c:314:2: warning: enumeration value 'SelectionMAIN_MENU' not handled in switch [-Wswitch]
../Core/Src/oscilloscope.c:314:2: warning: enumeration value 'SelectionCURSORS_CHANGE_CHANNEL' not handled in switch [-Wswitch]
../Core/Src/oscilloscope.c:314:2: warning: enumeration value 'SelectionCURSORS_VERTICAL' not handled in switch [-Wswitch]
../Core/Src/oscilloscope.c:314:2: warning: enumeration value 'SelectionCURSORS_HORIZONTAL' not handled in switch [-Wswitch]
../Core/Src/oscilloscope.c:314:2: warning: enumeration value 'SelectionFFT' not handled in switch [-Wswitch]
../Core/Src/oscilloscope.c:314:2: warning: enumeration value 'SelectionMEASUREMENTS' not handled in switch [-Wswitch]
../Core/Src/oscilloscope.c: In function 'drawMenu':
../Core/Src/oscilloscope.c:372:47: warning: passing argument 5 of 'drawImageTransparentColored' from incompatible pointer type [-Wincompatible-pointer-types]
  drawImageTransparentColored(447, 81,  8, 15, arrowUpDown, color1);
                                               ^~~~~~~~~~~
In file included from ../Core/Inc/oscilloscope.h:16:0,
                 from ../Core/Src/oscilloscope.c:9:
../Core/Inc/ili9488.h:165:6: note: expected 'const uint8_t * {aka const unsigned char *}' but argument is of type 'uint8_t (*)[8] {aka unsigned char (*)[8]}'
 void drawImageTransparentColored(uint16_t x, uint16_t y, uint16_t w, uint16_t h, const uint8_t* img, uint8_t color);
      ^~~~~~~~~~~~~~~~~~~~~~~~~~~
../Core/Src/oscilloscope.c:376:48: warning: passing argument 5 of 'drawImageTransparentColored' from incompatible pointer type [-Wincompatible-pointer-types]
  drawImageTransparentColored(447, 142,  8, 15, arrowUpDown, color2);
                                                ^~~~~~~~~~~
In file included from ../Core/Inc/oscilloscope.h:16:0,
                 from ../Core/Src/oscilloscope.c:9:
../Core/Inc/ili9488.h:165:6: note: expected 'const uint8_t * {aka const unsigned char *}' but argument is of type 'uint8_t (*)[8] {aka unsigned char (*)[8]}'
 void drawImageTransparentColored(uint16_t x, uint16_t y, uint16_t w, uint16_t h, const uint8_t* img, uint8_t color);
      ^~~~~~~~~~~~~~~~~~~~~~~~~~~
../Core/Src/oscilloscope.c:378:47: warning: passing argument 5 of 'drawImageTransparentColored' from incompatible pointer type [-Wincompatible-pointer-types]
  drawImageTransparentColored(443, 187, 15, 7, arrowLeftRight, color3);
                                               ^~~~~~~~~~~~~~
In file included from ../Core/Inc/oscilloscope.h:16:0,
                 from ../Core/Src/oscilloscope.c:9:
../Core/Inc/ili9488.h:165:6: note: expected 'const uint8_t * {aka const unsigned char *}' but argument is of type 'uint8_t (*)[15] {aka unsigned char (*)[15]}'
 void drawImageTransparentColored(uint16_t x, uint16_t y, uint16_t w, uint16_t h, const uint8_t* img, uint8_t color);
      ^~~~~~~~~~~~~~~~~~~~~~~~~~~
../Core/Src/oscilloscope.c: In function 'drawCursorsMenu':
../Core/Src/oscilloscope.c:435:48: warning: passing argument 5 of 'drawImageTransparentColored' from incompatible pointer type [-Wincompatible-pointer-types]
   drawImageTransparentColored(443, 112, 15, 7, arrowLeftRight, GREY);
                                                ^~~~~~~~~~~~~~
In file included from ../Core/Inc/oscilloscope.h:16:0,
                 from ../Core/Src/oscilloscope.c:9:
../Core/Inc/ili9488.h:165:6: note: expected 'const uint8_t * {aka const unsigned char *}' but argument is of type 'uint8_t (*)[15] {aka unsigned char (*)[15]}'
 void drawImageTransparentColored(uint16_t x, uint16_t y, uint16_t w, uint16_t h, const uint8_t* img, uint8_t color);
      ^~~~~~~~~~~~~~~~~~~~~~~~~~~
../Core/Src/oscilloscope.c:436:48: warning: passing argument 5 of 'drawImageTransparentColored' from incompatible pointer type [-Wincompatible-pointer-types]
   drawImageTransparentColored(447, 148, 8, 15, arrowUpDown, GREY);
                                                ^~~~~~~~~~~
In file included from ../Core/Inc/oscilloscope.h:16:0,
                 from ../Core/Src/oscilloscope.c:9:
../Core/Inc/ili9488.h:165:6: note: expected 'const uint8_t * {aka const unsigned char *}' but argument is of type 'uint8_t (*)[8] {aka unsigned char (*)[8]}'
 void drawImageTransparentColored(uint16_t x, uint16_t y, uint16_t w, uint16_t h, const uint8_t* img, uint8_t color);
      ^~~~~~~~~~~~~~~~~~~~~~~~~~~
../Core/Src/oscilloscope.c:439:48: warning: passing argument 5 of 'drawImageTransparentColored' from incompatible pointer type [-Wincompatible-pointer-types]
   drawImageTransparentColored(443, 112, 15, 7, arrowLeftRight, WHITE);
                                                ^~~~~~~~~~~~~~
In file included from ../Core/Inc/oscilloscope.h:16:0,
                 from ../Core/Src/oscilloscope.c:9:
../Core/Inc/ili9488.h:165:6: note: expected 'const uint8_t * {aka const unsigned char *}' but argument is of type 'uint8_t (*)[15] {aka unsigned char (*)[15]}'
 void drawImageTransparentColored(uint16_t x, uint16_t y, uint16_t w, uint16_t h, const uint8_t* img, uint8_t color);
      ^~~~~~~~~~~~~~~~~~~~~~~~~~~
../Core/Src/oscilloscope.c:440:48: warning: passing argument 5 of 'drawImageTransparentColored' from incompatible pointer type [-Wincompatible-pointer-types]
   drawImageTransparentColored(447, 148, 8, 15, arrowUpDown, GREY);
                                                ^~~~~~~~~~~
In file included from ../Core/Inc/oscilloscope.h:16:0,
                 from ../Core/Src/oscilloscope.c:9:
../Core/Inc/ili9488.h:165:6: note: expected 'const uint8_t * {aka const unsigned char *}' but argument is of type 'uint8_t (*)[8] {aka unsigned char (*)[8]}'
 void drawImageTransparentColored(uint16_t x, uint16_t y, uint16_t w, uint16_t h, const uint8_t* img, uint8_t color);
      ^~~~~~~~~~~~~~~~~~~~~~~~~~~
../Core/Src/oscilloscope.c:443:48: warning: passing argument 5 of 'drawImageTransparentColored' from incompatible pointer type [-Wincompatible-pointer-types]
   drawImageTransparentColored(443, 112, 15, 7, arrowLeftRight, GREY);
                                                ^~~~~~~~~~~~~~
In file included from ../Core/Inc/oscilloscope.h:16:0,
                 from ../Core/Src/oscilloscope.c:9:
../Core/Inc/ili9488.h:165:6: note: expected 'const uint8_t * {aka const unsigned char *}' but argument is of type 'uint8_t (*)[15] {aka unsigned char (*)[15]}'
 void drawImageTransparentColored(uint16_t x, uint16_t y, uint16_t w, uint16_t h, const uint8_t* img, uint8_t color);
      ^~~~~~~~~~~~~~~~~~~~~~~~~~~
../Core/Src/oscilloscope.c:444:48: warning: passing argument 5 of 'drawImageTransparentColored' from incompatible pointer type [-Wincompatible-pointer-types]
   drawImageTransparentColored(447, 148, 8, 15, arrowUpDown, WHITE);
                                                ^~~~~~~~~~~
In file included from ../Core/Inc/oscilloscope.h:16:0,
                 from ../Core/Src/oscilloscope.c:9:
../Core/Inc/ili9488.h:165:6: note: expected 'const uint8_t * {aka const unsigned char *}' but argument is of type 'uint8_t (*)[8] {aka unsigned char (*)[8]}'
 void drawImageTransparentColored(uint16_t x, uint16_t y, uint16_t w, uint16_t h, const uint8_t* img, uint8_t color);
      ^~~~~~~~~~~~~~~~~~~~~~~~~~~
../Core/Src/oscilloscope.c: In function 'drawMeasurements':
../Core/Src/oscilloscope.c:468:50: warning: pointer targets in passing argument 1 of 'calculate_peak_to_peak' differ in signedness [-Wpointer-sign]
   sprintf(buf,"Vpp=%dmV", calculate_peak_to_peak(osc->ch1.waveform));
                                                  ^~~
../Core/Src/oscilloscope.c:62:5: note: expected 'int16_t * {aka short int *}' but argument is of type 'uint16_t * {aka short unsigned int *}'
 int calculate_peak_to_peak(int16_t waveform[MEMORY_DEPTH]){
     ^~~~~~~~~~~~~~~~~~~~~~
../Core/Src/oscilloscope.c:470:42: warning: pointer targets in passing argument 1 of 'calculate_RMS' differ in signedness [-Wpointer-sign]
   sprintf(buf,"Vrms=%dmV", calculate_RMS(osc->ch1.waveform));
                                          ^~~
../Core/Src/oscilloscope.c:73:5: note: expected 'int16_t * {aka short int *}' but argument is of type 'uint16_t * {aka short unsigned int *}'
 int calculate_RMS(int16_t waveform[MEMORY_DEPTH]) {
     ^~~~~~~~~~~~~
../Core/Src/oscilloscope.c:474:50: warning: pointer targets in passing argument 1 of 'calculate_peak_to_peak' differ in signedness [-Wpointer-sign]
   sprintf(buf,"Vpp=%dmV", calculate_peak_to_peak(osc->ch2.waveform));
                                                  ^~~
../Core/Src/oscilloscope.c:62:5: note: expected 'int16_t * {aka short int *}' but argument is of type 'uint16_t * {aka short unsigned int *}'
 int calculate_peak_to_peak(int16_t waveform[MEMORY_DEPTH]){
     ^~~~~~~~~~~~~~~~~~~~~~
../Core/Src/oscilloscope.c:476:42: warning: pointer targets in passing argument 1 of 'calculate_RMS' differ in signedness [-Wpointer-sign]
   sprintf(buf,"Vrms=%dmV", calculate_RMS(osc->ch2.waveform));
                                          ^~~
../Core/Src/oscilloscope.c:73:5: note: expected 'int16_t * {aka short int *}' but argument is of type 'uint16_t * {aka short unsigned int *}'
 int calculate_RMS(int16_t waveform[MEMORY_DEPTH]) {
     ^~~~~~~~~~~~~
arm-none-eabi-gcc -o "code.elf" @"objects.list"   -mcpu=cortex-m4 -T"C:\Users\kamil\Documents\PROJECTS - repos\KD-23MTS\code\STM32L476RGTX_FLASH.ld" --specs=nosys.specs -Wl,-Map="code.map" -Wl,--gc-sections -static --specs=nano.specs -mfpu=fpv4-sp-d16 -mfloat-abi=hard -mthumb -u _printf_float -Wl,--start-group -lc -lm -Wl,--end-group
Finished building target: code.elf
 
arm-none-eabi-objdump -h -S  code.elf  > "code.list"
arm-none-eabi-objcopy  -O binary  code.elf  "code.bin"
arm-none-eabi-size   code.elf 
   text	   data	    bss	    dec	    hex	filename
  59420	    840	  79144	 139404	  2208c	code.elf
Finished building: default.size.stdout
 
Finished building: code.bin
 
Finished building: code.list
 
02:00:54 **** Incremental Build of configuration Debug for project code ****
make -j4 all 
arm-none-eabi-gcc "../Core/Src/oscilloscope.c" -mcpu=cortex-m4 -std=gnu11 -g3 -DUSE_HAL_DRIVER -DSTM32L476xx -DDEBUG -c -I../Core/Inc -I../Drivers/STM32L4xx_HAL_Driver/Inc -I../Drivers/STM32L4xx_HAL_Driver/Inc/Legacy -I../Drivers/CMSIS/Device/ST/STM32L4xx/Include -I../Drivers/CMSIS/Include -I../fonts -O0 -ffunction-sections -fdata-sections -Wall -fstack-usage -MMD -MP -MF"Core/Src/oscilloscope.d" -MT"Core/Src/oscilloscope.o" --specs=nano.specs -mfpu=fpv4-sp-d16 -mfloat-abi=hard -mthumb -o "Core/Src/oscilloscope.o"
../Core/Src/oscilloscope.c: In function 'oscilloscopeInit':
../Core/Src/oscilloscope.c:31:2: warning: implicit declaration of function 'memcpy' [-Wimplicit-function-declaration]
  memcpy(osc->timeBaseArray, timeBaseArray, sizeof(timeBaseArray));
  ^~~~~~
../Core/Src/oscilloscope.c:31:2: warning: incompatible implicit declaration of built-in function 'memcpy'
../Core/Src/oscilloscope.c:31:2: note: include '<string.h>' or provide a declaration of 'memcpy'
../Core/Src/oscilloscope.c: In function 'displayTimeBase':
../Core/Src/oscilloscope.c:166:20: warning: format '%d' expects argument of type 'int', but argument 3 has type 'uint64_t {aka long long unsigned int}' [-Wformat=]
    sprintf(buf,"H %dus", osc->timeBase_us);
                   ~^     ~~~~~~~~~~~~~~~~
                   %lld
../Core/Src/oscilloscope.c:169:19: warning: format '%d' expects argument of type 'int', but argument 3 has type 'uint64_t {aka long long unsigned int}' [-Wformat=]
   sprintf(buf,"H %dms", osc->timeBase_us/1000);
                  ~^     ~~~~~~~~~~~~~~~~~~~~~
                  %lld
../Core/Src/oscilloscope.c:171:19: warning: format '%d' expects argument of type 'int', but argument 3 has type 'uint64_t {aka long long unsigned int}' [-Wformat=]
   sprintf(buf,"H %ds", osc->timeBase_us/1000000);
                  ~^    ~~~~~~~~~~~~~~~~~~~~~~~~
                  %lld
../Core/Src/oscilloscope.c: In function 'serveTouchScreen':
../Core/Src/oscilloscope.c:264:2: warning: enumeration value 'SelectionTIME_BASE' not handled in switch [-Wswitch]
  switch(osc->selection){
  ^~~~~~
../Core/Src/oscilloscope.c:264:2: warning: enumeration value 'SelectionTRIGGER' not handled in switch [-Wswitch]
../Core/Src/oscilloscope.c:264:2: warning: enumeration value 'SelectionMEASUREMENTS' not handled in switch [-Wswitch]
../Core/Src/oscilloscope.c: In function 'serveEncoder':
../Core/Src/oscilloscope.c:314:2: warning: enumeration value 'SelectionTRIGGER' not handled in switch [-Wswitch]
  switch(osc->selection){
  ^~~~~~
../Core/Src/oscilloscope.c:314:2: warning: enumeration value 'SelectionMAIN_MENU' not handled in switch [-Wswitch]
../Core/Src/oscilloscope.c:314:2: warning: enumeration value 'SelectionCURSORS_CHANGE_CHANNEL' not handled in switch [-Wswitch]
../Core/Src/oscilloscope.c:314:2: warning: enumeration value 'SelectionCURSORS_VERTICAL' not handled in switch [-Wswitch]
../Core/Src/oscilloscope.c:314:2: warning: enumeration value 'SelectionCURSORS_HORIZONTAL' not handled in switch [-Wswitch]
../Core/Src/oscilloscope.c:314:2: warning: enumeration value 'SelectionFFT' not handled in switch [-Wswitch]
../Core/Src/oscilloscope.c:314:2: warning: enumeration value 'SelectionMEASUREMENTS' not handled in switch [-Wswitch]
../Core/Src/oscilloscope.c: In function 'drawMenu':
../Core/Src/oscilloscope.c:372:47: warning: passing argument 5 of 'drawImageTransparentColored' from incompatible pointer type [-Wincompatible-pointer-types]
  drawImageTransparentColored(447, 81,  8, 15, arrowUpDown, color1);
                                               ^~~~~~~~~~~
In file included from ../Core/Inc/oscilloscope.h:16:0,
                 from ../Core/Src/oscilloscope.c:9:
../Core/Inc/ili9488.h:165:6: note: expected 'const uint8_t * {aka const unsigned char *}' but argument is of type 'uint8_t (*)[8] {aka unsigned char (*)[8]}'
 void drawImageTransparentColored(uint16_t x, uint16_t y, uint16_t w, uint16_t h, const uint8_t* img, uint8_t color);
      ^~~~~~~~~~~~~~~~~~~~~~~~~~~
../Core/Src/oscilloscope.c:376:48: warning: passing argument 5 of 'drawImageTransparentColored' from incompatible pointer type [-Wincompatible-pointer-types]
  drawImageTransparentColored(447, 142,  8, 15, arrowUpDown, color2);
                                                ^~~~~~~~~~~
In file included from ../Core/Inc/oscilloscope.h:16:0,
                 from ../Core/Src/oscilloscope.c:9:
../Core/Inc/ili9488.h:165:6: note: expected 'const uint8_t * {aka const unsigned char *}' but argument is of type 'uint8_t (*)[8] {aka unsigned char (*)[8]}'
 void drawImageTransparentColored(uint16_t x, uint16_t y, uint16_t w, uint16_t h, const uint8_t* img, uint8_t color);
      ^~~~~~~~~~~~~~~~~~~~~~~~~~~
../Core/Src/oscilloscope.c:378:47: warning: passing argument 5 of 'drawImageTransparentColored' from incompatible pointer type [-Wincompatible-pointer-types]
  drawImageTransparentColored(443, 187, 15, 7, arrowLeftRight, color3);
                                               ^~~~~~~~~~~~~~
In file included from ../Core/Inc/oscilloscope.h:16:0,
                 from ../Core/Src/oscilloscope.c:9:
../Core/Inc/ili9488.h:165:6: note: expected 'const uint8_t * {aka const unsigned char *}' but argument is of type 'uint8_t (*)[15] {aka unsigned char (*)[15]}'
 void drawImageTransparentColored(uint16_t x, uint16_t y, uint16_t w, uint16_t h, const uint8_t* img, uint8_t color);
      ^~~~~~~~~~~~~~~~~~~~~~~~~~~
../Core/Src/oscilloscope.c: In function 'drawCursorsMenu':
../Core/Src/oscilloscope.c:435:48: warning: passing argument 5 of 'drawImageTransparentColored' from incompatible pointer type [-Wincompatible-pointer-types]
   drawImageTransparentColored(443, 112, 15, 7, arrowLeftRight, GREY);
                                                ^~~~~~~~~~~~~~
In file included from ../Core/Inc/oscilloscope.h:16:0,
                 from ../Core/Src/oscilloscope.c:9:
../Core/Inc/ili9488.h:165:6: note: expected 'const uint8_t * {aka const unsigned char *}' but argument is of type 'uint8_t (*)[15] {aka unsigned char (*)[15]}'
 void drawImageTransparentColored(uint16_t x, uint16_t y, uint16_t w, uint16_t h, const uint8_t* img, uint8_t color);
      ^~~~~~~~~~~~~~~~~~~~~~~~~~~
../Core/Src/oscilloscope.c:436:48: warning: passing argument 5 of 'drawImageTransparentColored' from incompatible pointer type [-Wincompatible-pointer-types]
   drawImageTransparentColored(447, 148, 8, 15, arrowUpDown, GREY);
                                                ^~~~~~~~~~~
In file included from ../Core/Inc/oscilloscope.h:16:0,
                 from ../Core/Src/oscilloscope.c:9:
../Core/Inc/ili9488.h:165:6: note: expected 'const uint8_t * {aka const unsigned char *}' but argument is of type 'uint8_t (*)[8] {aka unsigned char (*)[8]}'
 void drawImageTransparentColored(uint16_t x, uint16_t y, uint16_t w, uint16_t h, const uint8_t* img, uint8_t color);
      ^~~~~~~~~~~~~~~~~~~~~~~~~~~
../Core/Src/oscilloscope.c:439:48: warning: passing argument 5 of 'drawImageTransparentColored' from incompatible pointer type [-Wincompatible-pointer-types]
   drawImageTransparentColored(443, 112, 15, 7, arrowLeftRight, WHITE);
                                                ^~~~~~~~~~~~~~
In file included from ../Core/Inc/oscilloscope.h:16:0,
                 from ../Core/Src/oscilloscope.c:9:
../Core/Inc/ili9488.h:165:6: note: expected 'const uint8_t * {aka const unsigned char *}' but argument is of type 'uint8_t (*)[15] {aka unsigned char (*)[15]}'
 void drawImageTransparentColored(uint16_t x, uint16_t y, uint16_t w, uint16_t h, const uint8_t* img, uint8_t color);
      ^~~~~~~~~~~~~~~~~~~~~~~~~~~
../Core/Src/oscilloscope.c:440:48: warning: passing argument 5 of 'drawImageTransparentColored' from incompatible pointer type [-Wincompatible-pointer-types]
   drawImageTransparentColored(447, 148, 8, 15, arrowUpDown, GREY);
                                                ^~~~~~~~~~~
In file included from ../Core/Inc/oscilloscope.h:16:0,
                 from ../Core/Src/oscilloscope.c:9:
../Core/Inc/ili9488.h:165:6: note: expected 'const uint8_t * {aka const unsigned char *}' but argument is of type 'uint8_t (*)[8] {aka unsigned char (*)[8]}'
 void drawImageTransparentColored(uint16_t x, uint16_t y, uint16_t w, uint16_t h, const uint8_t* img, uint8_t color);
      ^~~~~~~~~~~~~~~~~~~~~~~~~~~
../Core/Src/oscilloscope.c:443:48: warning: passing argument 5 of 'drawImageTransparentColored' from incompatible pointer type [-Wincompatible-pointer-types]
   drawImageTransparentColored(443, 112, 15, 7, arrowLeftRight, GREY);
                                                ^~~~~~~~~~~~~~
In file included from ../Core/Inc/oscilloscope.h:16:0,
                 from ../Core/Src/oscilloscope.c:9:
../Core/Inc/ili9488.h:165:6: note: expected 'const uint8_t * {aka const unsigned char *}' but argument is of type 'uint8_t (*)[15] {aka unsigned char (*)[15]}'
 void drawImageTransparentColored(uint16_t x, uint16_t y, uint16_t w, uint16_t h, const uint8_t* img, uint8_t color);
      ^~~~~~~~~~~~~~~~~~~~~~~~~~~
../Core/Src/oscilloscope.c:444:48: warning: passing argument 5 of 'drawImageTransparentColored' from incompatible pointer type [-Wincompatible-pointer-types]
   drawImageTransparentColored(447, 148, 8, 15, arrowUpDown, WHITE);
                                                ^~~~~~~~~~~
In file included from ../Core/Inc/oscilloscope.h:16:0,
                 from ../Core/Src/oscilloscope.c:9:
../Core/Inc/ili9488.h:165:6: note: expected 'const uint8_t * {aka const unsigned char *}' but argument is of type 'uint8_t (*)[8] {aka unsigned char (*)[8]}'
 void drawImageTransparentColored(uint16_t x, uint16_t y, uint16_t w, uint16_t h, const uint8_t* img, uint8_t color);
      ^~~~~~~~~~~~~~~~~~~~~~~~~~~
../Core/Src/oscilloscope.c: In function 'drawMeasurements':
../Core/Src/oscilloscope.c:468:50: warning: pointer targets in passing argument 1 of 'calculate_peak_to_peak' differ in signedness [-Wpointer-sign]
   sprintf(buf,"Vpp=%dmV", calculate_peak_to_peak(osc->ch1.waveform));
                                                  ^~~
../Core/Src/oscilloscope.c:62:5: note: expected 'int16_t * {aka short int *}' but argument is of type 'uint16_t * {aka short unsigned int *}'
 int calculate_peak_to_peak(int16_t waveform[MEMORY_DEPTH]){
     ^~~~~~~~~~~~~~~~~~~~~~
../Core/Src/oscilloscope.c:470:42: warning: pointer targets in passing argument 1 of 'calculate_RMS' differ in signedness [-Wpointer-sign]
   sprintf(buf,"Vrms=%dmV", calculate_RMS(osc->ch1.waveform));
                                          ^~~
../Core/Src/oscilloscope.c:73:5: note: expected 'int16_t * {aka short int *}' but argument is of type 'uint16_t * {aka short unsigned int *}'
 int calculate_RMS(int16_t waveform[MEMORY_DEPTH]) {
     ^~~~~~~~~~~~~
../Core/Src/oscilloscope.c:474:50: warning: pointer targets in passing argument 1 of 'calculate_peak_to_peak' differ in signedness [-Wpointer-sign]
   sprintf(buf,"Vpp=%dmV", calculate_peak_to_peak(osc->ch2.waveform));
                                                  ^~~
../Core/Src/oscilloscope.c:62:5: note: expected 'int16_t * {aka short int *}' but argument is of type 'uint16_t * {aka short unsigned int *}'
 int calculate_peak_to_peak(int16_t waveform[MEMORY_DEPTH]){
     ^~~~~~~~~~~~~~~~~~~~~~
../Core/Src/oscilloscope.c:476:42: warning: pointer targets in passing argument 1 of 'calculate_RMS' differ in signedness [-Wpointer-sign]
   sprintf(buf,"Vrms=%dmV", calculate_RMS(osc->ch2.waveform));
                                          ^~~
../Core/Src/oscilloscope.c:73:5: note: expected 'int16_t * {aka short int *}' but argument is of type 'uint16_t * {aka short unsigned int *}'
 int calculate_RMS(int16_t waveform[MEMORY_DEPTH]) {
     ^~~~~~~~~~~~~
arm-none-eabi-gcc -o "code.elf" @"objects.list"   -mcpu=cortex-m4 -T"C:\Users\kamil\Documents\PROJECTS - repos\KD-23MTS\code\STM32L476RGTX_FLASH.ld" --specs=nosys.specs -Wl,-Map="code.map" -Wl,--gc-sections -static --specs=nano.specs -mfpu=fpv4-sp-d16 -mfloat-abi=hard -mthumb -u _printf_float -Wl,--start-group -lc -lm -Wl,--end-group
Finished building target: code.elf
 
arm-none-eabi-objdump -h -S  code.elf  > "code.list"
arm-none-eabi-objcopy  -O binary  code.elf  "code.bin"
arm-none-eabi-size   code.elf 
   text	   data	    bss	    dec	    hex	filename
  59420	    840	  79144	 139404	  2208c	code.elf
Finished building: default.size.stdout
 
Finished building: code.bin
 
Finished building: code.list
 
02:02:39 **** Incremental Build of configuration Debug for project code ****
make -j4 all 
arm-none-eabi-gcc "../Core/Src/oscilloscope.c" -mcpu=cortex-m4 -std=gnu11 -g3 -DUSE_HAL_DRIVER -DSTM32L476xx -DDEBUG -c -I../Core/Inc -I../Drivers/STM32L4xx_HAL_Driver/Inc -I../Drivers/STM32L4xx_HAL_Driver/Inc/Legacy -I../Drivers/CMSIS/Device/ST/STM32L4xx/Include -I../Drivers/CMSIS/Include -I../fonts -O0 -ffunction-sections -fdata-sections -Wall -fstack-usage -MMD -MP -MF"Core/Src/oscilloscope.d" -MT"Core/Src/oscilloscope.o" --specs=nano.specs -mfpu=fpv4-sp-d16 -mfloat-abi=hard -mthumb -o "Core/Src/oscilloscope.o"
../Core/Src/oscilloscope.c: In function 'oscilloscopeInit':
../Core/Src/oscilloscope.c:31:2: warning: implicit declaration of function 'memcpy' [-Wimplicit-function-declaration]
  memcpy(osc->timeBaseArray, timeBaseArray, sizeof(timeBaseArray));
  ^~~~~~
../Core/Src/oscilloscope.c:31:2: warning: incompatible implicit declaration of built-in function 'memcpy'
../Core/Src/oscilloscope.c:31:2: note: include '<string.h>' or provide a declaration of 'memcpy'
../Core/Src/oscilloscope.c: In function 'displayTimeBase':
../Core/Src/oscilloscope.c:166:20: warning: format '%d' expects argument of type 'int', but argument 3 has type 'uint64_t {aka long long unsigned int}' [-Wformat=]
    sprintf(buf,"H %dus", osc->timeBase_us);
                   ~^     ~~~~~~~~~~~~~~~~
                   %lld
../Core/Src/oscilloscope.c:169:19: warning: format '%d' expects argument of type 'int', but argument 3 has type 'uint64_t {aka long long unsigned int}' [-Wformat=]
   sprintf(buf,"H %dms", osc->timeBase_us/1000);
                  ~^     ~~~~~~~~~~~~~~~~~~~~~
                  %lld
../Core/Src/oscilloscope.c:171:19: warning: format '%d' expects argument of type 'int', but argument 3 has type 'uint64_t {aka long long unsigned int}' [-Wformat=]
   sprintf(buf,"H %ds", osc->timeBase_us/1000000);
                  ~^    ~~~~~~~~~~~~~~~~~~~~~~~~
                  %lld
../Core/Src/oscilloscope.c: In function 'serveTouchScreen':
../Core/Src/oscilloscope.c:264:2: warning: enumeration value 'SelectionTIME_BASE' not handled in switch [-Wswitch]
  switch(osc->selection){
  ^~~~~~
../Core/Src/oscilloscope.c:264:2: warning: enumeration value 'SelectionTRIGGER' not handled in switch [-Wswitch]
../Core/Src/oscilloscope.c:264:2: warning: enumeration value 'SelectionMEASUREMENTS' not handled in switch [-Wswitch]
../Core/Src/oscilloscope.c: In function 'serveEncoder':
../Core/Src/oscilloscope.c:314:2: warning: enumeration value 'SelectionTRIGGER' not handled in switch [-Wswitch]
  switch(osc->selection){
  ^~~~~~
../Core/Src/oscilloscope.c:314:2: warning: enumeration value 'SelectionMAIN_MENU' not handled in switch [-Wswitch]
../Core/Src/oscilloscope.c:314:2: warning: enumeration value 'SelectionCURSORS_CHANGE_CHANNEL' not handled in switch [-Wswitch]
../Core/Src/oscilloscope.c:314:2: warning: enumeration value 'SelectionCURSORS_VERTICAL' not handled in switch [-Wswitch]
../Core/Src/oscilloscope.c:314:2: warning: enumeration value 'SelectionCURSORS_HORIZONTAL' not handled in switch [-Wswitch]
../Core/Src/oscilloscope.c:314:2: warning: enumeration value 'SelectionFFT' not handled in switch [-Wswitch]
../Core/Src/oscilloscope.c:314:2: warning: enumeration value 'SelectionMEASUREMENTS' not handled in switch [-Wswitch]
../Core/Src/oscilloscope.c: In function 'drawMenu':
../Core/Src/oscilloscope.c:372:47: warning: passing argument 5 of 'drawImageTransparentColored' from incompatible pointer type [-Wincompatible-pointer-types]
  drawImageTransparentColored(447, 81,  8, 15, arrowUpDown, color1);
                                               ^~~~~~~~~~~
In file included from ../Core/Inc/oscilloscope.h:16:0,
                 from ../Core/Src/oscilloscope.c:9:
../Core/Inc/ili9488.h:165:6: note: expected 'const uint8_t * {aka const unsigned char *}' but argument is of type 'uint8_t (*)[8] {aka unsigned char (*)[8]}'
 void drawImageTransparentColored(uint16_t x, uint16_t y, uint16_t w, uint16_t h, const uint8_t* img, uint8_t color);
      ^~~~~~~~~~~~~~~~~~~~~~~~~~~
../Core/Src/oscilloscope.c:376:48: warning: passing argument 5 of 'drawImageTransparentColored' from incompatible pointer type [-Wincompatible-pointer-types]
  drawImageTransparentColored(447, 142,  8, 15, arrowUpDown, color2);
                                                ^~~~~~~~~~~
In file included from ../Core/Inc/oscilloscope.h:16:0,
                 from ../Core/Src/oscilloscope.c:9:
../Core/Inc/ili9488.h:165:6: note: expected 'const uint8_t * {aka const unsigned char *}' but argument is of type 'uint8_t (*)[8] {aka unsigned char (*)[8]}'
 void drawImageTransparentColored(uint16_t x, uint16_t y, uint16_t w, uint16_t h, const uint8_t* img, uint8_t color);
      ^~~~~~~~~~~~~~~~~~~~~~~~~~~
../Core/Src/oscilloscope.c:378:47: warning: passing argument 5 of 'drawImageTransparentColored' from incompatible pointer type [-Wincompatible-pointer-types]
  drawImageTransparentColored(443, 187, 15, 7, arrowLeftRight, color3);
                                               ^~~~~~~~~~~~~~
In file included from ../Core/Inc/oscilloscope.h:16:0,
                 from ../Core/Src/oscilloscope.c:9:
../Core/Inc/ili9488.h:165:6: note: expected 'const uint8_t * {aka const unsigned char *}' but argument is of type 'uint8_t (*)[15] {aka unsigned char (*)[15]}'
 void drawImageTransparentColored(uint16_t x, uint16_t y, uint16_t w, uint16_t h, const uint8_t* img, uint8_t color);
      ^~~~~~~~~~~~~~~~~~~~~~~~~~~
../Core/Src/oscilloscope.c: In function 'drawCursorsMenu':
../Core/Src/oscilloscope.c:435:48: warning: passing argument 5 of 'drawImageTransparentColored' from incompatible pointer type [-Wincompatible-pointer-types]
   drawImageTransparentColored(443, 112, 15, 7, arrowLeftRight, GREY);
                                                ^~~~~~~~~~~~~~
In file included from ../Core/Inc/oscilloscope.h:16:0,
                 from ../Core/Src/oscilloscope.c:9:
../Core/Inc/ili9488.h:165:6: note: expected 'const uint8_t * {aka const unsigned char *}' but argument is of type 'uint8_t (*)[15] {aka unsigned char (*)[15]}'
 void drawImageTransparentColored(uint16_t x, uint16_t y, uint16_t w, uint16_t h, const uint8_t* img, uint8_t color);
      ^~~~~~~~~~~~~~~~~~~~~~~~~~~
../Core/Src/oscilloscope.c:436:48: warning: passing argument 5 of 'drawImageTransparentColored' from incompatible pointer type [-Wincompatible-pointer-types]
   drawImageTransparentColored(447, 148, 8, 15, arrowUpDown, GREY);
                                                ^~~~~~~~~~~
In file included from ../Core/Inc/oscilloscope.h:16:0,
                 from ../Core/Src/oscilloscope.c:9:
../Core/Inc/ili9488.h:165:6: note: expected 'const uint8_t * {aka const unsigned char *}' but argument is of type 'uint8_t (*)[8] {aka unsigned char (*)[8]}'
 void drawImageTransparentColored(uint16_t x, uint16_t y, uint16_t w, uint16_t h, const uint8_t* img, uint8_t color);
      ^~~~~~~~~~~~~~~~~~~~~~~~~~~
../Core/Src/oscilloscope.c:439:48: warning: passing argument 5 of 'drawImageTransparentColored' from incompatible pointer type [-Wincompatible-pointer-types]
   drawImageTransparentColored(443, 112, 15, 7, arrowLeftRight, WHITE);
                                                ^~~~~~~~~~~~~~
In file included from ../Core/Inc/oscilloscope.h:16:0,
                 from ../Core/Src/oscilloscope.c:9:
../Core/Inc/ili9488.h:165:6: note: expected 'const uint8_t * {aka const unsigned char *}' but argument is of type 'uint8_t (*)[15] {aka unsigned char (*)[15]}'
 void drawImageTransparentColored(uint16_t x, uint16_t y, uint16_t w, uint16_t h, const uint8_t* img, uint8_t color);
      ^~~~~~~~~~~~~~~~~~~~~~~~~~~
../Core/Src/oscilloscope.c:440:48: warning: passing argument 5 of 'drawImageTransparentColored' from incompatible pointer type [-Wincompatible-pointer-types]
   drawImageTransparentColored(447, 148, 8, 15, arrowUpDown, GREY);
                                                ^~~~~~~~~~~
In file included from ../Core/Inc/oscilloscope.h:16:0,
                 from ../Core/Src/oscilloscope.c:9:
../Core/Inc/ili9488.h:165:6: note: expected 'const uint8_t * {aka const unsigned char *}' but argument is of type 'uint8_t (*)[8] {aka unsigned char (*)[8]}'
 void drawImageTransparentColored(uint16_t x, uint16_t y, uint16_t w, uint16_t h, const uint8_t* img, uint8_t color);
      ^~~~~~~~~~~~~~~~~~~~~~~~~~~
../Core/Src/oscilloscope.c:443:48: warning: passing argument 5 of 'drawImageTransparentColored' from incompatible pointer type [-Wincompatible-pointer-types]
   drawImageTransparentColored(443, 112, 15, 7, arrowLeftRight, GREY);
                                                ^~~~~~~~~~~~~~
In file included from ../Core/Inc/oscilloscope.h:16:0,
                 from ../Core/Src/oscilloscope.c:9:
../Core/Inc/ili9488.h:165:6: note: expected 'const uint8_t * {aka const unsigned char *}' but argument is of type 'uint8_t (*)[15] {aka unsigned char (*)[15]}'
 void drawImageTransparentColored(uint16_t x, uint16_t y, uint16_t w, uint16_t h, const uint8_t* img, uint8_t color);
      ^~~~~~~~~~~~~~~~~~~~~~~~~~~
../Core/Src/oscilloscope.c:444:48: warning: passing argument 5 of 'drawImageTransparentColored' from incompatible pointer type [-Wincompatible-pointer-types]
   drawImageTransparentColored(447, 148, 8, 15, arrowUpDown, WHITE);
                                                ^~~~~~~~~~~
In file included from ../Core/Inc/oscilloscope.h:16:0,
                 from ../Core/Src/oscilloscope.c:9:
../Core/Inc/ili9488.h:165:6: note: expected 'const uint8_t * {aka const unsigned char *}' but argument is of type 'uint8_t (*)[8] {aka unsigned char (*)[8]}'
 void drawImageTransparentColored(uint16_t x, uint16_t y, uint16_t w, uint16_t h, const uint8_t* img, uint8_t color);
      ^~~~~~~~~~~~~~~~~~~~~~~~~~~
../Core/Src/oscilloscope.c: In function 'drawMeasurements':
../Core/Src/oscilloscope.c:468:50: warning: pointer targets in passing argument 1 of 'calculate_peak_to_peak' differ in signedness [-Wpointer-sign]
   sprintf(buf,"Vpp=%dmV", calculate_peak_to_peak(osc->ch1.waveform));
                                                  ^~~
../Core/Src/oscilloscope.c:62:5: note: expected 'int16_t * {aka short int *}' but argument is of type 'uint16_t * {aka short unsigned int *}'
 int calculate_peak_to_peak(int16_t waveform[MEMORY_DEPTH]){
     ^~~~~~~~~~~~~~~~~~~~~~
../Core/Src/oscilloscope.c:470:42: warning: pointer targets in passing argument 1 of 'calculate_RMS' differ in signedness [-Wpointer-sign]
   sprintf(buf,"Vrms=%dmV", calculate_RMS(osc->ch1.waveform));
                                          ^~~
../Core/Src/oscilloscope.c:73:5: note: expected 'int16_t * {aka short int *}' but argument is of type 'uint16_t * {aka short unsigned int *}'
 int calculate_RMS(int16_t waveform[MEMORY_DEPTH]) {
     ^~~~~~~~~~~~~
../Core/Src/oscilloscope.c:474:50: warning: pointer targets in passing argument 1 of 'calculate_peak_to_peak' differ in signedness [-Wpointer-sign]
   sprintf(buf,"Vpp=%dmV", calculate_peak_to_peak(osc->ch2.waveform));
                                                  ^~~
../Core/Src/oscilloscope.c:62:5: note: expected 'int16_t * {aka short int *}' but argument is of type 'uint16_t * {aka short unsigned int *}'
 int calculate_peak_to_peak(int16_t waveform[MEMORY_DEPTH]){
     ^~~~~~~~~~~~~~~~~~~~~~
../Core/Src/oscilloscope.c:476:42: warning: pointer targets in passing argument 1 of 'calculate_RMS' differ in signedness [-Wpointer-sign]
   sprintf(buf,"Vrms=%dmV", calculate_RMS(osc->ch2.waveform));
                                          ^~~
../Core/Src/oscilloscope.c:73:5: note: expected 'int16_t * {aka short int *}' but argument is of type 'uint16_t * {aka short unsigned int *}'
 int calculate_RMS(int16_t waveform[MEMORY_DEPTH]) {
     ^~~~~~~~~~~~~
arm-none-eabi-gcc -o "code.elf" @"objects.list"   -mcpu=cortex-m4 -T"C:\Users\kamil\Documents\PROJECTS - repos\KD-23MTS\code\STM32L476RGTX_FLASH.ld" --specs=nosys.specs -Wl,-Map="code.map" -Wl,--gc-sections -static --specs=nano.specs -mfpu=fpv4-sp-d16 -mfloat-abi=hard -mthumb -u _printf_float -Wl,--start-group -lc -lm -Wl,--end-group
Finished building target: code.elf
 
arm-none-eabi-objdump -h -S  code.elf  > "code.list"
arm-none-eabi-objcopy  -O binary  code.elf  "code.bin"
arm-none-eabi-size   code.elf 
   text	   data	    bss	    dec	    hex	filename
  59420	    840	  79144	 139404	  2208c	code.elf
Finished building: default.size.stdout
 
Finished building: code.bin
 
Finished building: code.list
 
02:03:54 **** Incremental Build of configuration Debug for project code ****
make -j4 all 
arm-none-eabi-gcc "../Core/Src/oscilloscope.c" -mcpu=cortex-m4 -std=gnu11 -g3 -DUSE_HAL_DRIVER -DSTM32L476xx -DDEBUG -c -I../Core/Inc -I../Drivers/STM32L4xx_HAL_Driver/Inc -I../Drivers/STM32L4xx_HAL_Driver/Inc/Legacy -I../Drivers/CMSIS/Device/ST/STM32L4xx/Include -I../Drivers/CMSIS/Include -I../fonts -O0 -ffunction-sections -fdata-sections -Wall -fstack-usage -MMD -MP -MF"Core/Src/oscilloscope.d" -MT"Core/Src/oscilloscope.o" --specs=nano.specs -mfpu=fpv4-sp-d16 -mfloat-abi=hard -mthumb -o "Core/Src/oscilloscope.o"
../Core/Src/oscilloscope.c: In function 'oscilloscopeInit':
../Core/Src/oscilloscope.c:31:2: warning: implicit declaration of function 'memcpy' [-Wimplicit-function-declaration]
  memcpy(osc->timeBaseArray, timeBaseArray, sizeof(timeBaseArray));
  ^~~~~~
../Core/Src/oscilloscope.c:31:2: warning: incompatible implicit declaration of built-in function 'memcpy'
../Core/Src/oscilloscope.c:31:2: note: include '<string.h>' or provide a declaration of 'memcpy'
../Core/Src/oscilloscope.c: In function 'displayTimeBase':
../Core/Src/oscilloscope.c:166:20: warning: format '%d' expects argument of type 'int', but argument 3 has type 'uint64_t {aka long long unsigned int}' [-Wformat=]
    sprintf(buf,"H %dus", osc->timeBase_us);
                   ~^     ~~~~~~~~~~~~~~~~
                   %lld
../Core/Src/oscilloscope.c:169:19: warning: format '%d' expects argument of type 'int', but argument 3 has type 'uint64_t {aka long long unsigned int}' [-Wformat=]
   sprintf(buf,"H %dms", osc->timeBase_us/1000);
                  ~^     ~~~~~~~~~~~~~~~~~~~~~
                  %lld
../Core/Src/oscilloscope.c:171:19: warning: format '%d' expects argument of type 'int', but argument 3 has type 'uint64_t {aka long long unsigned int}' [-Wformat=]
   sprintf(buf,"H %ds", osc->timeBase_us/1000000);
                  ~^    ~~~~~~~~~~~~~~~~~~~~~~~~
                  %lld
../Core/Src/oscilloscope.c: In function 'serveTouchScreen':
../Core/Src/oscilloscope.c:264:2: warning: enumeration value 'SelectionTIME_BASE' not handled in switch [-Wswitch]
  switch(osc->selection){
  ^~~~~~
../Core/Src/oscilloscope.c:264:2: warning: enumeration value 'SelectionTRIGGER' not handled in switch [-Wswitch]
../Core/Src/oscilloscope.c:264:2: warning: enumeration value 'SelectionMEASUREMENTS' not handled in switch [-Wswitch]
../Core/Src/oscilloscope.c: In function 'serveEncoder':
../Core/Src/oscilloscope.c:314:2: warning: enumeration value 'SelectionTRIGGER' not handled in switch [-Wswitch]
  switch(osc->selection){
  ^~~~~~
../Core/Src/oscilloscope.c:314:2: warning: enumeration value 'SelectionMAIN_MENU' not handled in switch [-Wswitch]
../Core/Src/oscilloscope.c:314:2: warning: enumeration value 'SelectionCURSORS_CHANGE_CHANNEL' not handled in switch [-Wswitch]
../Core/Src/oscilloscope.c:314:2: warning: enumeration value 'SelectionCURSORS_VERTICAL' not handled in switch [-Wswitch]
../Core/Src/oscilloscope.c:314:2: warning: enumeration value 'SelectionCURSORS_HORIZONTAL' not handled in switch [-Wswitch]
../Core/Src/oscilloscope.c:314:2: warning: enumeration value 'SelectionFFT' not handled in switch [-Wswitch]
../Core/Src/oscilloscope.c:314:2: warning: enumeration value 'SelectionMEASUREMENTS' not handled in switch [-Wswitch]
../Core/Src/oscilloscope.c: In function 'drawMenu':
../Core/Src/oscilloscope.c:372:47: warning: passing argument 5 of 'drawImageTransparentColored' from incompatible pointer type [-Wincompatible-pointer-types]
  drawImageTransparentColored(447, 81,  8, 15, arrowUpDown, color1);
                                               ^~~~~~~~~~~
In file included from ../Core/Inc/oscilloscope.h:16:0,
                 from ../Core/Src/oscilloscope.c:9:
../Core/Inc/ili9488.h:165:6: note: expected 'const uint8_t * {aka const unsigned char *}' but argument is of type 'uint8_t (*)[8] {aka unsigned char (*)[8]}'
 void drawImageTransparentColored(uint16_t x, uint16_t y, uint16_t w, uint16_t h, const uint8_t* img, uint8_t color);
      ^~~~~~~~~~~~~~~~~~~~~~~~~~~
../Core/Src/oscilloscope.c:376:48: warning: passing argument 5 of 'drawImageTransparentColored' from incompatible pointer type [-Wincompatible-pointer-types]
  drawImageTransparentColored(447, 142,  8, 15, arrowUpDown, color2);
                                                ^~~~~~~~~~~
In file included from ../Core/Inc/oscilloscope.h:16:0,
                 from ../Core/Src/oscilloscope.c:9:
../Core/Inc/ili9488.h:165:6: note: expected 'const uint8_t * {aka const unsigned char *}' but argument is of type 'uint8_t (*)[8] {aka unsigned char (*)[8]}'
 void drawImageTransparentColored(uint16_t x, uint16_t y, uint16_t w, uint16_t h, const uint8_t* img, uint8_t color);
      ^~~~~~~~~~~~~~~~~~~~~~~~~~~
../Core/Src/oscilloscope.c:378:47: warning: passing argument 5 of 'drawImageTransparentColored' from incompatible pointer type [-Wincompatible-pointer-types]
  drawImageTransparentColored(443, 187, 15, 7, arrowLeftRight, color3);
                                               ^~~~~~~~~~~~~~
In file included from ../Core/Inc/oscilloscope.h:16:0,
                 from ../Core/Src/oscilloscope.c:9:
../Core/Inc/ili9488.h:165:6: note: expected 'const uint8_t * {aka const unsigned char *}' but argument is of type 'uint8_t (*)[15] {aka unsigned char (*)[15]}'
 void drawImageTransparentColored(uint16_t x, uint16_t y, uint16_t w, uint16_t h, const uint8_t* img, uint8_t color);
      ^~~~~~~~~~~~~~~~~~~~~~~~~~~
../Core/Src/oscilloscope.c: In function 'drawCursorsMenu':
../Core/Src/oscilloscope.c:435:48: warning: passing argument 5 of 'drawImageTransparentColored' from incompatible pointer type [-Wincompatible-pointer-types]
   drawImageTransparentColored(443, 112, 15, 7, arrowLeftRight, GREY);
                                                ^~~~~~~~~~~~~~
In file included from ../Core/Inc/oscilloscope.h:16:0,
                 from ../Core/Src/oscilloscope.c:9:
../Core/Inc/ili9488.h:165:6: note: expected 'const uint8_t * {aka const unsigned char *}' but argument is of type 'uint8_t (*)[15] {aka unsigned char (*)[15]}'
 void drawImageTransparentColored(uint16_t x, uint16_t y, uint16_t w, uint16_t h, const uint8_t* img, uint8_t color);
      ^~~~~~~~~~~~~~~~~~~~~~~~~~~
../Core/Src/oscilloscope.c:436:48: warning: passing argument 5 of 'drawImageTransparentColored' from incompatible pointer type [-Wincompatible-pointer-types]
   drawImageTransparentColored(447, 148, 8, 15, arrowUpDown, GREY);
                                                ^~~~~~~~~~~
In file included from ../Core/Inc/oscilloscope.h:16:0,
                 from ../Core/Src/oscilloscope.c:9:
../Core/Inc/ili9488.h:165:6: note: expected 'const uint8_t * {aka const unsigned char *}' but argument is of type 'uint8_t (*)[8] {aka unsigned char (*)[8]}'
 void drawImageTransparentColored(uint16_t x, uint16_t y, uint16_t w, uint16_t h, const uint8_t* img, uint8_t color);
      ^~~~~~~~~~~~~~~~~~~~~~~~~~~
../Core/Src/oscilloscope.c:439:48: warning: passing argument 5 of 'drawImageTransparentColored' from incompatible pointer type [-Wincompatible-pointer-types]
   drawImageTransparentColored(443, 112, 15, 7, arrowLeftRight, WHITE);
                                                ^~~~~~~~~~~~~~
In file included from ../Core/Inc/oscilloscope.h:16:0,
                 from ../Core/Src/oscilloscope.c:9:
../Core/Inc/ili9488.h:165:6: note: expected 'const uint8_t * {aka const unsigned char *}' but argument is of type 'uint8_t (*)[15] {aka unsigned char (*)[15]}'
 void drawImageTransparentColored(uint16_t x, uint16_t y, uint16_t w, uint16_t h, const uint8_t* img, uint8_t color);
      ^~~~~~~~~~~~~~~~~~~~~~~~~~~
../Core/Src/oscilloscope.c:440:48: warning: passing argument 5 of 'drawImageTransparentColored' from incompatible pointer type [-Wincompatible-pointer-types]
   drawImageTransparentColored(447, 148, 8, 15, arrowUpDown, GREY);
                                                ^~~~~~~~~~~
In file included from ../Core/Inc/oscilloscope.h:16:0,
                 from ../Core/Src/oscilloscope.c:9:
../Core/Inc/ili9488.h:165:6: note: expected 'const uint8_t * {aka const unsigned char *}' but argument is of type 'uint8_t (*)[8] {aka unsigned char (*)[8]}'
 void drawImageTransparentColored(uint16_t x, uint16_t y, uint16_t w, uint16_t h, const uint8_t* img, uint8_t color);
      ^~~~~~~~~~~~~~~~~~~~~~~~~~~
../Core/Src/oscilloscope.c:443:48: warning: passing argument 5 of 'drawImageTransparentColored' from incompatible pointer type [-Wincompatible-pointer-types]
   drawImageTransparentColored(443, 112, 15, 7, arrowLeftRight, GREY);
                                                ^~~~~~~~~~~~~~
In file included from ../Core/Inc/oscilloscope.h:16:0,
                 from ../Core/Src/oscilloscope.c:9:
../Core/Inc/ili9488.h:165:6: note: expected 'const uint8_t * {aka const unsigned char *}' but argument is of type 'uint8_t (*)[15] {aka unsigned char (*)[15]}'
 void drawImageTransparentColored(uint16_t x, uint16_t y, uint16_t w, uint16_t h, const uint8_t* img, uint8_t color);
      ^~~~~~~~~~~~~~~~~~~~~~~~~~~
../Core/Src/oscilloscope.c:444:48: warning: passing argument 5 of 'drawImageTransparentColored' from incompatible pointer type [-Wincompatible-pointer-types]
   drawImageTransparentColored(447, 148, 8, 15, arrowUpDown, WHITE);
                                                ^~~~~~~~~~~
In file included from ../Core/Inc/oscilloscope.h:16:0,
                 from ../Core/Src/oscilloscope.c:9:
../Core/Inc/ili9488.h:165:6: note: expected 'const uint8_t * {aka const unsigned char *}' but argument is of type 'uint8_t (*)[8] {aka unsigned char (*)[8]}'
 void drawImageTransparentColored(uint16_t x, uint16_t y, uint16_t w, uint16_t h, const uint8_t* img, uint8_t color);
      ^~~~~~~~~~~~~~~~~~~~~~~~~~~
../Core/Src/oscilloscope.c: In function 'drawMeasurements':
../Core/Src/oscilloscope.c:468:50: warning: pointer targets in passing argument 1 of 'calculate_peak_to_peak' differ in signedness [-Wpointer-sign]
   sprintf(buf,"Vpp=%dmV", calculate_peak_to_peak(osc->ch1.waveform));
                                                  ^~~
../Core/Src/oscilloscope.c:62:5: note: expected 'int16_t * {aka short int *}' but argument is of type 'uint16_t * {aka short unsigned int *}'
 int calculate_peak_to_peak(int16_t waveform[MEMORY_DEPTH]){
     ^~~~~~~~~~~~~~~~~~~~~~
../Core/Src/oscilloscope.c:470:42: warning: pointer targets in passing argument 1 of 'calculate_RMS' differ in signedness [-Wpointer-sign]
   sprintf(buf,"Vrms=%dmV", calculate_RMS(osc->ch1.waveform));
                                          ^~~
../Core/Src/oscilloscope.c:73:5: note: expected 'int16_t * {aka short int *}' but argument is of type 'uint16_t * {aka short unsigned int *}'
 int calculate_RMS(int16_t waveform[MEMORY_DEPTH]) {
     ^~~~~~~~~~~~~
../Core/Src/oscilloscope.c:474:50: warning: pointer targets in passing argument 1 of 'calculate_peak_to_peak' differ in signedness [-Wpointer-sign]
   sprintf(buf,"Vpp=%dmV", calculate_peak_to_peak(osc->ch2.waveform));
                                                  ^~~
../Core/Src/oscilloscope.c:62:5: note: expected 'int16_t * {aka short int *}' but argument is of type 'uint16_t * {aka short unsigned int *}'
 int calculate_peak_to_peak(int16_t waveform[MEMORY_DEPTH]){
     ^~~~~~~~~~~~~~~~~~~~~~
../Core/Src/oscilloscope.c:476:42: warning: pointer targets in passing argument 1 of 'calculate_RMS' differ in signedness [-Wpointer-sign]
   sprintf(buf,"Vrms=%dmV", calculate_RMS(osc->ch2.waveform));
                                          ^~~
../Core/Src/oscilloscope.c:73:5: note: expected 'int16_t * {aka short int *}' but argument is of type 'uint16_t * {aka short unsigned int *}'
 int calculate_RMS(int16_t waveform[MEMORY_DEPTH]) {
     ^~~~~~~~~~~~~
arm-none-eabi-gcc -o "code.elf" @"objects.list"   -mcpu=cortex-m4 -T"C:\Users\kamil\Documents\PROJECTS - repos\KD-23MTS\code\STM32L476RGTX_FLASH.ld" --specs=nosys.specs -Wl,-Map="code.map" -Wl,--gc-sections -static --specs=nano.specs -mfpu=fpv4-sp-d16 -mfloat-abi=hard -mthumb -u _printf_float -Wl,--start-group -lc -lm -Wl,--end-group
Finished building target: code.elf
 
arm-none-eabi-objdump -h -S  code.elf  > "code.list"
arm-none-eabi-objcopy  -O binary  code.elf  "code.bin"
arm-none-eabi-size   code.elf 
   text	   data	    bss	    dec	    hex	filename
  59404	    840	  79144	 139388	  2207c	code.elf
Finished building: default.size.stdout
 
Finished building: code.bin
 
Finished building: code.list
 
02:05:28 **** Incremental Build of configuration Debug for project code ****
make -j4 all 
arm-none-eabi-gcc "../Core/Src/oscilloscope.c" -mcpu=cortex-m4 -std=gnu11 -g3 -DUSE_HAL_DRIVER -DSTM32L476xx -DDEBUG -c -I../Core/Inc -I../Drivers/STM32L4xx_HAL_Driver/Inc -I../Drivers/STM32L4xx_HAL_Driver/Inc/Legacy -I../Drivers/CMSIS/Device/ST/STM32L4xx/Include -I../Drivers/CMSIS/Include -I../fonts -O0 -ffunction-sections -fdata-sections -Wall -fstack-usage -MMD -MP -MF"Core/Src/oscilloscope.d" -MT"Core/Src/oscilloscope.o" --specs=nano.specs -mfpu=fpv4-sp-d16 -mfloat-abi=hard -mthumb -o "Core/Src/oscilloscope.o"
../Core/Src/oscilloscope.c: In function 'oscilloscopeInit':
../Core/Src/oscilloscope.c:31:2: warning: implicit declaration of function 'memcpy' [-Wimplicit-function-declaration]
  memcpy(osc->timeBaseArray, timeBaseArray, sizeof(timeBaseArray));
  ^~~~~~
../Core/Src/oscilloscope.c:31:2: warning: incompatible implicit declaration of built-in function 'memcpy'
../Core/Src/oscilloscope.c:31:2: note: include '<string.h>' or provide a declaration of 'memcpy'
../Core/Src/oscilloscope.c: In function 'displayTimeBase':
../Core/Src/oscilloscope.c:166:20: warning: format '%d' expects argument of type 'int', but argument 3 has type 'uint64_t {aka long long unsigned int}' [-Wformat=]
    sprintf(buf,"H %dus", osc->timeBase_us);
                   ~^     ~~~~~~~~~~~~~~~~
                   %lld
../Core/Src/oscilloscope.c:169:19: warning: format '%d' expects argument of type 'int', but argument 3 has type 'uint64_t {aka long long unsigned int}' [-Wformat=]
   sprintf(buf,"H %dms", osc->timeBase_us/1000);
                  ~^     ~~~~~~~~~~~~~~~~~~~~~
                  %lld
../Core/Src/oscilloscope.c:171:19: warning: format '%d' expects argument of type 'int', but argument 3 has type 'uint64_t {aka long long unsigned int}' [-Wformat=]
   sprintf(buf,"H %ds", osc->timeBase_us/1000000);
                  ~^    ~~~~~~~~~~~~~~~~~~~~~~~~
                  %lld
../Core/Src/oscilloscope.c: In function 'serveTouchScreen':
../Core/Src/oscilloscope.c:264:2: warning: enumeration value 'SelectionTIME_BASE' not handled in switch [-Wswitch]
  switch(osc->selection){
  ^~~~~~
../Core/Src/oscilloscope.c:264:2: warning: enumeration value 'SelectionTRIGGER' not handled in switch [-Wswitch]
../Core/Src/oscilloscope.c:264:2: warning: enumeration value 'SelectionMEASUREMENTS' not handled in switch [-Wswitch]
../Core/Src/oscilloscope.c: In function 'serveEncoder':
../Core/Src/oscilloscope.c:314:2: warning: enumeration value 'SelectionTRIGGER' not handled in switch [-Wswitch]
  switch(osc->selection){
  ^~~~~~
../Core/Src/oscilloscope.c:314:2: warning: enumeration value 'SelectionMAIN_MENU' not handled in switch [-Wswitch]
../Core/Src/oscilloscope.c:314:2: warning: enumeration value 'SelectionCURSORS_CHANGE_CHANNEL' not handled in switch [-Wswitch]
../Core/Src/oscilloscope.c:314:2: warning: enumeration value 'SelectionCURSORS_VERTICAL' not handled in switch [-Wswitch]
../Core/Src/oscilloscope.c:314:2: warning: enumeration value 'SelectionCURSORS_HORIZONTAL' not handled in switch [-Wswitch]
../Core/Src/oscilloscope.c:314:2: warning: enumeration value 'SelectionFFT' not handled in switch [-Wswitch]
../Core/Src/oscilloscope.c:314:2: warning: enumeration value 'SelectionMEASUREMENTS' not handled in switch [-Wswitch]
../Core/Src/oscilloscope.c: In function 'drawMenu':
../Core/Src/oscilloscope.c:372:47: warning: passing argument 5 of 'drawImageTransparentColored' from incompatible pointer type [-Wincompatible-pointer-types]
  drawImageTransparentColored(447, 81,  8, 15, arrowUpDown, color1);
                                               ^~~~~~~~~~~
In file included from ../Core/Inc/oscilloscope.h:16:0,
                 from ../Core/Src/oscilloscope.c:9:
../Core/Inc/ili9488.h:165:6: note: expected 'const uint8_t * {aka const unsigned char *}' but argument is of type 'uint8_t (*)[8] {aka unsigned char (*)[8]}'
 void drawImageTransparentColored(uint16_t x, uint16_t y, uint16_t w, uint16_t h, const uint8_t* img, uint8_t color);
      ^~~~~~~~~~~~~~~~~~~~~~~~~~~
../Core/Src/oscilloscope.c:376:48: warning: passing argument 5 of 'drawImageTransparentColored' from incompatible pointer type [-Wincompatible-pointer-types]
  drawImageTransparentColored(447, 142,  8, 15, arrowUpDown, color2);
                                                ^~~~~~~~~~~
In file included from ../Core/Inc/oscilloscope.h:16:0,
                 from ../Core/Src/oscilloscope.c:9:
../Core/Inc/ili9488.h:165:6: note: expected 'const uint8_t * {aka const unsigned char *}' but argument is of type 'uint8_t (*)[8] {aka unsigned char (*)[8]}'
 void drawImageTransparentColored(uint16_t x, uint16_t y, uint16_t w, uint16_t h, const uint8_t* img, uint8_t color);
      ^~~~~~~~~~~~~~~~~~~~~~~~~~~
../Core/Src/oscilloscope.c:378:47: warning: passing argument 5 of 'drawImageTransparentColored' from incompatible pointer type [-Wincompatible-pointer-types]
  drawImageTransparentColored(443, 187, 15, 7, arrowLeftRight, color3);
                                               ^~~~~~~~~~~~~~
In file included from ../Core/Inc/oscilloscope.h:16:0,
                 from ../Core/Src/oscilloscope.c:9:
../Core/Inc/ili9488.h:165:6: note: expected 'const uint8_t * {aka const unsigned char *}' but argument is of type 'uint8_t (*)[15] {aka unsigned char (*)[15]}'
 void drawImageTransparentColored(uint16_t x, uint16_t y, uint16_t w, uint16_t h, const uint8_t* img, uint8_t color);
      ^~~~~~~~~~~~~~~~~~~~~~~~~~~
../Core/Src/oscilloscope.c: In function 'drawCursorsMenu':
../Core/Src/oscilloscope.c:435:48: warning: passing argument 5 of 'drawImageTransparentColored' from incompatible pointer type [-Wincompatible-pointer-types]
   drawImageTransparentColored(443, 112, 15, 7, arrowLeftRight, GREY);
                                                ^~~~~~~~~~~~~~
In file included from ../Core/Inc/oscilloscope.h:16:0,
                 from ../Core/Src/oscilloscope.c:9:
../Core/Inc/ili9488.h:165:6: note: expected 'const uint8_t * {aka const unsigned char *}' but argument is of type 'uint8_t (*)[15] {aka unsigned char (*)[15]}'
 void drawImageTransparentColored(uint16_t x, uint16_t y, uint16_t w, uint16_t h, const uint8_t* img, uint8_t color);
      ^~~~~~~~~~~~~~~~~~~~~~~~~~~
../Core/Src/oscilloscope.c:436:48: warning: passing argument 5 of 'drawImageTransparentColored' from incompatible pointer type [-Wincompatible-pointer-types]
   drawImageTransparentColored(447, 148, 8, 15, arrowUpDown, GREY);
                                                ^~~~~~~~~~~
In file included from ../Core/Inc/oscilloscope.h:16:0,
                 from ../Core/Src/oscilloscope.c:9:
../Core/Inc/ili9488.h:165:6: note: expected 'const uint8_t * {aka const unsigned char *}' but argument is of type 'uint8_t (*)[8] {aka unsigned char (*)[8]}'
 void drawImageTransparentColored(uint16_t x, uint16_t y, uint16_t w, uint16_t h, const uint8_t* img, uint8_t color);
      ^~~~~~~~~~~~~~~~~~~~~~~~~~~
../Core/Src/oscilloscope.c:439:48: warning: passing argument 5 of 'drawImageTransparentColored' from incompatible pointer type [-Wincompatible-pointer-types]
   drawImageTransparentColored(443, 112, 15, 7, arrowLeftRight, WHITE);
                                                ^~~~~~~~~~~~~~
In file included from ../Core/Inc/oscilloscope.h:16:0,
                 from ../Core/Src/oscilloscope.c:9:
../Core/Inc/ili9488.h:165:6: note: expected 'const uint8_t * {aka const unsigned char *}' but argument is of type 'uint8_t (*)[15] {aka unsigned char (*)[15]}'
 void drawImageTransparentColored(uint16_t x, uint16_t y, uint16_t w, uint16_t h, const uint8_t* img, uint8_t color);
      ^~~~~~~~~~~~~~~~~~~~~~~~~~~
../Core/Src/oscilloscope.c:440:48: warning: passing argument 5 of 'drawImageTransparentColored' from incompatible pointer type [-Wincompatible-pointer-types]
   drawImageTransparentColored(447, 148, 8, 15, arrowUpDown, GREY);
                                                ^~~~~~~~~~~
In file included from ../Core/Inc/oscilloscope.h:16:0,
                 from ../Core/Src/oscilloscope.c:9:
../Core/Inc/ili9488.h:165:6: note: expected 'const uint8_t * {aka const unsigned char *}' but argument is of type 'uint8_t (*)[8] {aka unsigned char (*)[8]}'
 void drawImageTransparentColored(uint16_t x, uint16_t y, uint16_t w, uint16_t h, const uint8_t* img, uint8_t color);
      ^~~~~~~~~~~~~~~~~~~~~~~~~~~
../Core/Src/oscilloscope.c:443:48: warning: passing argument 5 of 'drawImageTransparentColored' from incompatible pointer type [-Wincompatible-pointer-types]
   drawImageTransparentColored(443, 112, 15, 7, arrowLeftRight, GREY);
                                                ^~~~~~~~~~~~~~
In file included from ../Core/Inc/oscilloscope.h:16:0,
                 from ../Core/Src/oscilloscope.c:9:
../Core/Inc/ili9488.h:165:6: note: expected 'const uint8_t * {aka const unsigned char *}' but argument is of type 'uint8_t (*)[15] {aka unsigned char (*)[15]}'
 void drawImageTransparentColored(uint16_t x, uint16_t y, uint16_t w, uint16_t h, const uint8_t* img, uint8_t color);
      ^~~~~~~~~~~~~~~~~~~~~~~~~~~
../Core/Src/oscilloscope.c:444:48: warning: passing argument 5 of 'drawImageTransparentColored' from incompatible pointer type [-Wincompatible-pointer-types]
   drawImageTransparentColored(447, 148, 8, 15, arrowUpDown, WHITE);
                                                ^~~~~~~~~~~
In file included from ../Core/Inc/oscilloscope.h:16:0,
                 from ../Core/Src/oscilloscope.c:9:
../Core/Inc/ili9488.h:165:6: note: expected 'const uint8_t * {aka const unsigned char *}' but argument is of type 'uint8_t (*)[8] {aka unsigned char (*)[8]}'
 void drawImageTransparentColored(uint16_t x, uint16_t y, uint16_t w, uint16_t h, const uint8_t* img, uint8_t color);
      ^~~~~~~~~~~~~~~~~~~~~~~~~~~
../Core/Src/oscilloscope.c: In function 'drawMeasurements':
../Core/Src/oscilloscope.c:468:50: warning: pointer targets in passing argument 1 of 'calculate_peak_to_peak' differ in signedness [-Wpointer-sign]
   sprintf(buf,"Vpp=%dmV", calculate_peak_to_peak(osc->ch1.waveform));
                                                  ^~~
../Core/Src/oscilloscope.c:62:5: note: expected 'int16_t * {aka short int *}' but argument is of type 'uint16_t * {aka short unsigned int *}'
 int calculate_peak_to_peak(int16_t waveform[MEMORY_DEPTH]){
     ^~~~~~~~~~~~~~~~~~~~~~
../Core/Src/oscilloscope.c:470:42: warning: pointer targets in passing argument 1 of 'calculate_RMS' differ in signedness [-Wpointer-sign]
   sprintf(buf,"Vrms=%dmV", calculate_RMS(osc->ch1.waveform));
                                          ^~~
../Core/Src/oscilloscope.c:73:5: note: expected 'int16_t * {aka short int *}' but argument is of type 'uint16_t * {aka short unsigned int *}'
 int calculate_RMS(int16_t waveform[MEMORY_DEPTH]) {
     ^~~~~~~~~~~~~
../Core/Src/oscilloscope.c:474:50: warning: pointer targets in passing argument 1 of 'calculate_peak_to_peak' differ in signedness [-Wpointer-sign]
   sprintf(buf,"Vpp=%dmV", calculate_peak_to_peak(osc->ch2.waveform));
                                                  ^~~
../Core/Src/oscilloscope.c:62:5: note: expected 'int16_t * {aka short int *}' but argument is of type 'uint16_t * {aka short unsigned int *}'
 int calculate_peak_to_peak(int16_t waveform[MEMORY_DEPTH]){
     ^~~~~~~~~~~~~~~~~~~~~~
../Core/Src/oscilloscope.c:476:42: warning: pointer targets in passing argument 1 of 'calculate_RMS' differ in signedness [-Wpointer-sign]
   sprintf(buf,"Vrms=%dmV", calculate_RMS(osc->ch2.waveform));
                                          ^~~
../Core/Src/oscilloscope.c:73:5: note: expected 'int16_t * {aka short int *}' but argument is of type 'uint16_t * {aka short unsigned int *}'
 int calculate_RMS(int16_t waveform[MEMORY_DEPTH]) {
     ^~~~~~~~~~~~~
arm-none-eabi-gcc -o "code.elf" @"objects.list"   -mcpu=cortex-m4 -T"C:\Users\kamil\Documents\PROJECTS - repos\KD-23MTS\code\STM32L476RGTX_FLASH.ld" --specs=nosys.specs -Wl,-Map="code.map" -Wl,--gc-sections -static --specs=nano.specs -mfpu=fpv4-sp-d16 -mfloat-abi=hard -mthumb -u _printf_float -Wl,--start-group -lc -lm -Wl,--end-group
Finished building target: code.elf
 
arm-none-eabi-objdump -h -S  code.elf  > "code.list"
arm-none-eabi-objcopy  -O binary  code.elf  "code.bin"
arm-none-eabi-size   code.elf 
   text	   data	    bss	    dec	    hex	filename
  59420	    840	  79144	 139404	  2208c	code.elf
Finished building: default.size.stdout
 
Finished building: code.bin
 
Finished building: code.list
 
02:06:01 **** Incremental Build of configuration Debug for project code ****
make -j4 all 
arm-none-eabi-gcc "../Core/Src/oscilloscope.c" -mcpu=cortex-m4 -std=gnu11 -g3 -DUSE_HAL_DRIVER -DSTM32L476xx -DDEBUG -c -I../Core/Inc -I../Drivers/STM32L4xx_HAL_Driver/Inc -I../Drivers/STM32L4xx_HAL_Driver/Inc/Legacy -I../Drivers/CMSIS/Device/ST/STM32L4xx/Include -I../Drivers/CMSIS/Include -I../fonts -O0 -ffunction-sections -fdata-sections -Wall -fstack-usage -MMD -MP -MF"Core/Src/oscilloscope.d" -MT"Core/Src/oscilloscope.o" --specs=nano.specs -mfpu=fpv4-sp-d16 -mfloat-abi=hard -mthumb -o "Core/Src/oscilloscope.o"
../Core/Src/oscilloscope.c: In function 'oscilloscopeInit':
../Core/Src/oscilloscope.c:31:2: warning: implicit declaration of function 'memcpy' [-Wimplicit-function-declaration]
  memcpy(osc->timeBaseArray, timeBaseArray, sizeof(timeBaseArray));
  ^~~~~~
../Core/Src/oscilloscope.c:31:2: warning: incompatible implicit declaration of built-in function 'memcpy'
../Core/Src/oscilloscope.c:31:2: note: include '<string.h>' or provide a declaration of 'memcpy'
../Core/Src/oscilloscope.c: In function 'displayTimeBase':
../Core/Src/oscilloscope.c:166:20: warning: format '%d' expects argument of type 'int', but argument 3 has type 'uint64_t {aka long long unsigned int}' [-Wformat=]
    sprintf(buf,"H %dus", osc->timeBase_us);
                   ~^     ~~~~~~~~~~~~~~~~
                   %lld
../Core/Src/oscilloscope.c:169:19: warning: format '%d' expects argument of type 'int', but argument 3 has type 'uint64_t {aka long long unsigned int}' [-Wformat=]
   sprintf(buf,"H %dms", osc->timeBase_us/1000);
                  ~^     ~~~~~~~~~~~~~~~~~~~~~
                  %lld
../Core/Src/oscilloscope.c:171:19: warning: format '%d' expects argument of type 'int', but argument 3 has type 'uint64_t {aka long long unsigned int}' [-Wformat=]
   sprintf(buf,"H %ds", osc->timeBase_us/1000000);
                  ~^    ~~~~~~~~~~~~~~~~~~~~~~~~
                  %lld
../Core/Src/oscilloscope.c: In function 'serveTouchScreen':
../Core/Src/oscilloscope.c:264:2: warning: enumeration value 'SelectionTIME_BASE' not handled in switch [-Wswitch]
  switch(osc->selection){
  ^~~~~~
../Core/Src/oscilloscope.c:264:2: warning: enumeration value 'SelectionTRIGGER' not handled in switch [-Wswitch]
../Core/Src/oscilloscope.c:264:2: warning: enumeration value 'SelectionMEASUREMENTS' not handled in switch [-Wswitch]
../Core/Src/oscilloscope.c: In function 'serveEncoder':
../Core/Src/oscilloscope.c:314:2: warning: enumeration value 'SelectionTRIGGER' not handled in switch [-Wswitch]
  switch(osc->selection){
  ^~~~~~
../Core/Src/oscilloscope.c:314:2: warning: enumeration value 'SelectionMAIN_MENU' not handled in switch [-Wswitch]
../Core/Src/oscilloscope.c:314:2: warning: enumeration value 'SelectionCURSORS_CHANGE_CHANNEL' not handled in switch [-Wswitch]
../Core/Src/oscilloscope.c:314:2: warning: enumeration value 'SelectionCURSORS_VERTICAL' not handled in switch [-Wswitch]
../Core/Src/oscilloscope.c:314:2: warning: enumeration value 'SelectionCURSORS_HORIZONTAL' not handled in switch [-Wswitch]
../Core/Src/oscilloscope.c:314:2: warning: enumeration value 'SelectionFFT' not handled in switch [-Wswitch]
../Core/Src/oscilloscope.c:314:2: warning: enumeration value 'SelectionMEASUREMENTS' not handled in switch [-Wswitch]
../Core/Src/oscilloscope.c: In function 'drawMenu':
../Core/Src/oscilloscope.c:372:47: warning: passing argument 5 of 'drawImageTransparentColored' from incompatible pointer type [-Wincompatible-pointer-types]
  drawImageTransparentColored(447, 81,  8, 15, arrowUpDown, color1);
                                               ^~~~~~~~~~~
In file included from ../Core/Inc/oscilloscope.h:16:0,
                 from ../Core/Src/oscilloscope.c:9:
../Core/Inc/ili9488.h:165:6: note: expected 'const uint8_t * {aka const unsigned char *}' but argument is of type 'uint8_t (*)[8] {aka unsigned char (*)[8]}'
 void drawImageTransparentColored(uint16_t x, uint16_t y, uint16_t w, uint16_t h, const uint8_t* img, uint8_t color);
      ^~~~~~~~~~~~~~~~~~~~~~~~~~~
../Core/Src/oscilloscope.c:376:48: warning: passing argument 5 of 'drawImageTransparentColored' from incompatible pointer type [-Wincompatible-pointer-types]
  drawImageTransparentColored(447, 142,  8, 15, arrowUpDown, color2);
                                                ^~~~~~~~~~~
In file included from ../Core/Inc/oscilloscope.h:16:0,
                 from ../Core/Src/oscilloscope.c:9:
../Core/Inc/ili9488.h:165:6: note: expected 'const uint8_t * {aka const unsigned char *}' but argument is of type 'uint8_t (*)[8] {aka unsigned char (*)[8]}'
 void drawImageTransparentColored(uint16_t x, uint16_t y, uint16_t w, uint16_t h, const uint8_t* img, uint8_t color);
      ^~~~~~~~~~~~~~~~~~~~~~~~~~~
../Core/Src/oscilloscope.c:378:47: warning: passing argument 5 of 'drawImageTransparentColored' from incompatible pointer type [-Wincompatible-pointer-types]
  drawImageTransparentColored(443, 187, 15, 7, arrowLeftRight, color3);
                                               ^~~~~~~~~~~~~~
In file included from ../Core/Inc/oscilloscope.h:16:0,
                 from ../Core/Src/oscilloscope.c:9:
../Core/Inc/ili9488.h:165:6: note: expected 'const uint8_t * {aka const unsigned char *}' but argument is of type 'uint8_t (*)[15] {aka unsigned char (*)[15]}'
 void drawImageTransparentColored(uint16_t x, uint16_t y, uint16_t w, uint16_t h, const uint8_t* img, uint8_t color);
      ^~~~~~~~~~~~~~~~~~~~~~~~~~~
../Core/Src/oscilloscope.c: In function 'drawCursorsMenu':
../Core/Src/oscilloscope.c:435:48: warning: passing argument 5 of 'drawImageTransparentColored' from incompatible pointer type [-Wincompatible-pointer-types]
   drawImageTransparentColored(443, 112, 15, 7, arrowLeftRight, GREY);
                                                ^~~~~~~~~~~~~~
In file included from ../Core/Inc/oscilloscope.h:16:0,
                 from ../Core/Src/oscilloscope.c:9:
../Core/Inc/ili9488.h:165:6: note: expected 'const uint8_t * {aka const unsigned char *}' but argument is of type 'uint8_t (*)[15] {aka unsigned char (*)[15]}'
 void drawImageTransparentColored(uint16_t x, uint16_t y, uint16_t w, uint16_t h, const uint8_t* img, uint8_t color);
      ^~~~~~~~~~~~~~~~~~~~~~~~~~~
../Core/Src/oscilloscope.c:436:48: warning: passing argument 5 of 'drawImageTransparentColored' from incompatible pointer type [-Wincompatible-pointer-types]
   drawImageTransparentColored(447, 148, 8, 15, arrowUpDown, GREY);
                                                ^~~~~~~~~~~
In file included from ../Core/Inc/oscilloscope.h:16:0,
                 from ../Core/Src/oscilloscope.c:9:
../Core/Inc/ili9488.h:165:6: note: expected 'const uint8_t * {aka const unsigned char *}' but argument is of type 'uint8_t (*)[8] {aka unsigned char (*)[8]}'
 void drawImageTransparentColored(uint16_t x, uint16_t y, uint16_t w, uint16_t h, const uint8_t* img, uint8_t color);
      ^~~~~~~~~~~~~~~~~~~~~~~~~~~
../Core/Src/oscilloscope.c:439:48: warning: passing argument 5 of 'drawImageTransparentColored' from incompatible pointer type [-Wincompatible-pointer-types]
   drawImageTransparentColored(443, 112, 15, 7, arrowLeftRight, WHITE);
                                                ^~~~~~~~~~~~~~
In file included from ../Core/Inc/oscilloscope.h:16:0,
                 from ../Core/Src/oscilloscope.c:9:
../Core/Inc/ili9488.h:165:6: note: expected 'const uint8_t * {aka const unsigned char *}' but argument is of type 'uint8_t (*)[15] {aka unsigned char (*)[15]}'
 void drawImageTransparentColored(uint16_t x, uint16_t y, uint16_t w, uint16_t h, const uint8_t* img, uint8_t color);
      ^~~~~~~~~~~~~~~~~~~~~~~~~~~
../Core/Src/oscilloscope.c:440:48: warning: passing argument 5 of 'drawImageTransparentColored' from incompatible pointer type [-Wincompatible-pointer-types]
   drawImageTransparentColored(447, 148, 8, 15, arrowUpDown, GREY);
                                                ^~~~~~~~~~~
In file included from ../Core/Inc/oscilloscope.h:16:0,
                 from ../Core/Src/oscilloscope.c:9:
../Core/Inc/ili9488.h:165:6: note: expected 'const uint8_t * {aka const unsigned char *}' but argument is of type 'uint8_t (*)[8] {aka unsigned char (*)[8]}'
 void drawImageTransparentColored(uint16_t x, uint16_t y, uint16_t w, uint16_t h, const uint8_t* img, uint8_t color);
      ^~~~~~~~~~~~~~~~~~~~~~~~~~~
../Core/Src/oscilloscope.c:443:48: warning: passing argument 5 of 'drawImageTransparentColored' from incompatible pointer type [-Wincompatible-pointer-types]
   drawImageTransparentColored(443, 112, 15, 7, arrowLeftRight, GREY);
                                                ^~~~~~~~~~~~~~
In file included from ../Core/Inc/oscilloscope.h:16:0,
                 from ../Core/Src/oscilloscope.c:9:
../Core/Inc/ili9488.h:165:6: note: expected 'const uint8_t * {aka const unsigned char *}' but argument is of type 'uint8_t (*)[15] {aka unsigned char (*)[15]}'
 void drawImageTransparentColored(uint16_t x, uint16_t y, uint16_t w, uint16_t h, const uint8_t* img, uint8_t color);
      ^~~~~~~~~~~~~~~~~~~~~~~~~~~
../Core/Src/oscilloscope.c:444:48: warning: passing argument 5 of 'drawImageTransparentColored' from incompatible pointer type [-Wincompatible-pointer-types]
   drawImageTransparentColored(447, 148, 8, 15, arrowUpDown, WHITE);
                                                ^~~~~~~~~~~
In file included from ../Core/Inc/oscilloscope.h:16:0,
                 from ../Core/Src/oscilloscope.c:9:
../Core/Inc/ili9488.h:165:6: note: expected 'const uint8_t * {aka const unsigned char *}' but argument is of type 'uint8_t (*)[8] {aka unsigned char (*)[8]}'
 void drawImageTransparentColored(uint16_t x, uint16_t y, uint16_t w, uint16_t h, const uint8_t* img, uint8_t color);
      ^~~~~~~~~~~~~~~~~~~~~~~~~~~
../Core/Src/oscilloscope.c: In function 'drawMeasurements':
../Core/Src/oscilloscope.c:468:50: warning: pointer targets in passing argument 1 of 'calculate_peak_to_peak' differ in signedness [-Wpointer-sign]
   sprintf(buf,"Vpp=%dmV", calculate_peak_to_peak(osc->ch1.waveform));
                                                  ^~~
../Core/Src/oscilloscope.c:62:5: note: expected 'int16_t * {aka short int *}' but argument is of type 'uint16_t * {aka short unsigned int *}'
 int calculate_peak_to_peak(int16_t waveform[MEMORY_DEPTH]){
     ^~~~~~~~~~~~~~~~~~~~~~
../Core/Src/oscilloscope.c:470:42: warning: pointer targets in passing argument 1 of 'calculate_RMS' differ in signedness [-Wpointer-sign]
   sprintf(buf,"Vrms=%dmV", calculate_RMS(osc->ch1.waveform));
                                          ^~~
../Core/Src/oscilloscope.c:73:5: note: expected 'int16_t * {aka short int *}' but argument is of type 'uint16_t * {aka short unsigned int *}'
 int calculate_RMS(int16_t waveform[MEMORY_DEPTH]) {
     ^~~~~~~~~~~~~
../Core/Src/oscilloscope.c:474:50: warning: pointer targets in passing argument 1 of 'calculate_peak_to_peak' differ in signedness [-Wpointer-sign]
   sprintf(buf,"Vpp=%dmV", calculate_peak_to_peak(osc->ch2.waveform));
                                                  ^~~
../Core/Src/oscilloscope.c:62:5: note: expected 'int16_t * {aka short int *}' but argument is of type 'uint16_t * {aka short unsigned int *}'
 int calculate_peak_to_peak(int16_t waveform[MEMORY_DEPTH]){
     ^~~~~~~~~~~~~~~~~~~~~~
../Core/Src/oscilloscope.c:476:42: warning: pointer targets in passing argument 1 of 'calculate_RMS' differ in signedness [-Wpointer-sign]
   sprintf(buf,"Vrms=%dmV", calculate_RMS(osc->ch2.waveform));
                                          ^~~
../Core/Src/oscilloscope.c:73:5: note: expected 'int16_t * {aka short int *}' but argument is of type 'uint16_t * {aka short unsigned int *}'
 int calculate_RMS(int16_t waveform[MEMORY_DEPTH]) {
     ^~~~~~~~~~~~~
arm-none-eabi-gcc -o "code.elf" @"objects.list"   -mcpu=cortex-m4 -T"C:\Users\kamil\Documents\PROJECTS - repos\KD-23MTS\code\STM32L476RGTX_FLASH.ld" --specs=nosys.specs -Wl,-Map="code.map" -Wl,--gc-sections -static --specs=nano.specs -mfpu=fpv4-sp-d16 -mfloat-abi=hard -mthumb -u _printf_float -Wl,--start-group -lc -lm -Wl,--end-group
Finished building target: code.elf
 
arm-none-eabi-objdump -h -S  code.elf  > "code.list"
arm-none-eabi-objcopy  -O binary  code.elf  "code.bin"
arm-none-eabi-size   code.elf 
   text	   data	    bss	    dec	    hex	filename
  59420	    840	  79144	 139404	  2208c	code.elf
Finished building: default.size.stdout
 
Finished building: code.bin
 
Finished building: code.list
 
02:06:34 **** Incremental Build of configuration Debug for project code ****
make -j4 all 
arm-none-eabi-gcc "../Core/Src/oscilloscope.c" -mcpu=cortex-m4 -std=gnu11 -g3 -DUSE_HAL_DRIVER -DSTM32L476xx -DDEBUG -c -I../Core/Inc -I../Drivers/STM32L4xx_HAL_Driver/Inc -I../Drivers/STM32L4xx_HAL_Driver/Inc/Legacy -I../Drivers/CMSIS/Device/ST/STM32L4xx/Include -I../Drivers/CMSIS/Include -I../fonts -O0 -ffunction-sections -fdata-sections -Wall -fstack-usage -MMD -MP -MF"Core/Src/oscilloscope.d" -MT"Core/Src/oscilloscope.o" --specs=nano.specs -mfpu=fpv4-sp-d16 -mfloat-abi=hard -mthumb -o "Core/Src/oscilloscope.o"
../Core/Src/oscilloscope.c: In function 'oscilloscopeInit':
../Core/Src/oscilloscope.c:31:2: warning: implicit declaration of function 'memcpy' [-Wimplicit-function-declaration]
  memcpy(osc->timeBaseArray, timeBaseArray, sizeof(timeBaseArray));
  ^~~~~~
../Core/Src/oscilloscope.c:31:2: warning: incompatible implicit declaration of built-in function 'memcpy'
../Core/Src/oscilloscope.c:31:2: note: include '<string.h>' or provide a declaration of 'memcpy'
../Core/Src/oscilloscope.c: In function 'displayTimeBase':
../Core/Src/oscilloscope.c:166:20: warning: format '%d' expects argument of type 'int', but argument 3 has type 'uint64_t {aka long long unsigned int}' [-Wformat=]
    sprintf(buf,"H %dus", osc->timeBase_us);
                   ~^     ~~~~~~~~~~~~~~~~
                   %lld
../Core/Src/oscilloscope.c:169:19: warning: format '%d' expects argument of type 'int', but argument 3 has type 'uint64_t {aka long long unsigned int}' [-Wformat=]
   sprintf(buf,"H %dms", osc->timeBase_us/1000);
                  ~^     ~~~~~~~~~~~~~~~~~~~~~
                  %lld
../Core/Src/oscilloscope.c:171:19: warning: format '%d' expects argument of type 'int', but argument 3 has type 'uint64_t {aka long long unsigned int}' [-Wformat=]
   sprintf(buf,"H %ds", osc->timeBase_us/1000000);
                  ~^    ~~~~~~~~~~~~~~~~~~~~~~~~
                  %lld
../Core/Src/oscilloscope.c: In function 'serveTouchScreen':
../Core/Src/oscilloscope.c:264:2: warning: enumeration value 'SelectionTIME_BASE' not handled in switch [-Wswitch]
  switch(osc->selection){
  ^~~~~~
../Core/Src/oscilloscope.c:264:2: warning: enumeration value 'SelectionTRIGGER' not handled in switch [-Wswitch]
../Core/Src/oscilloscope.c:264:2: warning: enumeration value 'SelectionMEASUREMENTS' not handled in switch [-Wswitch]
../Core/Src/oscilloscope.c: In function 'serveEncoder':
../Core/Src/oscilloscope.c:314:2: warning: enumeration value 'SelectionTRIGGER' not handled in switch [-Wswitch]
  switch(osc->selection){
  ^~~~~~
../Core/Src/oscilloscope.c:314:2: warning: enumeration value 'SelectionMAIN_MENU' not handled in switch [-Wswitch]
../Core/Src/oscilloscope.c:314:2: warning: enumeration value 'SelectionCURSORS_CHANGE_CHANNEL' not handled in switch [-Wswitch]
../Core/Src/oscilloscope.c:314:2: warning: enumeration value 'SelectionCURSORS_VERTICAL' not handled in switch [-Wswitch]
../Core/Src/oscilloscope.c:314:2: warning: enumeration value 'SelectionCURSORS_HORIZONTAL' not handled in switch [-Wswitch]
[...]
 void drawImageTransparentColored(uint16_t x, uint16_t y, uint16_t w, uint16_t h, const uint8_t* img, uint8_t color);
      ^~~~~~~~~~~~~~~~~~~~~~~~~~~
../Core/Src/oscilloscope.c: In function 'drawCursorsMenu':
../Core/Src/oscilloscope.c:438:48: warning: passing argument 5 of 'drawImageTransparentColored' from incompatible pointer type [-Wincompatible-pointer-types]
   drawImageTransparentColored(443, 109, 15, 7, arrowLeftRight, GREY);
                                                ^~~~~~~~~~~~~~
In file included from ../Core/Inc/oscilloscope.h:16:0,
                 from ../Core/Src/oscilloscope.c:9:
../Core/Inc/ili9488.h:165:6: note: expected 'const uint8_t * {aka const unsigned char *}' but argument is of type 'uint8_t (*)[15] {aka unsigned char (*)[15]}'
 void drawImageTransparentColored(uint16_t x, uint16_t y, uint16_t w, uint16_t h, const uint8_t* img, uint8_t color);
      ^~~~~~~~~~~~~~~~~~~~~~~~~~~
../Core/Src/oscilloscope.c:439:48: warning: passing argument 5 of 'drawImageTransparentColored' from incompatible pointer type [-Wincompatible-pointer-types]
   drawImageTransparentColored(447, 148, 8, 15, arrowUpDown, GREY);
                                                ^~~~~~~~~~~
In file included from ../Core/Inc/oscilloscope.h:16:0,
                 from ../Core/Src/oscilloscope.c:9:
../Core/Inc/ili9488.h:165:6: note: expected 'const uint8_t * {aka const unsigned char *}' but argument is of type 'uint8_t (*)[8] {aka unsigned char (*)[8]}'
 void drawImageTransparentColored(uint16_t x, uint16_t y, uint16_t w, uint16_t h, const uint8_t* img, uint8_t color);
      ^~~~~~~~~~~~~~~~~~~~~~~~~~~
../Core/Src/oscilloscope.c:442:48: warning: passing argument 5 of 'drawImageTransparentColored' from incompatible pointer type [-Wincompatible-pointer-types]
   drawImageTransparentColored(443, 109, 15, 7, arrowLeftRight, WHITE);
                                                ^~~~~~~~~~~~~~
In file included from ../Core/Inc/oscilloscope.h:16:0,
                 from ../Core/Src/oscilloscope.c:9:
../Core/Inc/ili9488.h:165:6: note: expected 'const uint8_t * {aka const unsigned char *}' but argument is of type 'uint8_t (*)[15] {aka unsigned char (*)[15]}'
 void drawImageTransparentColored(uint16_t x, uint16_t y, uint16_t w, uint16_t h, const uint8_t* img, uint8_t color);
      ^~~~~~~~~~~~~~~~~~~~~~~~~~~
../Core/Src/oscilloscope.c:443:48: warning: passing argument 5 of 'drawImageTransparentColored' from incompatible pointer type [-Wincompatible-pointer-types]
   drawImageTransparentColored(447, 148, 8, 15, arrowUpDown, GREY);
                                                ^~~~~~~~~~~
In file included from ../Core/Inc/oscilloscope.h:16:0,
                 from ../Core/Src/oscilloscope.c:9:
../Core/Inc/ili9488.h:165:6: note: expected 'const uint8_t * {aka const unsigned char *}' but argument is of type 'uint8_t (*)[8] {aka unsigned char (*)[8]}'
 void drawImageTransparentColored(uint16_t x, uint16_t y, uint16_t w, uint16_t h, const uint8_t* img, uint8_t color);
      ^~~~~~~~~~~~~~~~~~~~~~~~~~~
../Core/Src/oscilloscope.c:446:48: warning: passing argument 5 of 'drawImageTransparentColored' from incompatible pointer type [-Wincompatible-pointer-types]
   drawImageTransparentColored(443, 109, 15, 7, arrowLeftRight, GREY);
                                                ^~~~~~~~~~~~~~
In file included from ../Core/Inc/oscilloscope.h:16:0,
                 from ../Core/Src/oscilloscope.c:9:
../Core/Inc/ili9488.h:165:6: note: expected 'const uint8_t * {aka const unsigned char *}' but argument is of type 'uint8_t (*)[15] {aka unsigned char (*)[15]}'
 void drawImageTransparentColored(uint16_t x, uint16_t y, uint16_t w, uint16_t h, const uint8_t* img, uint8_t color);
      ^~~~~~~~~~~~~~~~~~~~~~~~~~~
../Core/Src/oscilloscope.c:447:48: warning: passing argument 5 of 'drawImageTransparentColored' from incompatible pointer type [-Wincompatible-pointer-types]
   drawImageTransparentColored(447, 148, 8, 15, arrowUpDown, WHITE);
                                                ^~~~~~~~~~~
In file included from ../Core/Inc/oscilloscope.h:16:0,
                 from ../Core/Src/oscilloscope.c:9:
../Core/Inc/ili9488.h:165:6: note: expected 'const uint8_t * {aka const unsigned char *}' but argument is of type 'uint8_t (*)[8] {aka unsigned char (*)[8]}'
 void drawImageTransparentColored(uint16_t x, uint16_t y, uint16_t w, uint16_t h, const uint8_t* img, uint8_t color);
      ^~~~~~~~~~~~~~~~~~~~~~~~~~~
../Core/Src/oscilloscope.c: In function 'drawMeasurements':
../Core/Src/oscilloscope.c:471:50: warning: pointer targets in passing argument 1 of 'calculate_peak_to_peak' differ in signedness [-Wpointer-sign]
   sprintf(buf,"Vpp=%dmV", calculate_peak_to_peak(osc->ch1.waveform));
                                                  ^~~
../Core/Src/oscilloscope.c:62:5: note: expected 'int16_t * {aka short int *}' but argument is of type 'uint16_t * {aka short unsigned int *}'
 int calculate_peak_to_peak(int16_t waveform[MEMORY_DEPTH]){
     ^~~~~~~~~~~~~~~~~~~~~~
../Core/Src/oscilloscope.c:473:42: warning: pointer targets in passing argument 1 of 'calculate_RMS' differ in signedness [-Wpointer-sign]
   sprintf(buf,"Vrms=%dmV", calculate_RMS(osc->ch1.waveform));
                                          ^~~
../Core/Src/oscilloscope.c:73:5: note: expected 'int16_t * {aka short int *}' but argument is of type 'uint16_t * {aka short unsigned int *}'
 int calculate_RMS(int16_t waveform[MEMORY_DEPTH]) {
     ^~~~~~~~~~~~~
../Core/Src/oscilloscope.c:477:50: warning: pointer targets in passing argument 1 of 'calculate_peak_to_peak' differ in signedness [-Wpointer-sign]
   sprintf(buf,"Vpp=%dmV", calculate_peak_to_peak(osc->ch2.waveform));
                                                  ^~~
../Core/Src/oscilloscope.c:62:5: note: expected 'int16_t * {aka short int *}' but argument is of type 'uint16_t * {aka short unsigned int *}'
 int calculate_peak_to_peak(int16_t waveform[MEMORY_DEPTH]){
     ^~~~~~~~~~~~~~~~~~~~~~
../Core/Src/oscilloscope.c:479:42: warning: pointer targets in passing argument 1 of 'calculate_RMS' differ in signedness [-Wpointer-sign]
   sprintf(buf,"Vrms=%dmV", calculate_RMS(osc->ch2.waveform));
                                          ^~~
../Core/Src/oscilloscope.c:73:5: note: expected 'int16_t * {aka short int *}' but argument is of type 'uint16_t * {aka short unsigned int *}'
 int calculate_RMS(int16_t waveform[MEMORY_DEPTH]) {
     ^~~~~~~~~~~~~
arm-none-eabi-gcc -o "code.elf" @"objects.list"   -mcpu=cortex-m4 -T"C:\Users\kamil\Documents\PROJECTS - repos\KD-23MTS\code\STM32L476RGTX_FLASH.ld" --specs=nosys.specs -Wl,-Map="code.map" -Wl,--gc-sections -static --specs=nano.specs -mfpu=fpv4-sp-d16 -mfloat-abi=hard -mthumb -u _printf_float -Wl,--start-group -lc -lm -Wl,--end-group
Finished building target: code.elf
 
arm-none-eabi-objdump -h -S  code.elf  > "code.list"
arm-none-eabi-objcopy  -O binary  code.elf  "code.bin"
arm-none-eabi-size   code.elf 
   text	   data	    bss	    dec	    hex	filename
  59420	    840	  79144	 139404	  2208c	code.elf
Finished building: default.size.stdout
 
Finished building: code.bin
 
Finished building: code.list
 
02:15:34 **** Incremental Build of configuration Debug for project code ****
make -j4 all 
arm-none-eabi-gcc "../Core/Src/oscilloscope.c" -mcpu=cortex-m4 -std=gnu11 -g3 -DUSE_HAL_DRIVER -DSTM32L476xx -DDEBUG -c -I../Core/Inc -I../Drivers/STM32L4xx_HAL_Driver/Inc -I../Drivers/STM32L4xx_HAL_Driver/Inc/Legacy -I../Drivers/CMSIS/Device/ST/STM32L4xx/Include -I../Drivers/CMSIS/Include -I../fonts -O0 -ffunction-sections -fdata-sections -Wall -fstack-usage -MMD -MP -MF"Core/Src/oscilloscope.d" -MT"Core/Src/oscilloscope.o" --specs=nano.specs -mfpu=fpv4-sp-d16 -mfloat-abi=hard -mthumb -o "Core/Src/oscilloscope.o"
../Core/Src/oscilloscope.c: In function 'oscilloscopeInit':
../Core/Src/oscilloscope.c:31:2: warning: implicit declaration of function 'memcpy' [-Wimplicit-function-declaration]
  memcpy(osc->timeBaseArray, timeBaseArray, sizeof(timeBaseArray));
  ^~~~~~
../Core/Src/oscilloscope.c:31:2: warning: incompatible implicit declaration of built-in function 'memcpy'
../Core/Src/oscilloscope.c:31:2: note: include '<string.h>' or provide a declaration of 'memcpy'
../Core/Src/oscilloscope.c: In function 'displayTimeBase':
../Core/Src/oscilloscope.c:166:20: warning: format '%d' expects argument of type 'int', but argument 3 has type 'uint64_t {aka long long unsigned int}' [-Wformat=]
    sprintf(buf,"H %dus", osc->timeBase_us);
                   ~^     ~~~~~~~~~~~~~~~~
                   %lld
../Core/Src/oscilloscope.c:169:19: warning: format '%d' expects argument of type 'int', but argument 3 has type 'uint64_t {aka long long unsigned int}' [-Wformat=]
   sprintf(buf,"H %dms", osc->timeBase_us/1000);
                  ~^     ~~~~~~~~~~~~~~~~~~~~~
                  %lld
../Core/Src/oscilloscope.c:171:19: warning: format '%d' expects argument of type 'int', but argument 3 has type 'uint64_t {aka long long unsigned int}' [-Wformat=]
   sprintf(buf,"H %ds", osc->timeBase_us/1000000);
                  ~^    ~~~~~~~~~~~~~~~~~~~~~~~~
                  %lld
../Core/Src/oscilloscope.c: In function 'serveTouchScreen':
../Core/Src/oscilloscope.c:264:2: warning: enumeration value 'SelectionTIME_BASE' not handled in switch [-Wswitch]
  switch(osc->selection){
  ^~~~~~
../Core/Src/oscilloscope.c:264:2: warning: enumeration value 'SelectionTRIGGER' not handled in switch [-Wswitch]
../Core/Src/oscilloscope.c:264:2: warning: enumeration value 'SelectionMEASUREMENTS' not handled in switch [-Wswitch]
../Core/Src/oscilloscope.c: In function 'serveEncoder':
../Core/Src/oscilloscope.c:314:2: warning: enumeration value 'SelectionTRIGGER' not handled in switch [-Wswitch]
  switch(osc->selection){
  ^~~~~~
../Core/Src/oscilloscope.c:314:2: warning: enumeration value 'SelectionMAIN_MENU' not handled in switch [-Wswitch]
../Core/Src/oscilloscope.c:314:2: warning: enumeration value 'SelectionCURSORS_CHANGE_CHANNEL' not handled in switch [-Wswitch]
../Core/Src/oscilloscope.c:314:2: warning: enumeration value 'SelectionCURSORS_VERTICAL' not handled in switch [-Wswitch]
../Core/Src/oscilloscope.c:314:2: warning: enumeration value 'SelectionCURSORS_HORIZONTAL' not handled in switch [-Wswitch]
../Core/Src/oscilloscope.c:314:2: warning: enumeration value 'SelectionFFT' not handled in switch [-Wswitch]
../Core/Src/oscilloscope.c:314:2: warning: enumeration value 'SelectionMEASUREMENTS' not handled in switch [-Wswitch]
../Core/Src/oscilloscope.c: In function 'drawMenu':
../Core/Src/oscilloscope.c:372:47: warning: passing argument 5 of 'drawImageTransparentColored' from incompatible pointer type [-Wincompatible-pointer-types]
  drawImageTransparentColored(447, 81,  8, 15, arrowUpDown, color1);
                                               ^~~~~~~~~~~
In file included from ../Core/Inc/oscilloscope.h:16:0,
                 from ../Core/Src/oscilloscope.c:9:
../Core/Inc/ili9488.h:165:6: note: expected 'const uint8_t * {aka const unsigned char *}' but argument is of type 'uint8_t (*)[8] {aka unsigned char (*)[8]}'
 void drawImageTransparentColored(uint16_t x, uint16_t y, uint16_t w, uint16_t h, const uint8_t* img, uint8_t color);
      ^~~~~~~~~~~~~~~~~~~~~~~~~~~
../Core/Src/oscilloscope.c:376:48: warning: passing argument 5 of 'drawImageTransparentColored' from incompatible pointer type [-Wincompatible-pointer-types]
  drawImageTransparentColored(447, 142,  8, 15, arrowUpDown, color2);
                                                ^~~~~~~~~~~
In file included from ../Core/Inc/oscilloscope.h:16:0,
                 from ../Core/Src/oscilloscope.c:9:
../Core/Inc/ili9488.h:165:6: note: expected 'const uint8_t * {aka const unsigned char *}' but argument is of type 'uint8_t (*)[8] {aka unsigned char (*)[8]}'
 void drawImageTransparentColored(uint16_t x, uint16_t y, uint16_t w, uint16_t h, const uint8_t* img, uint8_t color);
      ^~~~~~~~~~~~~~~~~~~~~~~~~~~
../Core/Src/oscilloscope.c:378:47: warning: passing argument 5 of 'drawImageTransparentColored' from incompatible pointer type [-Wincompatible-pointer-types]
  drawImageTransparentColored(443, 187, 15, 7, arrowLeftRight, color3);
                                               ^~~~~~~~~~~~~~
In file included from ../Core/Inc/oscilloscope.h:16:0,
                 from ../Core/Src/oscilloscope.c:9:
../Core/Inc/ili9488.h:165:6: note: expected 'const uint8_t * {aka const unsigned char *}' but argument is of type 'uint8_t (*)[15] {aka unsigned char (*)[15]}'
 void drawImageTransparentColored(uint16_t x, uint16_t y, uint16_t w, uint16_t h, const uint8_t* img, uint8_t color);
      ^~~~~~~~~~~~~~~~~~~~~~~~~~~
../Core/Src/oscilloscope.c: In function 'drawCursorsMenu':
../Core/Src/oscilloscope.c:438:48: warning: passing argument 5 of 'drawImageTransparentColored' from incompatible pointer type [-Wincompatible-pointer-types]
   drawImageTransparentColored(443, 109, 15, 7, arrowLeftRight, GREY);
                                                ^~~~~~~~~~~~~~
In file included from ../Core/Inc/oscilloscope.h:16:0,
                 from ../Core/Src/oscilloscope.c:9:
../Core/Inc/ili9488.h:165:6: note: expected 'const uint8_t * {aka const unsigned char *}' but argument is of type 'uint8_t (*)[15] {aka unsigned char (*)[15]}'
 void drawImageTransparentColored(uint16_t x, uint16_t y, uint16_t w, uint16_t h, const uint8_t* img, uint8_t color);
      ^~~~~~~~~~~~~~~~~~~~~~~~~~~
../Core/Src/oscilloscope.c:439:48: warning: passing argument 5 of 'drawImageTransparentColored' from incompatible pointer type [-Wincompatible-pointer-types]
   drawImageTransparentColored(447, 148, 8, 15, arrowUpDown, GREY);
                                                ^~~~~~~~~~~
In file included from ../Core/Inc/oscilloscope.h:16:0,
                 from ../Core/Src/oscilloscope.c:9:
../Core/Inc/ili9488.h:165:6: note: expected 'const uint8_t * {aka const unsigned char *}' but argument is of type 'uint8_t (*)[8] {aka unsigned char (*)[8]}'
 void drawImageTransparentColored(uint16_t x, uint16_t y, uint16_t w, uint16_t h, const uint8_t* img, uint8_t color);
      ^~~~~~~~~~~~~~~~~~~~~~~~~~~
../Core/Src/oscilloscope.c:442:48: warning: passing argument 5 of 'drawImageTransparentColored' from incompatible pointer type [-Wincompatible-pointer-types]
   drawImageTransparentColored(443, 109, 15, 7, arrowLeftRight, WHITE);
                                                ^~~~~~~~~~~~~~
In file included from ../Core/Inc/oscilloscope.h:16:0,
                 from ../Core/Src/oscilloscope.c:9:
../Core/Inc/ili9488.h:165:6: note: expected 'const uint8_t * {aka const unsigned char *}' but argument is of type 'uint8_t (*)[15] {aka unsigned char (*)[15]}'
 void drawImageTransparentColored(uint16_t x, uint16_t y, uint16_t w, uint16_t h, const uint8_t* img, uint8_t color);
      ^~~~~~~~~~~~~~~~~~~~~~~~~~~
../Core/Src/oscilloscope.c:443:48: warning: passing argument 5 of 'drawImageTransparentColored' from incompatible pointer type [-Wincompatible-pointer-types]
   drawImageTransparentColored(447, 148, 8, 15, arrowUpDown, GREY);
                                                ^~~~~~~~~~~
In file included from ../Core/Inc/oscilloscope.h:16:0,
                 from ../Core/Src/oscilloscope.c:9:
../Core/Inc/ili9488.h:165:6: note: expected 'const uint8_t * {aka const unsigned char *}' but argument is of type 'uint8_t (*)[8] {aka unsigned char (*)[8]}'
 void drawImageTransparentColored(uint16_t x, uint16_t y, uint16_t w, uint16_t h, const uint8_t* img, uint8_t color);
      ^~~~~~~~~~~~~~~~~~~~~~~~~~~
../Core/Src/oscilloscope.c:446:48: warning: passing argument 5 of 'drawImageTransparentColored' from incompatible pointer type [-Wincompatible-pointer-types]
   drawImageTransparentColored(443, 109, 15, 7, arrowLeftRight, GREY);
                                                ^~~~~~~~~~~~~~
In file included from ../Core/Inc/oscilloscope.h:16:0,
                 from ../Core/Src/oscilloscope.c:9:
../Core/Inc/ili9488.h:165:6: note: expected 'const uint8_t * {aka const unsigned char *}' but argument is of type 'uint8_t (*)[15] {aka unsigned char (*)[15]}'
 void drawImageTransparentColored(uint16_t x, uint16_t y, uint16_t w, uint16_t h, const uint8_t* img, uint8_t color);
      ^~~~~~~~~~~~~~~~~~~~~~~~~~~
../Core/Src/oscilloscope.c:447:48: warning: passing argument 5 of 'drawImageTransparentColored' from incompatible pointer type [-Wincompatible-pointer-types]
   drawImageTransparentColored(447, 148, 8, 15, arrowUpDown, WHITE);
                                                ^~~~~~~~~~~
In file included from ../Core/Inc/oscilloscope.h:16:0,
                 from ../Core/Src/oscilloscope.c:9:
../Core/Inc/ili9488.h:165:6: note: expected 'const uint8_t * {aka const unsigned char *}' but argument is of type 'uint8_t (*)[8] {aka unsigned char (*)[8]}'
 void drawImageTransparentColored(uint16_t x, uint16_t y, uint16_t w, uint16_t h, const uint8_t* img, uint8_t color);
      ^~~~~~~~~~~~~~~~~~~~~~~~~~~
../Core/Src/oscilloscope.c: In function 'drawMeasurements':
../Core/Src/oscilloscope.c:471:50: warning: pointer targets in passing argument 1 of 'calculate_peak_to_peak' differ in signedness [-Wpointer-sign]
   sprintf(buf,"Vpp=%dmV", calculate_peak_to_peak(osc->ch1.waveform));
                                                  ^~~
../Core/Src/oscilloscope.c:62:5: note: expected 'int16_t * {aka short int *}' but argument is of type 'uint16_t * {aka short unsigned int *}'
 int calculate_peak_to_peak(int16_t waveform[MEMORY_DEPTH]){
     ^~~~~~~~~~~~~~~~~~~~~~
../Core/Src/oscilloscope.c:473:42: warning: pointer targets in passing argument 1 of 'calculate_RMS' differ in signedness [-Wpointer-sign]
   sprintf(buf,"Vrms=%dmV", calculate_RMS(osc->ch1.waveform));
                                          ^~~
../Core/Src/oscilloscope.c:73:5: note: expected 'int16_t * {aka short int *}' but argument is of type 'uint16_t * {aka short unsigned int *}'
 int calculate_RMS(int16_t waveform[MEMORY_DEPTH]) {
     ^~~~~~~~~~~~~
../Core/Src/oscilloscope.c:477:50: warning: pointer targets in passing argument 1 of 'calculate_peak_to_peak' differ in signedness [-Wpointer-sign]
   sprintf(buf,"Vpp=%dmV", calculate_peak_to_peak(osc->ch2.waveform));
                                                  ^~~
../Core/Src/oscilloscope.c:62:5: note: expected 'int16_t * {aka short int *}' but argument is of type 'uint16_t * {aka short unsigned int *}'
 int calculate_peak_to_peak(int16_t waveform[MEMORY_DEPTH]){
     ^~~~~~~~~~~~~~~~~~~~~~
../Core/Src/oscilloscope.c:479:42: warning: pointer targets in passing argument 1 of 'calculate_RMS' differ in signedness [-Wpointer-sign]
   sprintf(buf,"Vrms=%dmV", calculate_RMS(osc->ch2.waveform));
                                          ^~~
../Core/Src/oscilloscope.c:73:5: note: expected 'int16_t * {aka short int *}' but argument is of type 'uint16_t * {aka short unsigned int *}'
 int calculate_RMS(int16_t waveform[MEMORY_DEPTH]) {
     ^~~~~~~~~~~~~
arm-none-eabi-gcc -o "code.elf" @"objects.list"   -mcpu=cortex-m4 -T"C:\Users\kamil\Documents\PROJECTS - repos\KD-23MTS\code\STM32L476RGTX_FLASH.ld" --specs=nosys.specs -Wl,-Map="code.map" -Wl,--gc-sections -static --specs=nano.specs -mfpu=fpv4-sp-d16 -mfloat-abi=hard -mthumb -u _printf_float -Wl,--start-group -lc -lm -Wl,--end-group
Finished building target: code.elf
 
arm-none-eabi-objdump -h -S  code.elf  > "code.list"
arm-none-eabi-objcopy  -O binary  code.elf  "code.bin"
arm-none-eabi-size   code.elf 
   text	   data	    bss	    dec	    hex	filename
  59420	    840	  79144	 139404	  2208c	code.elf
Finished building: default.size.stdout
 
Finished building: code.bin
 
Finished building: code.list
 
02:15:56 **** Incremental Build of configuration Debug for project code ****
make -j4 all 
arm-none-eabi-size   code.elf 
   text	   data	    bss	    dec	    hex	filename
  59420	    840	  79144	 139404	  2208c	code.elf
Finished building: default.size.stdout
 
