10:40:49 **** Incremental Build of configuration Debug for project code ****
make -j4 all 
arm-none-eabi-gcc "../Core/Src/oscilloscope.c" -mcpu=cortex-m4 -std=gnu11 -g3 -DUSE_HAL_DRIVER -DSTM32L476xx -DDEBUG -c -I../Core/Inc -I../Drivers/STM32L4xx_HAL_Driver/Inc -I../Drivers/STM32L4xx_HAL_Driver/Inc/Legacy -I../Drivers/CMSIS/Device/ST/STM32L4xx/Include -I../Drivers/CMSIS/Include -I../fonts -O0 -ffunction-sections -fdata-sections -Wall -fstack-usage -MMD -MP -MF"Core/Src/oscilloscope.d" -MT"Core/Src/oscilloscope.o" --specs=nano.specs -mfpu=fpv4-sp-d16 -mfloat-abi=hard -mthumb -o "Core/Src/oscilloscope.o"
../Core/Src/oscilloscope.c: In function 'displayHorizontallOffset':
../Core/Src/oscilloscope.c:219:46: warning: passing argument 5 of 'drawImageTransparentColored' from incompatible pointer type [-Wincompatible-pointer-types]
  drawImageTransparentColored(358, 11, 15, 7, arrowLeftRight, WHITE);
                                              ^~~~~~~~~~~~~~
In file included from ../Core/Inc/oscilloscope.h:16:0,
                 from ../Core/Src/oscilloscope.c:9:
../Core/Inc/ili9488.h:165:6: note: expected 'const uint8_t * {aka const unsigned char *}' but argument is of type 'const uint8_t (*)[15] {aka const unsigned char (*)[15]}'
 void drawImageTransparentColored(uint16_t x, uint16_t y, uint16_t w, uint16_t h, const uint8_t* img, uint8_t color);
      ^~~~~~~~~~~~~~~~~~~~~~~~~~~
../Core/Src/oscilloscope.c: In function 'serveTouchScreen':
../Core/Src/oscilloscope.c:362:17: warning: passing argument 1 of 'calculateFFT' from incompatible pointer type [-Wincompatible-pointer-types]
    calculateFFT(osc->ch1.waveform_raw_adc, sampling_frequency);
                 ^~~
In file included from ../Core/Src/oscilloscope.c:9:0:
../Core/Inc/oscilloscope.h:175:6: note: expected 'uint32_t * {aka long unsigned int *}' but argument is of type 'uint16_t * {aka short unsigned int *}'
 void calculateFFT(uint32_t *waveform, uint32_t sampling_frequency);
      ^~~~~~~~~~~~
../Core/Src/oscilloscope.c:364:17: warning: passing argument 1 of 'calculateFFT' from incompatible pointer type [-Wincompatible-pointer-types]
    calculateFFT(osc->ch2.waveform_raw_adc, sampling_frequency);
                 ^~~
In file included from ../Core/Src/oscilloscope.c:9:0:
../Core/Inc/oscilloscope.h:175:6: note: expected 'uint32_t * {aka long unsigned int *}' but argument is of type 'uint16_t * {aka short unsigned int *}'
 void calculateFFT(uint32_t *waveform, uint32_t sampling_frequency);
      ^~~~~~~~~~~~
../Core/Src/oscilloscope.c:317:2: warning: enumeration value 'SelectionTIME_BASE' not handled in switch [-Wswitch]
  switch(osc->selection){
  ^~~~~~
../Core/Src/oscilloscope.c:317:2: warning: enumeration value 'SelectionMOVE_WAVEFORMS_HORIZONTALLY' not handled in switch [-Wswitch]
../Core/Src/oscilloscope.c:317:2: warning: enumeration value 'SelectedRUN_STOP' not handled in switch [-Wswitch]
../Core/Src/oscilloscope.c: In function 'serveEncoder':
../Core/Src/oscilloscope.c:458:2: warning: enumeration value 'SelectionMAIN_MENU' not handled in switch [-Wswitch]
  switch(osc->selection){
  ^~~~~~
../Core/Src/oscilloscope.c:458:2: warning: enumeration value 'SelectionCURSORS_CHANGE_CHANNEL' not handled in switch [-Wswitch]
../Core/Src/oscilloscope.c:458:2: warning: enumeration value 'SelectionFFT' not handled in switch [-Wswitch]
../Core/Src/oscilloscope.c:458:2: warning: enumeration value 'SelectionFFT_CHANGE_CHANNEL' not handled in switch [-Wswitch]
../Core/Src/oscilloscope.c:458:2: warning: enumeration value 'SelectedRUN_STOP' not handled in switch [-Wswitch]
../Core/Src/oscilloscope.c: In function 'drawMenu':
../Core/Src/oscilloscope.c:549:47: warning: passing argument 5 of 'drawImageTransparentColored' from incompatible pointer type [-Wincompatible-pointer-types]
  drawImageTransparentColored(447, 81,  8, 15, arrowUpDown, color1);
                                               ^~~~~~~~~~~
In file included from ../Core/Inc/oscilloscope.h:16:0,
                 from ../Core/Src/oscilloscope.c:9:
../Core/Inc/ili9488.h:165:6: note: expected 'const uint8_t * {aka const unsigned char *}' but argument is of type 'const uint8_t (*)[8] {aka const unsigned char (*)[8]}'
 void drawImageTransparentColored(uint16_t x, uint16_t y, uint16_t w, uint16_t h, const uint8_t* img, uint8_t color);
      ^~~~~~~~~~~~~~~~~~~~~~~~~~~
../Core/Src/oscilloscope.c:553:48: warning: passing argument 5 of 'drawImageTransparentColored' from incompatible pointer type [-Wincompatible-pointer-types]
  drawImageTransparentColored(447, 142,  8, 15, arrowUpDown, color2);
                                                ^~~~~~~~~~~
In file included from ../Core/Inc/oscilloscope.h:16:0,
                 from ../Core/Src/oscilloscope.c:9:
../Core/Inc/ili9488.h:165:6: note: expected 'const uint8_t * {aka const unsigned char *}' but argument is of type 'const uint8_t (*)[8] {aka const unsigned char (*)[8]}'
 void drawImageTransparentColored(uint16_t x, uint16_t y, uint16_t w, uint16_t h, const uint8_t* img, uint8_t color);
      ^~~~~~~~~~~~~~~~~~~~~~~~~~~
../Core/Src/oscilloscope.c: In function 'drawCursorsMenu':
../Core/Src/oscilloscope.c:619:49: warning: passing argument 5 of 'drawImageTransparentColored' from incompatible pointer type [-Wincompatible-pointer-types]
    drawImageTransparentColored(443, 127, 15, 7, arrowLeftRight, GREY);
                                                 ^~~~~~~~~~~~~~
In file included from ../Core/Inc/oscilloscope.h:16:0,
                 from ../Core/Src/oscilloscope.c:9:
../Core/Inc/ili9488.h:165:6: note: expected 'const uint8_t * {aka const unsigned char *}' but argument is of type 'const uint8_t (*)[15] {aka const unsigned char (*)[15]}'
 void drawImageTransparentColored(uint16_t x, uint16_t y, uint16_t w, uint16_t h, const uint8_t* img, uint8_t color);
      ^~~~~~~~~~~~~~~~~~~~~~~~~~~
../Core/Src/oscilloscope.c:620:49: warning: passing argument 5 of 'drawImageTransparentColored' from incompatible pointer type [-Wincompatible-pointer-types]
    drawImageTransparentColored(447, 166, 8, 15, arrowUpDown, GREY);
                                                 ^~~~~~~~~~~
In file included from ../Core/Inc/oscilloscope.h:16:0,
                 from ../Core/Src/oscilloscope.c:9:
../Core/Inc/ili9488.h:165:6: note: expected 'const uint8_t * {aka const unsigned char *}' but argument is of type 'const uint8_t (*)[8] {aka const unsigned char (*)[8]}'
 void drawImageTransparentColored(uint16_t x, uint16_t y, uint16_t w, uint16_t h, const uint8_t* img, uint8_t color);
      ^~~~~~~~~~~~~~~~~~~~~~~~~~~
../Core/Src/oscilloscope.c:623:49: warning: passing argument 5 of 'drawImageTransparentColored' from incompatible pointer type [-Wincompatible-pointer-types]
    drawImageTransparentColored(443, 127, 15, 7, arrowLeftRight, WHITE);
                                                 ^~~~~~~~~~~~~~
In file included from ../Core/Inc/oscilloscope.h:16:0,
                 from ../Core/Src/oscilloscope.c:9:
../Core/Inc/ili9488.h:165:6: note: expected 'const uint8_t * {aka const unsigned char *}' but argument is of type 'const uint8_t (*)[15] {aka const unsigned char (*)[15]}'
 void drawImageTransparentColored(uint16_t x, uint16_t y, uint16_t w, uint16_t h, const uint8_t* img, uint8_t color);
      ^~~~~~~~~~~~~~~~~~~~~~~~~~~
../Core/Src/oscilloscope.c:624:49: warning: passing argument 5 of 'drawImageTransparentColored' from incompatible pointer type [-Wincompatible-pointer-types]
    drawImageTransparentColored(447, 166, 8, 15, arrowUpDown, GREY);
                                                 ^~~~~~~~~~~
In file included from ../Core/Inc/oscilloscope.h:16:0,
                 from ../Core/Src/oscilloscope.c:9:
../Core/Inc/ili9488.h:165:6: note: expected 'const uint8_t * {aka const unsigned char *}' but argument is of type 'const uint8_t (*)[8] {aka const unsigned char (*)[8]}'
 void drawImageTransparentColored(uint16_t x, uint16_t y, uint16_t w, uint16_t h, const uint8_t* img, uint8_t color);
      ^~~~~~~~~~~~~~~~~~~~~~~~~~~
../Core/Src/oscilloscope.c:630:18: warning: format '%d' expects argument of type 'int', but argument 3 has type 'int32_t {aka long int}' [-Wformat=]
    sprintf(buf,"%dus", osc->ch1.cursors.calculated_time);
                 ~^     ~~~~~~~~~~~~~~~~~~~~~~~~~~~~~~~~
                 %ld
../Core/Src/oscilloscope.c:634:32: warning: implicit declaration of function 'abs' [-Wimplicit-function-declaration]
    sprintf(buf,"%dHz", 1000000/abs(osc->ch1.cursors.calculated_time));
                                ^~~
../Core/Src/oscilloscope.c:637:49: warning: passing argument 5 of 'drawImageTransparentColored' from incompatible pointer type [-Wincompatible-pointer-types]
    drawImageTransparentColored(443, 127, 15, 7, arrowLeftRight, GREY);
                                                 ^~~~~~~~~~~~~~
In file included from ../Core/Inc/oscilloscope.h:16:0,
                 from ../Core/Src/oscilloscope.c:9:
../Core/Inc/ili9488.h:165:6: note: expected 'const uint8_t * {aka const unsigned char *}' but argument is of type 'const uint8_t (*)[15] {aka const unsigned char (*)[15]}'
 void drawImageTransparentColored(uint16_t x, uint16_t y, uint16_t w, uint16_t h, const uint8_t* img, uint8_t color);
      ^~~~~~~~~~~~~~~~~~~~~~~~~~~
../Core/Src/oscilloscope.c:638:49: warning: passing argument 5 of 'drawImageTransparentColored' from incompatible pointer type [-Wincompatible-pointer-types]
    drawImageTransparentColored(447, 166, 8, 15, arrowUpDown, WHITE);
                                                 ^~~~~~~~~~~
In file included from ../Core/Inc/oscilloscope.h:16:0,
                 from ../Core/Src/oscilloscope.c:9:
../Core/Inc/ili9488.h:165:6: note: expected 'const uint8_t * {aka const unsigned char *}' but argument is of type 'const uint8_t (*)[8] {aka const unsigned char (*)[8]}'
 void drawImageTransparentColored(uint16_t x, uint16_t y, uint16_t w, uint16_t h, const uint8_t* img, uint8_t color);
      ^~~~~~~~~~~~~~~~~~~~~~~~~~~
../Core/Src/oscilloscope.c:644:18: warning: format '%d' expects argument of type 'int', but argument 3 has type 'int32_t {aka long int}' [-Wformat=]
    sprintf(buf,"%dmV", osc->ch1.cursors.calculated_voltage);
                 ~^     ~~~~~~~~~~~~~~~~~~~~~~~~~~~~~~~~~~~
                 %ld
../Core/Src/oscilloscope.c:666:49: warning: passing argument 5 of 'drawImageTransparentColored' from incompatible pointer type [-Wincompatible-pointer-types]
    drawImageTransparentColored(443, 127, 15, 7, arrowLeftRight, GREY);
                                                 ^~~~~~~~~~~~~~
In file included from ../Core/Inc/oscilloscope.h:16:0,
                 from ../Core/Src/oscilloscope.c:9:
../Core/Inc/ili9488.h:165:6: note: expected 'const uint8_t * {aka const unsigned char *}' but argument is of type 'const uint8_t (*)[15] {aka const unsigned char (*)[15]}'
 void drawImageTransparentColored(uint16_t x, uint16_t y, uint16_t w, uint16_t h, const uint8_t* img, uint8_t color);
      ^~~~~~~~~~~~~~~~~~~~~~~~~~~
../Core/Src/oscilloscope.c:667:49: warning: passing argument 5 of 'drawImageTransparentColored' from incompatible pointer type [-Wincompatible-pointer-types]
    drawImageTransparentColored(447, 166, 8, 15, arrowUpDown, GREY);
                                                 ^~~~~~~~~~~
In file included from ../Core/Inc/oscilloscope.h:16:0,
                 from ../Core/Src/oscilloscope.c:9:
../Core/Inc/ili9488.h:165:6: note: expected 'const uint8_t * {aka const unsigned char *}' but argument is of type 'const uint8_t (*)[8] {aka const unsigned char (*)[8]}'
 void drawImageTransparentColored(uint16_t x, uint16_t y, uint16_t w, uint16_t h, const uint8_t* img, uint8_t color);
      ^~~~~~~~~~~~~~~~~~~~~~~~~~~
../Core/Src/oscilloscope.c:669:49: warning: passing argument 5 of 'drawImageTransparentColored' from incompatible pointer type [-Wincompatible-pointer-types]
    drawImageTransparentColored(443, 127, 15, 7, arrowLeftRight, WHITE);
                                                 ^~~~~~~~~~~~~~
In file included from ../Core/Inc/oscilloscope.h:16:0,
                 from ../Core/Src/oscilloscope.c:9:
../Core/Inc/ili9488.h:165:6: note: expected 'const uint8_t * {aka const unsigned char *}' but argument is of type 'const uint8_t (*)[15] {aka const unsigned char (*)[15]}'
 void drawImageTransparentColored(uint16_t x, uint16_t y, uint16_t w, uint16_t h, const uint8_t* img, uint8_t color);
      ^~~~~~~~~~~~~~~~~~~~~~~~~~~
../Core/Src/oscilloscope.c:670:49: warning: passing argument 5 of 'drawImageTransparentColored' from incompatible pointer type [-Wincompatible-pointer-types]
    drawImageTransparentColored(447, 166, 8, 15, arrowUpDown, GREY);
                                                 ^~~~~~~~~~~
In file included from ../Core/Inc/oscilloscope.h:16:0,
                 from ../Core/Src/oscilloscope.c:9:
../Core/Inc/ili9488.h:165:6: note: expected 'const uint8_t * {aka const unsigned char *}' but argument is of type 'const uint8_t (*)[8] {aka const unsigned char (*)[8]}'
 void drawImageTransparentColored(uint16_t x, uint16_t y, uint16_t w, uint16_t h, const uint8_t* img, uint8_t color);
      ^~~~~~~~~~~~~~~~~~~~~~~~~~~
../Core/Src/oscilloscope.c:676:18: warning: format '%d' expects argument of type 'int', but argument 3 has type 'int32_t {aka long int}' [-Wformat=]
    sprintf(buf,"%dus", osc->ch2.cursors.calculated_time);
                 ~^     ~~~~~~~~~~~~~~~~~~~~~~~~~~~~~~~~
                 %ld
../Core/Src/oscilloscope.c:683:49: warning: passing argument 5 of 'drawImageTransparentColored' from incompatible pointer type [-Wincompatible-pointer-types]
    drawImageTransparentColored(443, 127, 15, 7, arrowLeftRight, GREY);
                                                 ^~~~~~~~~~~~~~
In file included from ../Core/Inc/oscilloscope.h:16:0,
                 from ../Core/Src/oscilloscope.c:9:
../Core/Inc/ili9488.h:165:6: note: expected 'const uint8_t * {aka const unsigned char *}' but argument is of type 'const uint8_t (*)[15] {aka const unsigned char (*)[15]}'
 void drawImageTransparentColored(uint16_t x, uint16_t y, uint16_t w, uint16_t h, const uint8_t* img, uint8_t color);
      ^~~~~~~~~~~~~~~~~~~~~~~~~~~
../Core/Src/oscilloscope.c:684:49: warning: passing argument 5 of 'drawImageTransparentColored' from incompatible pointer type [-Wincompatible-pointer-types]
    drawImageTransparentColored(447, 166, 8, 15, arrowUpDown, WHITE);
                                                 ^~~~~~~~~~~
In file included from ../Core/Inc/oscilloscope.h:16:0,
                 from ../Core/Src/oscilloscope.c:9:
../Core/Inc/ili9488.h:165:6: note: expected 'const uint8_t * {aka const unsigned char *}' but argument is of type 'const uint8_t (*)[8] {aka const unsigned char (*)[8]}'
 void drawImageTransparentColored(uint16_t x, uint16_t y, uint16_t w, uint16_t h, const uint8_t* img, uint8_t color);
      ^~~~~~~~~~~~~~~~~~~~~~~~~~~
../Core/Src/oscilloscope.c:690:18: warning: format '%d' expects argument of type 'int', but argument 3 has type 'int32_t {aka long int}' [-Wformat=]
    sprintf(buf,"%dmV", osc->ch2.cursors.calculated_voltage);
                 ~^     ~~~~~~~~~~~~~~~~~~~~~~~~~~~~~~~~~~~
                 %ld
../Core/Src/oscilloscope.c: In function 'drawFFTMenu':
../Core/Src/oscilloscope.c:716:34: warning: comparison between 'enum ActiveCursorChannel' and 'enum FFT_ActiveChannel' [-Wenum-compare]
  if(osc -> active_cursor_channel == FFT_Channel_1){
                                  ^~
../Core/Src/oscilloscope.c:718:40: warning: comparison between 'enum ActiveCursorChannel' and 'enum FFT_ActiveChannel' [-Wenum-compare]
  }else if(osc -> active_cursor_channel == FFT_Channel_2){
                                        ^~
../Core/Src/oscilloscope.c: In function 'calculateFFT':
../Core/Src/oscilloscope.c:750:23: warning: format '%d' expects argument of type 'int', but argument 2 has type 'double' [-Wformat=]
   printf("AMPLITUDA: %d\t:\t %d :freq\n\r", amplitude[i], frequency[i]);
                      ~^                     ~~~~~~~~~~~~
                      %f
../Core/Src/oscilloscope.c:750:31: warning: format '%d' expects argument of type 'int', but argument 3 has type 'double' [-Wformat=]
   printf("AMPLITUDA: %d\t:\t %d :freq\n\r", amplitude[i], frequency[i]);
                              ~^                           ~~~~~~~~~~~~
                              %f
../Core/Src/oscilloscope.c:730:7: warning: unused variable 'buff' [-Wunused-variable]
  char buff[20];
       ^~~~
../Core/Src/oscilloscope.c: In function 'fft':
../Core/Src/oscilloscope.c:764:34: warning: implicit declaration of function 'malloc' [-Wimplicit-function-declaration]
     Complex *X_even = (Complex *)malloc(N / 2 * sizeof(Complex));
                                  ^~~~~~
../Core/Src/oscilloscope.c:764:34: warning: incompatible implicit declaration of built-in function 'malloc'
../Core/Src/oscilloscope.c:764:34: note: include '<stdlib.h>' or provide a declaration of 'malloc'
../Core/Src/oscilloscope.c:786:5: warning: implicit declaration of function 'free' [-Wimplicit-function-declaration]
     free(X_even);
     ^~~~
../Core/Src/oscilloscope.c:786:5: warning: incompatible implicit declaration of built-in function 'free'
../Core/Src/oscilloscope.c:786:5: note: include '<stdlib.h>' or provide a declaration of 'free'
../Core/Src/oscilloscope.c: In function 'drawMeasurements':
../Core/Src/oscilloscope.c:805:21: warning: format '%d' expects argument of type 'int', but argument 3 has type 'uint32_t {aka long unsigned int}' [-Wformat=]
   sprintf(buf,"Vpp=%dmV", calculate_peak_to_peak(osc->ch1.waveform_display));
                    ~^     ~~~~~~~~~~~~~~~~~~~~~~~~~~~~~~~~~~~~~~~~~~~~~~~~~
                    %ld
../Core/Src/oscilloscope.c:807:22: warning: format '%d' expects argument of type 'int', but argument 3 has type 'uint32_t {aka long unsigned int}' [-Wformat=]
   sprintf(buf,"Vrms=%dmV", calculate_RMS(osc->ch1.waveform_display));
                     ~^     ~~~~~~~~~~~~~~~~~~~~~~~~~~~~~~~~~~~~~~~~
                     %ld
../Core/Src/oscilloscope.c:811:21: warning: format '%d' expects argument of type 'int', but argument 3 has type 'uint32_t {aka long unsigned int}' [-Wformat=]
   sprintf(buf,"Vpp=%dmV", calculate_peak_to_peak(osc->ch2.waveform_display));
                    ~^     ~~~~~~~~~~~~~~~~~~~~~~~~~~~~~~~~~~~~~~~~~~~~~~~~~
                    %ld
../Core/Src/oscilloscope.c:813:22: warning: format '%d' expects argument of type 'int', but argument 3 has type 'uint32_t {aka long unsigned int}' [-Wformat=]
   sprintf(buf,"Vrms=%dmV", calculate_RMS(osc->ch2.waveform_display));
                     ~^     ~~~~~~~~~~~~~~~~~~~~~~~~~~~~~~~~~~~~~~~~
                     %ld
../Core/Src/oscilloscope.c: In function 'drawTriggerIcon':
../Core/Src/oscilloscope.c:830:38: warning: passing argument 5 of 'drawImageTransparent' from incompatible pointer type [-Wincompatible-pointer-types]
  drawImageTransparent(405, 7, 9, 15, trigRisingIcon);
                                      ^~~~~~~~~~~~~~
In file included from ../Core/Inc/oscilloscope.h:16:0,
                 from ../Core/Src/oscilloscope.c:9:
../Core/Inc/ili9488.h:164:6: note: expected 'const uint8_t * {aka const unsigned char *}' but argument is of type 'const uint8_t (*)[9] {aka const unsigned char (*)[9]}'
 void drawImageTransparent(uint16_t x, uint16_t y, uint16_t w, uint16_t h, const uint8_t* img);
      ^~~~~~~~~~~~~~~~~~~~
arm-none-eabi-gcc -o "code.elf" @"objects.list"   -mcpu=cortex-m4 -T"C:\Users\kamil\Documents\PROJECTS - repos\KD-23MTS\code\STM32L476RGTX_FLASH.ld" --specs=nosys.specs -Wl,-Map="code.map" -Wl,--gc-sections -static --specs=nano.specs -mfpu=fpv4-sp-d16 -mfloat-abi=hard -mthumb -u _printf_float -Wl,--start-group -lc -lm -Wl,--end-group
Finished building target: code.elf
 
arm-none-eabi-objdump -h -S  code.elf  > "code.list"
arm-none-eabi-objcopy  -O binary  code.elf  "code.bin"
arm-none-eabi-size   code.elf 
   text	   data	    bss	    dec	    hex	filename
  78796	    616	  85936	 165348	  285e4	code.elf
Finished building: default.size.stdout
Finished building: code.bin
 
 
Finished building: code.list
 
